Archive member included to satisfy reference by file (symbol)

c:/program files (x86)/atmel/studio/7.0/toolchain/avr8/avr8-gnu-toolchain/bin/../lib/gcc/avr/5.4.0/../../../../avr/lib/avr5\libm.a(addsf3.o)
                              Sketch.o (__addsf3)
c:/program files (x86)/atmel/studio/7.0/toolchain/avr8/avr8-gnu-toolchain/bin/../lib/gcc/avr/5.4.0/../../../../avr/lib/avr5\libm.a(addsf3x.o)
                              c:/program files (x86)/atmel/studio/7.0/toolchain/avr8/avr8-gnu-toolchain/bin/../lib/gcc/avr/5.4.0/../../../../avr/lib/avr5\libm.a(addsf3.o) (__addsf3x)
c:/program files (x86)/atmel/studio/7.0/toolchain/avr8/avr8-gnu-toolchain/bin/../lib/gcc/avr/5.4.0/../../../../avr/lib/avr5\libm.a(cmpsf2.o)
                              Sketch.o (__nesf2)
c:/program files (x86)/atmel/studio/7.0/toolchain/avr8/avr8-gnu-toolchain/bin/../lib/gcc/avr/5.4.0/../../../../avr/lib/avr5\libm.a(divsf3.o)
                              Sketch.o (__divsf3)
c:/program files (x86)/atmel/studio/7.0/toolchain/avr8/avr8-gnu-toolchain/bin/../lib/gcc/avr/5.4.0/../../../../avr/lib/avr5\libm.a(divsf3x.o)
                              c:/program files (x86)/atmel/studio/7.0/toolchain/avr8/avr8-gnu-toolchain/bin/../lib/gcc/avr/5.4.0/../../../../avr/lib/avr5\libm.a(divsf3.o) (__divsf3x)
c:/program files (x86)/atmel/studio/7.0/toolchain/avr8/avr8-gnu-toolchain/bin/../lib/gcc/avr/5.4.0/../../../../avr/lib/avr5\libm.a(fixsfsi.o)
                              Sketch.o (__fixsfsi)
c:/program files (x86)/atmel/studio/7.0/toolchain/avr8/avr8-gnu-toolchain/bin/../lib/gcc/avr/5.4.0/../../../../avr/lib/avr5\libm.a(fixunssfsi.o)
                              Sketch.o (__fixunssfsi)
c:/program files (x86)/atmel/studio/7.0/toolchain/avr8/avr8-gnu-toolchain/bin/../lib/gcc/avr/5.4.0/../../../../avr/lib/avr5\libm.a(floatsisf.o)
                              Sketch.o (__floatunsisf)
c:/program files (x86)/atmel/studio/7.0/toolchain/avr8/avr8-gnu-toolchain/bin/../lib/gcc/avr/5.4.0/../../../../avr/lib/avr5\libm.a(fp_cmp.o)
                              c:/program files (x86)/atmel/studio/7.0/toolchain/avr8/avr8-gnu-toolchain/bin/../lib/gcc/avr/5.4.0/../../../../avr/lib/avr5\libm.a(cmpsf2.o) (__fp_cmp)
c:/program files (x86)/atmel/studio/7.0/toolchain/avr8/avr8-gnu-toolchain/bin/../lib/gcc/avr/5.4.0/../../../../avr/lib/avr5\libm.a(fp_inf.o)
                              c:/program files (x86)/atmel/studio/7.0/toolchain/avr8/avr8-gnu-toolchain/bin/../lib/gcc/avr/5.4.0/../../../../avr/lib/avr5\libm.a(addsf3x.o) (__fp_inf)
c:/program files (x86)/atmel/studio/7.0/toolchain/avr8/avr8-gnu-toolchain/bin/../lib/gcc/avr/5.4.0/../../../../avr/lib/avr5\libm.a(fp_nan.o)
                              c:/program files (x86)/atmel/studio/7.0/toolchain/avr8/avr8-gnu-toolchain/bin/../lib/gcc/avr/5.4.0/../../../../avr/lib/avr5\libm.a(addsf3x.o) (__fp_nan)
c:/program files (x86)/atmel/studio/7.0/toolchain/avr8/avr8-gnu-toolchain/bin/../lib/gcc/avr/5.4.0/../../../../avr/lib/avr5\libm.a(fp_pscA.o)
                              c:/program files (x86)/atmel/studio/7.0/toolchain/avr8/avr8-gnu-toolchain/bin/../lib/gcc/avr/5.4.0/../../../../avr/lib/avr5\libm.a(addsf3x.o) (__fp_pscA)
c:/program files (x86)/atmel/studio/7.0/toolchain/avr8/avr8-gnu-toolchain/bin/../lib/gcc/avr/5.4.0/../../../../avr/lib/avr5\libm.a(fp_pscB.o)
                              c:/program files (x86)/atmel/studio/7.0/toolchain/avr8/avr8-gnu-toolchain/bin/../lib/gcc/avr/5.4.0/../../../../avr/lib/avr5\libm.a(addsf3x.o) (__fp_pscB)
c:/program files (x86)/atmel/studio/7.0/toolchain/avr8/avr8-gnu-toolchain/bin/../lib/gcc/avr/5.4.0/../../../../avr/lib/avr5\libm.a(fp_round.o)
                              c:/program files (x86)/atmel/studio/7.0/toolchain/avr8/avr8-gnu-toolchain/bin/../lib/gcc/avr/5.4.0/../../../../avr/lib/avr5\libm.a(addsf3.o) (__fp_round)
c:/program files (x86)/atmel/studio/7.0/toolchain/avr8/avr8-gnu-toolchain/bin/../lib/gcc/avr/5.4.0/../../../../avr/lib/avr5\libm.a(fp_split3.o)
                              c:/program files (x86)/atmel/studio/7.0/toolchain/avr8/avr8-gnu-toolchain/bin/../lib/gcc/avr/5.4.0/../../../../avr/lib/avr5\libm.a(addsf3x.o) (__fp_split3)
c:/program files (x86)/atmel/studio/7.0/toolchain/avr8/avr8-gnu-toolchain/bin/../lib/gcc/avr/5.4.0/../../../../avr/lib/avr5\libm.a(fp_zero.o)
                              c:/program files (x86)/atmel/studio/7.0/toolchain/avr8/avr8-gnu-toolchain/bin/../lib/gcc/avr/5.4.0/../../../../avr/lib/avr5\libm.a(addsf3x.o) (__fp_zero)
c:/program files (x86)/atmel/studio/7.0/toolchain/avr8/avr8-gnu-toolchain/bin/../lib/gcc/avr/5.4.0/../../../../avr/lib/avr5\libm.a(mulsf3.o)
                              Sketch.o (__mulsf3)
c:/program files (x86)/atmel/studio/7.0/toolchain/avr8/avr8-gnu-toolchain/bin/../lib/gcc/avr/5.4.0/../../../../avr/lib/avr5\libm.a(mulsf3x.o)
                              c:/program files (x86)/atmel/studio/7.0/toolchain/avr8/avr8-gnu-toolchain/bin/../lib/gcc/avr/5.4.0/../../../../avr/lib/avr5\libm.a(mulsf3.o) (__mulsf3x)
[...]
Memory Configuration

Name             Origin             Length             Attributes
text             0x00000000         0x00020000         xr
data             0x00800060         0x0000ffa0         rw !x
eeprom           0x00810000         0x00010000         rw !x
fuse             0x00820000         0x00000003         rw !x
lock             0x00830000         0x00000400         rw !x
signature        0x00840000         0x00000400         rw !x
user_signatures  0x00850000         0x00000400         rw !x
*default*        0x00000000         0xffffffff

Linker script and memory map

Address of section .data set to 0x800100
LOAD C:/Program Files (x86)/Atmel/Studio/7.0/Packs/atmel/ATmega_DFP/1.2.209/gcc/dev/atmega328p/avr5/crtatmega328p.o
LOAD Sketch.o
START GROUP
LOAD c:/program files (x86)/atmel/studio/7.0/toolchain/avr8/avr8-gnu-toolchain/bin/../lib/gcc/avr/5.4.0/../../../../avr/lib/avr5\libm.a
LOAD C:\Users\Ethan\Documents\Atmel Studio\7.0\WaterDropper\WaterDropper\ArduinoCore\Debug\libArduinoCore.a
END GROUP
LOAD c:/program files (x86)/atmel/studio/7.0/toolchain/avr8/avr8-gnu-toolchain/bin/../lib/gcc/avr/5.4.0/avr5\libgcc.a
LOAD c:/program files (x86)/atmel/studio/7.0/toolchain/avr8/avr8-gnu-toolchain/bin/../lib/gcc/avr/5.4.0/../../../../avr/lib/avr5\libm.a
START GROUP
LOAD c:/program files (x86)/atmel/studio/7.0/toolchain/avr8/avr8-gnu-toolchain/bin/../lib/gcc/avr/5.4.0/avr5\libgcc.a
LOAD c:/program files (x86)/atmel/studio/7.0/toolchain/avr8/avr8-gnu-toolchain/bin/../lib/gcc/avr/5.4.0/../../../../avr/lib/avr5\libm.a
LOAD c:/program files (x86)/atmel/studio/7.0/toolchain/avr8/avr8-gnu-toolchain/bin/../lib/gcc/avr/5.4.0/../../../../avr/lib/avr5\libc.a
LOAD C:/Program Files (x86)/Atmel/Studio/7.0/Packs/atmel/ATmega_DFP/1.2.209/gcc/dev/atmega328p/avr5\libatmega328p.a
END GROUP
                0x00020000                __TEXT_REGION_LENGTH__ = DEFINED (__TEXT_REGION_LENGTH__)?__TEXT_REGION_LENGTH__:0x20000
                0x0000ffa0                __DATA_REGION_LENGTH__ = DEFINED (__DATA_REGION_LENGTH__)?__DATA_REGION_LENGTH__:0xffa0
                0x00010000                __EEPROM_REGION_LENGTH__ = DEFINED (__EEPROM_REGION_LENGTH__)?__EEPROM_REGION_LENGTH__:0x10000
                [0x00000003]                __FUSE_REGION_LENGTH__ = DEFINED (__FUSE_REGION_LENGTH__)?__FUSE_REGION_LENGTH__:0x400
                0x00000400                __LOCK_REGION_LENGTH__ = DEFINED (__LOCK_REGION_LENGTH__)?__LOCK_REGION_LENGTH__:0x400
                0x00000400                __SIGNATURE_REGION_LENGTH__ = DEFINED (__SIGNATURE_REGION_LENGTH__)?__SIGNATURE_REGION_LENGTH__:0x400
                0x00000400                __USER_SIGNATURE_REGION_LENGTH__ = DEFINED (__USER_SIGNATURE_REGION_LENGTH__)?__USER_SIGNATURE_REGION_LENGTH__:0x400

.hash
 *(.hash)

.dynsym
 *(.dynsym)

.dynstr
 *(.dynstr)

.gnu.version
 *(.gnu.version)

.gnu.version_d
 *(.gnu.version_d)

.gnu.version_r
 *(.gnu.version_r)

.rel.init
 *(.rel.init)

.rela.init
 *(.rela.init)

.rel.text
 *(.rel.text)
 *(.rel.text.*)
 *(.rel.gnu.linkonce.t*)

.rela.text
 *(.rela.text)
 *(.rela.text.*)
 *(.rela.gnu.linkonce.t*)

.rel.fini
 *(.rel.fini)

.rela.fini
 *(.rela.fini)

.rel.rodata
 *(.rel.rodata)
 *(.rel.rodata.*)
 *(.rel.gnu.linkonce.r*)

.rela.rodata
 *(.rela.rodata)
 *(.rela.rodata.*)
 *(.rela.gnu.linkonce.r*)

.rel.data
 *(.rel.data)
 *(.rel.data.*)
 *(.rel.gnu.linkonce.d*)

.rela.data
 *(.rela.data)
 *(.rela.data.*)
 *(.rela.gnu.linkonce.d*)

.rel.ctors
 *(.rel.ctors)

.rela.ctors
 *(.rela.ctors)

.rel.dtors
 *(.rel.dtors)

.rela.dtors
 *(.rela.dtors)

.rel.got
 *(.rel.got)

.rela.got
 *(.rela.got)

.rel.bss
 *(.rel.bss)

.rela.bss
 *(.rela.bss)

.rel.plt
 *(.rel.plt)

.rela.plt
 *(.rela.plt)

.text           0x00000000     0x4894
 *(.vectors)
 .vectors       0x00000000       0x68 C:/Program Files (x86)/Atmel/Studio/7.0/Packs/atmel/ATmega_DFP/1.2.209/gcc/dev/atmega328p/avr5/crtatmega328p.o
                0x00000000                __vector_default
                0x00000000                __vectors
 *(.vectors)
 *(.progmem.gcc*)
 .progmem.gcc_sw_table._Z11getLCDInputv
                0x00000068       0x2a Sketch.o
 .progmem.gcc_fplib
                0x00000092       0x28 c:/program files (x86)/atmel/studio/7.0/toolchain/avr8/avr8-gnu-toolchain/bin/../lib/gcc/avr/5.4.0/../../../../avr/lib/avr5\libm.a(exp.o)
 .progmem.gcc_fplib
                0x000000ba       0x5a c:/program files (x86)/atmel/studio/7.0/toolchain/avr8/avr8-gnu-toolchain/bin/../lib/gcc/avr/5.4.0/../../../../avr/lib/avr5\libm.a(log.o)
                0x00000114                . = ALIGN (0x2)
                0x00000114                __trampolines_start = .
 *(.trampolines)
 .trampolines   0x00000114        0x0 linker stubs
 *(.trampolines*)
                0x00000114                __trampolines_end = .
 *libprintf_flt.a:*(.progmem.data)
 *libc.a:*(.progmem.data)
 *(.progmem*)
 .progmem.data.digital_pin_to_timer_PGM
                0x00000114       0x14 C:\Users\Ethan\Documents\Atmel Studio\7.0\WaterDropper\WaterDropper\ArduinoCore\Debug\libArduinoCore.a(wiring_digital.o)
                0x00000114                digital_pin_to_timer_PGM
 .progmem.data.digital_pin_to_bit_mask_PGM
                0x00000128       0x14 C:\Users\Ethan\Documents\Atmel Studio\7.0\WaterDropper\WaterDropper\ArduinoCore\Debug\libArduinoCore.a(wiring_digital.o)
                0x00000128                digital_pin_to_bit_mask_PGM
 .progmem.data.digital_pin_to_port_PGM
                0x0000013c       0x14 C:\Users\Ethan\Documents\Atmel Studio\7.0\WaterDropper\WaterDropper\ArduinoCore\Debug\libArduinoCore.a(wiring_digital.o)
                0x0000013c                digital_pin_to_port_PGM
 .progmem.data.port_to_input_PGM
                0x00000150        0xa C:\Users\Ethan\Documents\Atmel Studio\7.0\WaterDropper\WaterDropper\ArduinoCore\Debug\libArduinoCore.a(wiring_digital.o)
                0x00000150                port_to_input_PGM
 .progmem.data.port_to_output_PGM
                0x0000015a        0xa C:\Users\Ethan\Documents\Atmel Studio\7.0\WaterDropper\WaterDropper\ArduinoCore\Debug\libArduinoCore.a(wiring_digital.o)
                0x0000015a                port_to_output_PGM
 .progmem.data.port_to_mode_PGM
                0x00000164        0xa C:\Users\Ethan\Documents\Atmel Studio\7.0\WaterDropper\WaterDropper\ArduinoCore\Debug\libArduinoCore.a(wiring_digital.o)
                0x00000164                port_to_mode_PGM
                0x0000016e                . = ALIGN (0x2)
 *(.jumptables)
 *(.jumptables*)
 *(.lowtext)
 *(.lowtext*)
                0x0000016e                __ctors_start = .
 *(.ctors)
 .ctors         0x0000016e        0x2 Sketch.o
 .ctors         0x00000170        0x2 C:\Users\Ethan\Documents\Atmel Studio\7.0\WaterDropper\WaterDropper\ArduinoCore\Debug\libArduinoCore.a(HardwareSerial0.o)
                0x00000172                __ctors_end = .
                0x00000172                __dtors_start = .
 *(.dtors)
                0x00000172                __dtors_end = .
 SORT(*)(.ctors)
 SORT(*)(.dtors)
 *(.init0)
 .init0         0x00000172        0x0 C:/Program Files (x86)/Atmel/Studio/7.0/Packs/atmel/ATmega_DFP/1.2.209/gcc/dev/atmega328p/avr5/crtatmega328p.o
                0x00000172                __init
 *(.init0)
 *(.init1)
 *(.init1)
 *(.init2)
 .init2         0x00000172        0xc C:/Program Files (x86)/Atmel/Studio/7.0/Packs/atmel/ATmega_DFP/1.2.209/gcc/dev/atmega328p/avr5/crtatmega328p.o
 *(.init2)
 *(.init3)
 *(.init3)
 *(.init4)
 .init4         0x0000017e       0x16 c:/program files (x86)/atmel/studio/7.0/toolchain/avr8/avr8-gnu-toolchain/bin/../lib/gcc/avr/5.4.0/avr5\libgcc.a(_copy_data.o)
                0x0000017e                __do_copy_data
 .init4         0x00000194       0x10 c:/program files (x86)/atmel/studio/7.0/toolchain/avr8/avr8-gnu-toolchain/bin/../lib/gcc/avr/5.4.0/avr5\libgcc.a(_clear_bss.o)
                0x00000194                __do_clear_bss
 *(.init4)
 *(.init5)
 *(.init5)
 *(.init6)
 .init6         0x000001a4       0x16 c:/program files (x86)/atmel/studio/7.0/toolchain/avr8/avr8-gnu-toolchain/bin/../lib/gcc/avr/5.4.0/avr5\libgcc.a(_ctors.o)
                0x000001a4                __do_global_ctors
 *(.init6)
 *(.init7)
 *(.init7)
 *(.init8)
 *(.init8)
 *(.init9)
 .init9         0x000001ba        0x8 C:/Program Files (x86)/Atmel/Studio/7.0/Packs/atmel/ATmega_DFP/1.2.209/gcc/dev/atmega328p/avr5/crtatmega328p.o
 *(.init9)
 *(.text)
 .text          0x000001c2        0x4 C:/Program Files (x86)/Atmel/Studio/7.0/Packs/atmel/ATmega_DFP/1.2.209/gcc/dev/atmega328p/avr5/crtatmega328p.o
                0x000001c2                __vector_22
                0x000001c2                __vector_1
                0x000001c2                __vector_24
                0x000001c2                __vector_12
                0x000001c2                __bad_interrupt
                0x000001c2                __vector_6
                0x000001c2                __vector_3
                0x000001c2                __vector_23
                0x000001c2                __vector_25
                0x000001c2                __vector_11
                0x000001c2                __vector_13
                0x000001c2                __vector_17
                0x000001c2                __vector_5
                0x000001c2                __vector_4
                0x000001c2                __vector_9
                0x000001c2                __vector_2
                0x000001c2                __vector_21
                0x000001c2                __vector_15
                0x000001c2                __vector_8
                0x000001c2                __vector_14
                0x000001c2                __vector_10
                0x000001c2                __vector_20
                0x000001c6                . = ALIGN (0x2)
 *(.text.*)
 .text._Z7calcTTTf
                0x000001c6       0x3a Sketch.o
                0x000001c6                _Z7calcTTTf
 .text._Z5shootv
                0x00000200       0x12 Sketch.o
                0x00000200                _Z5shootv
 .text._Z10readRemotev
                0x00000212      0x212 Sketch.o
                0x00000212                _Z10readRemotev
 .text._Z9clearCharPcss
                0x00000424       0x26 Sketch.o
                0x00000424                _Z9clearCharPcss
 .text._Z5emptyPcs
                0x0000044a       0x16 Sketch.o
                0x0000044a                _Z5emptyPcs
 .text.setup    0x00000460       0xb8 Sketch.o
                0x00000460                setup
 .text._Z12charToStringPcs
                0x00000518       0x8e Sketch.o
                0x00000518                _Z12charToStringPcs
 .text._Z9charToNumc
                0x000005a6       0x6e Sketch.o
                0x000005a6                _Z9charToNumc
 .text._Z11charToShortPcs
                0x00000614      0x164 Sketch.o
                0x00000614                _Z11charToShortPcs
 .text._Z11charToFloatPcs
                0x00000778      0x1ce Sketch.o
                0x00000778                _Z11charToFloatPcs
 .text._Z15checkParametersv
                0x00000946      0x108 Sketch.o
                0x00000946                _Z15checkParametersv
 .text._Z10printErrorv
                0x00000a4e       0x54 Sketch.o
                0x00000a4e                _Z10printErrorv
 .text._Z6insertPcssc
                0x00000aa2       0x5a Sketch.o
                0x00000aa2                _Z6insertPcssc
 .text._Z11getLCDInputv
                0x00000afc      0x5ce Sketch.o
                0x00000afc                _Z11getLCDInputv
 .text._Z9dropWaters
                0x000010ca       0x6c Sketch.o
                0x000010ca                _Z9dropWaters
 .text._Z9dropWatersss
                0x00001136       0xec Sketch.o
                0x00001136                _Z9dropWatersss
 .text.loop     0x00001222      0x236 Sketch.o
                0x00001222                loop
 .text.startup._GLOBAL__sub_I_fire
                0x00001458       0x32 Sketch.o
 .text.avr-libc.fplib
                0x0000148a        0xe c:/program files (x86)/atmel/studio/7.0/toolchain/avr8/avr8-gnu-toolchain/bin/../lib/gcc/avr/5.4.0/../../../../avr/lib/avr5\libm.a(addsf3.o)
                0x0000148a                __subsf3
                0x0000148c                __addsf3
 .text.avr-libc.fplib
                0x00001498       0xcc c:/program files (x86)/atmel/studio/7.0/toolchain/avr8/avr8-gnu-toolchain/bin/../lib/gcc/avr/5.4.0/../../../../avr/lib/avr5\libm.a(addsf3x.o)
                0x000014ba                __addsf3x
 .text.avr-libc.fplib
                0x00001564        0xa c:/program files (x86)/atmel/studio/7.0/toolchain/avr8/avr8-gnu-toolchain/bin/../lib/gcc/avr/5.4.0/../../../../avr/lib/avr5\libm.a(cmpsf2.o)
                0x00001564                __nesf2
                0x00001564                __eqsf2
                0x00001564                __cmpsf2
                0x00001564                __ltsf2
                0x00001564                __lesf2
 .text.avr-libc.fplib
                0x0000156e        0x8 c:/program files (x86)/atmel/studio/7.0/toolchain/avr8/avr8-gnu-toolchain/bin/../lib/gcc/avr/5.4.0/../../../../avr/lib/avr5\libm.a(divsf3.o)
                0x0000156e                __divsf3
 .text.avr-libc.fplib
                0x00001576       0xdc c:/program files (x86)/atmel/studio/7.0/toolchain/avr8/avr8-gnu-toolchain/bin/../lib/gcc/avr/5.4.0/../../../../avr/lib/avr5\libm.a(divsf3x.o)
                0x00001596                __divsf3x
                0x0000159c                __divsf3_pse
 .text.avr-libc.fplib
                0x00001652        0xe c:/program files (x86)/atmel/studio/7.0/toolchain/avr8/avr8-gnu-toolchain/bin/../lib/gcc/avr/5.4.0/../../../../avr/lib/avr5\libm.a(fixsfsi.o)
                0x00001652                __fixsfsi
 .text.avr-libc.fplib
                0x00001660       0x5e c:/program files (x86)/atmel/studio/7.0/toolchain/avr8/avr8-gnu-toolchain/bin/../lib/gcc/avr/5.4.0/../../../../avr/lib/avr5\libm.a(fixunssfsi.o)
                0x00001660                __fixunssfsi
 .text.avr-libc.fplib
                0x000016be       0x7a c:/program files (x86)/atmel/studio/7.0/toolchain/avr8/avr8-gnu-toolchain/bin/../lib/gcc/avr/5.4.0/../../../../avr/lib/avr5\libm.a(floatsisf.o)
                0x000016be                __floatunsisf
                0x000016c2                __floatsisf
 .text.avr-libc.fplib
                0x00001738       0x48 c:/program files (x86)/atmel/studio/7.0/toolchain/avr8/avr8-gnu-toolchain/bin/../lib/gcc/avr/5.4.0/../../../../avr/lib/avr5\libm.a(fp_cmp.o)
                0x00001738                __fp_cmp
 .text.avr-libc.fplib
                0x00001780        0xc c:/program files (x86)/atmel/studio/7.0/toolchain/avr8/avr8-gnu-toolchain/bin/../lib/gcc/avr/5.4.0/../../../../avr/lib/avr5\libm.a(fp_inf.o)
                0x00001780                __fp_inf
 .text.avr-libc.fplib
                0x0000178c        0x6 c:/program files (x86)/atmel/studio/7.0/toolchain/avr8/avr8-gnu-toolchain/bin/../lib/gcc/avr/5.4.0/../../../../avr/lib/avr5\libm.a(fp_nan.o)
                0x0000178c                __fp_nan
 .text.avr-libc.fplib
                0x00001792        0xe c:/program files (x86)/atmel/studio/7.0/toolchain/avr8/avr8-gnu-toolchain/bin/../lib/gcc/avr/5.4.0/../../../../avr/lib/avr5\libm.a(fp_pscA.o)
                0x00001792                __fp_pscA
 .text.avr-libc.fplib
                0x000017a0        0xe c:/program files (x86)/atmel/studio/7.0/toolchain/avr8/avr8-gnu-toolchain/bin/../lib/gcc/avr/5.4.0/../../../../avr/lib/avr5\libm.a(fp_pscB.o)
                0x000017a0                __fp_pscB
 .text.avr-libc.fplib
                0x000017ae       0x22 c:/program files (x86)/atmel/studio/7.0/toolchain/avr8/avr8-gnu-toolchain/bin/../lib/gcc/avr/5.4.0/../../../../avr/lib/avr5\libm.a(fp_round.o)
                0x000017ae                __fp_round
 .text.avr-libc.fplib
                0x000017d0       0x44 c:/program files (x86)/atmel/studio/7.0/toolchain/avr8/avr8-gnu-toolchain/bin/../lib/gcc/avr/5.4.0/../../../../avr/lib/avr5\libm.a(fp_split3.o)
                0x000017d0                __fp_split3
                0x000017e0                __fp_splitA
 .text.avr-libc.fplib
                0x00001814        0xe c:/program files (x86)/atmel/studio/7.0/toolchain/avr8/avr8-gnu-toolchain/bin/../lib/gcc/avr/5.4.0/../../../../avr/lib/avr5\libm.a(fp_zero.o)
                0x00001814                __fp_zero
                0x00001816                __fp_szero
 .text.avr-libc.fplib
                0x00001822        0x8 c:/program files (x86)/atmel/studio/7.0/toolchain/avr8/avr8-gnu-toolchain/bin/../lib/gcc/avr/5.4.0/../../../../avr/lib/avr5\libm.a(mulsf3.o)
                0x00001822                __mulsf3
 .text.avr-libc.fplib
                0x0000182a       0xd2 c:/program files (x86)/atmel/studio/7.0/toolchain/avr8/avr8-gnu-toolchain/bin/../lib/gcc/avr/5.4.0/../../../../avr/lib/avr5\libm.a(mulsf3x.o)
                0x00001848                __mulsf3x
                0x0000184e                __mulsf3_pse
 .text.avr-libc.fplib
                0x000018fc       0xa0 c:/program files (x86)/atmel/studio/7.0/toolchain/avr8/avr8-gnu-toolchain/bin/../lib/gcc/avr/5.4.0/../../../../avr/lib/avr5\libm.a(pow.o)
                0x000018fc                pow
 .text.avr-libc.fplib
                0x0000199c       0x8c c:/program files (x86)/atmel/studio/7.0/toolchain/avr8/avr8-gnu-toolchain/bin/../lib/gcc/avr/5.4.0/../../../../avr/lib/avr5\libm.a(sqrt.o)
                0x000019a8                sqrtf
                0x000019a8                sqrt
 .text.avr-libc.fplib
                0x00001a28       0x74 c:/program files (x86)/atmel/studio/7.0/toolchain/avr8/avr8-gnu-toolchain/bin/../lib/gcc/avr/5.4.0/../../../../avr/lib/avr5\libm.a(exp.o)
                0x00001a38                exp
 .text.avr-libc.fplib
                0x00001a9c       0x1c c:/program files (x86)/atmel/studio/7.0/toolchain/avr8/avr8-gnu-toolchain/bin/../lib/gcc/avr/5.4.0/../../../../avr/lib/avr5\libm.a(fp_mpack.o)
                0x00001a9c                __fp_mpack
                0x00001aa0                __fp_mpack_finite
 .text.avr-libc.fplib
                0x00001ab8        0xe c:/program files (x86)/atmel/studio/7.0/toolchain/avr8/avr8-gnu-toolchain/bin/../lib/gcc/avr/5.4.0/../../../../avr/lib/avr5\libm.a(fp_norm2.o)
                0x00001ab8                __fp_norm2
 .text.avr-libc.fplib
                0x00001ac6       0x4e c:/program files (x86)/atmel/studio/7.0/toolchain/avr8/avr8-gnu-toolchain/bin/../lib/gcc/avr/5.4.0/../../../../avr/lib/avr5\libm.a(fp_powser.o)
                0x00001ac6                __fp_powser
 .text.avr-libc.fplib
                0x00001b14       0x10 c:/program files (x86)/atmel/studio/7.0/toolchain/avr8/avr8-gnu-toolchain/bin/../lib/gcc/avr/5.4.0/../../../../avr/lib/avr5\libm.a(inverse.o)
                0x00001b14                inverse
 .text.avr-libc.fplib
                0x00001b24       0x74 c:/program files (x86)/atmel/studio/7.0/toolchain/avr8/avr8-gnu-toolchain/bin/../lib/gcc/avr/5.4.0/../../../../avr/lib/avr5\libm.a(ldexp.o)
                0x00001b2c                ldexp
 .text.avr-libc.fplib
                0x00001b98       0xa0 c:/program files (x86)/atmel/studio/7.0/toolchain/avr8/avr8-gnu-toolchain/bin/../lib/gcc/avr/5.4.0/../../../../avr/lib/avr5\libm.a(log.o)
                0x00001ba8                log
 .text.avr-libc.fplib
                0x00001c38       0x68 c:/program files (x86)/atmel/studio/7.0/toolchain/avr8/avr8-gnu-toolchain/bin/../lib/gcc/avr/5.4.0/../../../../avr/lib/avr5\libm.a(modf.o)
                0x00001c38                modf
                0x00001c38                modff
 .text._ZN14HardwareSerial9availableEv
                0x00001ca0       0x18 C:\Users\Ethan\Documents\Atmel Studio\7.0\WaterDropper\WaterDropper\ArduinoCore\Debug\libArduinoCore.a(HardwareSerial.o)
                0x00001ca0                _ZN14HardwareSerial9availableEv
 .text._ZN14HardwareSerial4peekEv
                0x00001cb8       0x1c C:\Users\Ethan\Documents\Atmel Studio\7.0\WaterDropper\WaterDropper\ArduinoCore\Debug\libArduinoCore.a(HardwareSerial.o)
                0x00001cb8                _ZN14HardwareSerial4peekEv
 .text._ZN14HardwareSerial4readEv
                0x00001cd4       0x28 C:\Users\Ethan\Documents\Atmel Studio\7.0\WaterDropper\WaterDropper\ArduinoCore\Debug\libArduinoCore.a(HardwareSerial.o)
                0x00001cd4                _ZN14HardwareSerial4readEv
 .text._ZN14HardwareSerial17availableForWriteEv
                0x00001cfc       0x1e C:\Users\Ethan\Documents\Atmel Studio\7.0\WaterDropper\WaterDropper\ArduinoCore\Debug\libArduinoCore.a(HardwareSerial.o)
                0x00001cfc                _ZN14HardwareSerial17availableForWriteEv
 .text._Z14serialEventRunv
                0x00001d1a       0x1c C:\Users\Ethan\Documents\Atmel Studio\7.0\WaterDropper\WaterDropper\ArduinoCore\Debug\libArduinoCore.a(HardwareSerial.o)
                0x00001d1a                _Z14serialEventRunv
 .text._ZN14HardwareSerial17_tx_udr_empty_irqEv
                0x00001d36       0x44 C:\Users\Ethan\Documents\Atmel Studio\7.0\WaterDropper\WaterDropper\ArduinoCore\Debug\libArduinoCore.a(HardwareSerial.o)
                0x00001d36                _ZN14HardwareSerial17_tx_udr_empty_irqEv
 .text._ZN14HardwareSerial5writeEh
                0x00001d7a       0x9a C:\Users\Ethan\Documents\Atmel Studio\7.0\WaterDropper\WaterDropper\ArduinoCore\Debug\libArduinoCore.a(HardwareSerial.o)
                0x00001d7a                _ZN14HardwareSerial5writeEh
 .text._ZN14HardwareSerial5flushEv
                0x00001e14       0x44 C:\Users\Ethan\Documents\Atmel Studio\7.0\WaterDropper\WaterDropper\ArduinoCore\Debug\libArduinoCore.a(HardwareSerial.o)
                0x00001e14                _ZN14HardwareSerial5flushEv
 .text._ZN14HardwareSerial5beginEmh
                0x00001e58       0xca C:\Users\Ethan\Documents\Atmel Studio\7.0\WaterDropper\WaterDropper\ArduinoCore\Debug\libArduinoCore.a(HardwareSerial.o)
                0x00001e58                _ZN14HardwareSerial5beginEmh
 .text._ZN5Print17availableForWriteEv
                0x00001f22        0x6 C:\Users\Ethan\Documents\Atmel Studio\7.0\WaterDropper\WaterDropper\ArduinoCore\Debug\libArduinoCore.a(HardwareSerial0.o)
                0x00001f22                _ZN5Print17availableForWriteEv
 .text._ZN5Print5flushEv
                0x00001f28        0x2 C:\Users\Ethan\Documents\Atmel Studio\7.0\WaterDropper\WaterDropper\ArduinoCore\Debug\libArduinoCore.a(HardwareSerial0.o)
                0x00001f28                _ZN5Print5flushEv
 .text.__vector_18
                0x00001f2a       0x64 C:\Users\Ethan\Documents\Atmel Studio\7.0\WaterDropper\WaterDropper\ArduinoCore\Debug\libArduinoCore.a(HardwareSerial0.o)
                0x00001f2a                __vector_18
 .text.__vector_19
                0x00001f8e       0x4c C:\Users\Ethan\Documents\Atmel Studio\7.0\WaterDropper\WaterDropper\ArduinoCore\Debug\libArduinoCore.a(HardwareSerial0.o)
                0x00001f8e                __vector_19
 .text._Z17Serial0_availablev
                0x00001fda       0x14 C:\Users\Ethan\Documents\Atmel Studio\7.0\WaterDropper\WaterDropper\ArduinoCore\Debug\libArduinoCore.a(HardwareSerial0.o)
                0x00001fda                _Z17Serial0_availablev
 .text.startup._GLOBAL__sub_I___vector_18
                0x00001fee       0x5a C:\Users\Ethan\Documents\Atmel Studio\7.0\WaterDropper\WaterDropper\ArduinoCore\Debug\libArduinoCore.a(HardwareSerial0.o)
 .text.initVariant
                0x00002048        0x2 C:\Users\Ethan\Documents\Atmel Studio\7.0\WaterDropper\WaterDropper\ArduinoCore\Debug\libArduinoCore.a(main.o)
                0x00002048                initVariant
 .text.startup.main
                0x0000204a       0x1e C:\Users\Ethan\Documents\Atmel Studio\7.0\WaterDropper\WaterDropper\ArduinoCore\Debug\libArduinoCore.a(main.o)
                0x0000204a                main
 .text._ZN5Print5writeEPKhj
                0x00002068       0x54 C:\Users\Ethan\Documents\Atmel Studio\7.0\WaterDropper\WaterDropper\ArduinoCore\Debug\libArduinoCore.a(Print.o)
                0x00002068                _ZN5Print5writeEPKhj
 .text._ZN5Print5writeEPKc
                0x000020bc       0x2a C:\Users\Ethan\Documents\Atmel Studio\7.0\WaterDropper\WaterDropper\ArduinoCore\Debug\libArduinoCore.a(Print.o)
                0x000020bc                _ZN5Print5writeEPKc
 .text._ZN5Print5printERK6String
                0x000020e6       0x1c C:\Users\Ethan\Documents\Atmel Studio\7.0\WaterDropper\WaterDropper\ArduinoCore\Debug\libArduinoCore.a(Print.o)
                0x000020e6                _ZN5Print5printERK6String
 .text._ZN5Print5printEPKc
                0x00002102        0x4 C:\Users\Ethan\Documents\Atmel Studio\7.0\WaterDropper\WaterDropper\ArduinoCore\Debug\libArduinoCore.a(Print.o)
                0x00002102                _ZN5Print5printEPKc
 .text._ZN5Print5printEc
                0x00002106        0xe C:\Users\Ethan\Documents\Atmel Studio\7.0\WaterDropper\WaterDropper\ArduinoCore\Debug\libArduinoCore.a(Print.o)
                0x00002106                _ZN5Print5printEc
 .text._ZN5Print7printlnEv
                0x00002114        0x8 C:\Users\Ethan\Documents\Atmel Studio\7.0\WaterDropper\WaterDropper\ArduinoCore\Debug\libArduinoCore.a(Print.o)
                0x00002114                _ZN5Print7printlnEv
 .text._ZN5Print7printlnEPKc
                0x0000211c       0x24 C:\Users\Ethan\Documents\Atmel Studio\7.0\WaterDropper\WaterDropper\ArduinoCore\Debug\libArduinoCore.a(Print.o)
                0x0000211c                _ZN5Print7printlnEPKc
 .text._ZN5Print11printNumberEmh
                0x00002140       0x92 C:\Users\Ethan\Documents\Atmel Studio\7.0\WaterDropper\WaterDropper\ArduinoCore\Debug\libArduinoCore.a(Print.o)
                0x00002140                _ZN5Print11printNumberEmh
 .text._ZN5Print5printEmi
                0x000021d2       0x1a C:\Users\Ethan\Documents\Atmel Studio\7.0\WaterDropper\WaterDropper\ArduinoCore\Debug\libArduinoCore.a(Print.o)
                0x000021d2                _ZN5Print5printEmi
 .text._ZN5Print7printlnEmi
                0x000021ec       0x24 C:\Users\Ethan\Documents\Atmel Studio\7.0\WaterDropper\WaterDropper\ArduinoCore\Debug\libArduinoCore.a(Print.o)
                0x000021ec                _ZN5Print7printlnEmi
 .text._ZN5Print5printEli
                0x00002210       0x90 C:\Users\Ethan\Documents\Atmel Studio\7.0\WaterDropper\WaterDropper\ArduinoCore\Debug\libArduinoCore.a(Print.o)
                0x00002210                _ZN5Print5printEli
 .text._ZN5Print5printEii
                0x000022a0        0xe C:\Users\Ethan\Documents\Atmel Studio\7.0\WaterDropper\WaterDropper\ArduinoCore\Debug\libArduinoCore.a(Print.o)
                0x000022a0                _ZN5Print5printEii
 .text._ZN5Print7printlnEii
                0x000022ae       0x24 C:\Users\Ethan\Documents\Atmel Studio\7.0\WaterDropper\WaterDropper\ArduinoCore\Debug\libArduinoCore.a(Print.o)
                0x000022ae                _ZN5Print7printlnEii
 .text.__vector_16
                0x000022d2       0x94 C:\Users\Ethan\Documents\Atmel Studio\7.0\WaterDropper\WaterDropper\ArduinoCore\Debug\libArduinoCore.a(wiring.o)
                0x000022d2                __vector_16
 .text.millis   0x00002366       0x18 C:\Users\Ethan\Documents\Atmel Studio\7.0\WaterDropper\WaterDropper\ArduinoCore\Debug\libArduinoCore.a(wiring.o)
                0x00002366                millis
 .text.micros   0x0000237e       0x4a C:\Users\Ethan\Documents\Atmel Studio\7.0\WaterDropper\WaterDropper\ArduinoCore\Debug\libArduinoCore.a(wiring.o)
                0x0000237e                micros
 .text.delay    0x000023c8       0x78 C:\Users\Ethan\Documents\Atmel Studio\7.0\WaterDropper\WaterDropper\ArduinoCore\Debug\libArduinoCore.a(wiring.o)
                0x000023c8                delay
 .text.delayMicroseconds
                0x00002440       0x16 C:\Users\Ethan\Documents\Atmel Studio\7.0\WaterDropper\WaterDropper\ArduinoCore\Debug\libArduinoCore.a(wiring.o)
                0x00002440                delayMicroseconds
 .text.init     0x00002456       0x76 C:\Users\Ethan\Documents\Atmel Studio\7.0\WaterDropper\WaterDropper\ArduinoCore\Debug\libArduinoCore.a(wiring.o)
                0x00002456                init
 .text.turnOffPWM
                0x000024cc       0x52 C:\Users\Ethan\Documents\Atmel Studio\7.0\WaterDropper\WaterDropper\ArduinoCore\Debug\libArduinoCore.a(wiring_digital.o)
 .text.pinMode  0x0000251e       0x78 C:\Users\Ethan\Documents\Atmel Studio\7.0\WaterDropper\WaterDropper\ArduinoCore\Debug\libArduinoCore.a(wiring_digital.o)
                0x0000251e                pinMode
 .text.digitalWrite
                0x00002596       0x5e C:\Users\Ethan\Documents\Atmel Studio\7.0\WaterDropper\WaterDropper\ArduinoCore\Debug\libArduinoCore.a(wiring_digital.o)
                0x00002596                digitalWrite
 .text.digitalRead
                0x000025f4       0x52 C:\Users\Ethan\Documents\Atmel Studio\7.0\WaterDropper\WaterDropper\ArduinoCore\Debug\libArduinoCore.a(wiring_digital.o)
                0x000025f4                digitalRead
 .text._ZNK6String14StringIfHelperEv
                0x00002646        0x2 C:\Users\Ethan\Documents\Atmel Studio\7.0\WaterDropper\WaterDropper\ArduinoCore\Debug\libArduinoCore.a(WString.o)
                0x00002646                _ZNK6String14StringIfHelperEv
 .text._ZN6StringD2Ev
                0x00002648        0xa C:\Users\Ethan\Documents\Atmel Studio\7.0\WaterDropper\WaterDropper\ArduinoCore\Debug\libArduinoCore.a(WString.o)
                0x00002648                _ZN6StringD2Ev
                0x00002648                _ZN6StringD1Ev
 .text._ZN6String10invalidateEv
                0x00002652       0x24 C:\Users\Ethan\Documents\Atmel Studio\7.0\WaterDropper\WaterDropper\ArduinoCore\Debug\libArduinoCore.a(WString.o)
                0x00002652                _ZN6String10invalidateEv
 .text._ZN6String12changeBufferEj
                0x00002676       0x34 C:\Users\Ethan\Documents\Atmel Studio\7.0\WaterDropper\WaterDropper\ArduinoCore\Debug\libArduinoCore.a(WString.o)
                0x00002676                _ZN6String12changeBufferEj
 .text._ZN6String7reserveEj
                0x000026aa       0x38 C:\Users\Ethan\Documents\Atmel Studio\7.0\WaterDropper\WaterDropper\ArduinoCore\Debug\libArduinoCore.a(WString.o)
                0x000026aa                _ZN6String7reserveEj
 .text._ZN6String4copyEPKcj
                0x000026e2       0x42 C:\Users\Ethan\Documents\Atmel Studio\7.0\WaterDropper\WaterDropper\ArduinoCore\Debug\libArduinoCore.a(WString.o)
                0x000026e2                _ZN6String4copyEPKcj
 .text._ZN6StringC2EPKc
                0x00002724       0x2a C:\Users\Ethan\Documents\Atmel Studio\7.0\WaterDropper\WaterDropper\ArduinoCore\Debug\libArduinoCore.a(WString.o)
                0x00002724                _ZN6StringC2EPKc
                0x00002724                _ZN6StringC1EPKc
 .text._ZN6String4moveERS_
                0x0000274e       0x7a C:\Users\Ethan\Documents\Atmel Studio\7.0\WaterDropper\WaterDropper\ArduinoCore\Debug\libArduinoCore.a(WString.o)
                0x0000274e                _ZN6String4moveERS_
 .text._ZN6StringaSERKS_
                0x000027c8       0x2e C:\Users\Ethan\Documents\Atmel Studio\7.0\WaterDropper\WaterDropper\ArduinoCore\Debug\libArduinoCore.a(WString.o)
                0x000027c8                _ZN6StringaSERKS_
 .text._ZN6StringC2ERKS_
                0x000027f6       0x12 C:\Users\Ethan\Documents\Atmel Studio\7.0\WaterDropper\WaterDropper\ArduinoCore\Debug\libArduinoCore.a(WString.o)
                0x000027f6                _ZN6StringC2ERKS_
                0x000027f6                _ZN6StringC1ERKS_
 .text._ZN6StringaSEOS_
                0x00002808       0x18 C:\Users\Ethan\Documents\Atmel Studio\7.0\WaterDropper\WaterDropper\ArduinoCore\Debug\libArduinoCore.a(WString.o)
                0x00002808                _ZN6StringaSEOS_
 .text._ZN6String6concatEPKcj
                0x00002820       0x5c C:\Users\Ethan\Documents\Atmel Studio\7.0\WaterDropper\WaterDropper\ArduinoCore\Debug\libArduinoCore.a(WString.o)
                0x00002820                _ZN6String6concatEPKcj
 .text._ZN6String6concatEc
                0x0000287c       0x26 C:\Users\Ethan\Documents\Atmel Studio\7.0\WaterDropper\WaterDropper\ArduinoCore\Debug\libArduinoCore.a(WString.o)
                0x0000287c                _ZN6String6concatEc
 .text._ZplRK15StringSumHelperc
                0x000028a2       0x1c C:\Users\Ethan\Documents\Atmel Studio\7.0\WaterDropper\WaterDropper\ArduinoCore\Debug\libArduinoCore.a(WString.o)
                0x000028a2                _ZplRK15StringSumHelperc
 .text._ZN6IRrecvC2Ei
                0x000028be        0xa C:\Users\Ethan\Documents\Atmel Studio\7.0\WaterDropper\WaterDropper\ArduinoCore\Debug\libArduinoCore.a(irRecv.o)
                0x000028be                _ZN6IRrecvC1Ei
                0x000028be                _ZN6IRrecvC2Ei
 .text._ZN6IRrecv10enableIRInEv
                0x000028c8       0x2c C:\Users\Ethan\Documents\Atmel Studio\7.0\WaterDropper\WaterDropper\ArduinoCore\Debug\libArduinoCore.a(irRecv.o)
                0x000028c8                _ZN6IRrecv10enableIRInEv
 .text._ZN6IRrecv6resumeEv
                0x000028f4        0xc C:\Users\Ethan\Documents\Atmel Studio\7.0\WaterDropper\WaterDropper\ArduinoCore\Debug\libArduinoCore.a(irRecv.o)
                0x000028f4                _ZN6IRrecv6resumeEv
 .text._ZN6IRrecv7compareEjj
                0x00002900       0x96 C:\Users\Ethan\Documents\Atmel Studio\7.0\WaterDropper\WaterDropper\ArduinoCore\Debug\libArduinoCore.a(irRecv.o)
                0x00002900                _ZN6IRrecv7compareEjj
 .text._ZN6IRrecv10decodeHashEP14decode_results
                0x00002996       0xce C:\Users\Ethan\Documents\Atmel Studio\7.0\WaterDropper\WaterDropper\ArduinoCore\Debug\libArduinoCore.a(irRecv.o)
                0x00002996                _ZN6IRrecv10decodeHashEP14decode_results
 .text._ZN6IRrecv6decodeEP14decode_results
                0x00002a64       0xfa C:\Users\Ethan\Documents\Atmel Studio\7.0\WaterDropper\WaterDropper\ArduinoCore\Debug\libArduinoCore.a(irRecv.o)
                0x00002a64                _ZN6IRrecv6decodeEP14decode_results
 .text._Z5MATCHii
                0x00002b5e       0x88 C:\Users\Ethan\Documents\Atmel Studio\7.0\WaterDropper\WaterDropper\ArduinoCore\Debug\libArduinoCore.a(IRremote.o)
                0x00002b5e                _Z5MATCHii
 .text._Z10MATCH_MARKii
                0x00002be6       0x8c C:\Users\Ethan\Documents\Atmel Studio\7.0\WaterDropper\WaterDropper\ArduinoCore\Debug\libArduinoCore.a(IRremote.o)
                0x00002be6                _Z10MATCH_MARKii
 .text._Z11MATCH_SPACEii
                0x00002c72       0x8c C:\Users\Ethan\Documents\Atmel Studio\7.0\WaterDropper\WaterDropper\ArduinoCore\Debug\libArduinoCore.a(IRremote.o)
                0x00002c72                _Z11MATCH_SPACEii
 .text.__vector_7
                0x00002cfe      0x174 C:\Users\Ethan\Documents\Atmel Studio\7.0\WaterDropper\WaterDropper\ArduinoCore\Debug\libArduinoCore.a(IRremote.o)
                0x00002cfe                __vector_7
 .text._ZN6IRrecv16decodeAiwaRCT501EP14decode_results
                0x00002e72      0x12c C:\Users\Ethan\Documents\Atmel Studio\7.0\WaterDropper\WaterDropper\ArduinoCore\Debug\libArduinoCore.a(ir_Aiwa.o)
                0x00002e72                _ZN6IRrecv16decodeAiwaRCT501EP14decode_results
 .text._ZN6IRrecv11decodeDenonEP14decode_results
                0x00002f9e       0xf4 C:\Users\Ethan\Documents\Atmel Studio\7.0\WaterDropper\WaterDropper\ArduinoCore\Debug\libArduinoCore.a(ir_Denon.o)
                0x00002f9e                _ZN6IRrecv11decodeDenonEP14decode_results
 .text._ZN6IRrecv9decodeJVCEP14decode_results
                0x00003092      0x16e C:\Users\Ethan\Documents\Atmel Studio\7.0\WaterDropper\WaterDropper\ArduinoCore\Debug\libArduinoCore.a(ir_JVC.o)
                0x00003092                _ZN6IRrecv9decodeJVCEP14decode_results
 .text._ZN6IRrecv8decodeLGEP14decode_results
                0x00003200      0x116 C:\Users\Ethan\Documents\Atmel Studio\7.0\WaterDropper\WaterDropper\ArduinoCore\Debug\libArduinoCore.a(ir_LG.o)
                0x00003200                _ZN6IRrecv8decodeLGEP14decode_results
 .text._ZN6IRrecv16decodeMitsubishiEP14decode_results
                0x00003316      0x12e C:\Users\Ethan\Documents\Atmel Studio\7.0\WaterDropper\WaterDropper\ArduinoCore\Debug\libArduinoCore.a(ir_Mitsubishi.o)
                0x00003316                _ZN6IRrecv16decodeMitsubishiEP14decode_results
 .text._ZN6IRrecv9decodeNECEP14decode_results
                0x00003444      0x13c C:\Users\Ethan\Documents\Atmel Studio\7.0\WaterDropper\WaterDropper\ArduinoCore\Debug\libArduinoCore.a(ir_NEC.o)
                0x00003444                _ZN6IRrecv9decodeNECEP14decode_results
 .text._ZN6IRrecv15decodePanasonicEP14decode_results
                0x00003580      0x12c C:\Users\Ethan\Documents\Atmel Studio\7.0\WaterDropper\WaterDropper\ArduinoCore\Debug\libArduinoCore.a(ir_Panasonic.o)
                0x00003580                _ZN6IRrecv15decodePanasonicEP14decode_results
 .text._ZN6IRrecv10getRClevelEP14decode_resultsPiS2_i
                0x000036ac       0xee C:\Users\Ethan\Documents\Atmel Studio\7.0\WaterDropper\WaterDropper\ArduinoCore\Debug\libArduinoCore.a(ir_RC5_RC6.o)
                0x000036ac                _ZN6IRrecv10getRClevelEP14decode_resultsPiS2_i
 .text._ZN6IRrecv9decodeRC5EP14decode_results
                0x0000379a      0x148 C:\Users\Ethan\Documents\Atmel Studio\7.0\WaterDropper\WaterDropper\ArduinoCore\Debug\libArduinoCore.a(ir_RC5_RC6.o)
                0x0000379a                _ZN6IRrecv9decodeRC5EP14decode_results
 .text._ZN6IRrecv9decodeRC6EP14decode_results
                0x000038e2      0x1f6 C:\Users\Ethan\Documents\Atmel Studio\7.0\WaterDropper\WaterDropper\ArduinoCore\Debug\libArduinoCore.a(ir_RC5_RC6.o)
                0x000038e2                _ZN6IRrecv9decodeRC6EP14decode_results
 .text._ZN6IRrecv13decodeSAMSUNGEP14decode_results
                0x00003ad8      0x13c C:\Users\Ethan\Documents\Atmel Studio\7.0\WaterDropper\WaterDropper\ArduinoCore\Debug\libArduinoCore.a(ir_Samsung.o)
                0x00003ad8                _ZN6IRrecv13decodeSAMSUNGEP14decode_results
 .text._ZN6IRrecv11decodeSanyoEP14decode_results
                0x00003c14      0x14a C:\Users\Ethan\Documents\Atmel Studio\7.0\WaterDropper\WaterDropper\ArduinoCore\Debug\libArduinoCore.a(ir_Sanyo.o)
                0x00003c14                _ZN6IRrecv11decodeSanyoEP14decode_results
 .text._ZN6IRrecv10decodeSonyEP14decode_results
                0x00003d5e      0x136 C:\Users\Ethan\Documents\Atmel Studio\7.0\WaterDropper\WaterDropper\ArduinoCore\Debug\libArduinoCore.a(ir_Sony.o)
                0x00003d5e                _ZN6IRrecv10decodeSonyEP14decode_results
 .text._ZN6IRrecv13decodeWhynterEP14decode_results
                0x00003e94      0x140 C:\Users\Ethan\Documents\Atmel Studio\7.0\WaterDropper\WaterDropper\ArduinoCore\Debug\libArduinoCore.a(ir_Whynter.o)
                0x00003e94                _ZN6IRrecv13decodeWhynterEP14decode_results
 .text._ZN13LiquidCrystal11pulseEnableEv
                0x00003fd4       0x3a C:\Users\Ethan\Documents\Atmel Studio\7.0\WaterDropper\WaterDropper\ArduinoCore\Debug\libArduinoCore.a(LiquidCrystal.o)
                0x00003fd4                _ZN13LiquidCrystal11pulseEnableEv
 .text._ZN13LiquidCrystal10write4bitsEh
                0x0000400e       0x5a C:\Users\Ethan\Documents\Atmel Studio\7.0\WaterDropper\WaterDropper\ArduinoCore\Debug\libArduinoCore.a(LiquidCrystal.o)
                0x0000400e                _ZN13LiquidCrystal10write4bitsEh
 .text._ZN13LiquidCrystal10write8bitsEh
                0x00004068       0x5a C:\Users\Ethan\Documents\Atmel Studio\7.0\WaterDropper\WaterDropper\ArduinoCore\Debug\libArduinoCore.a(LiquidCrystal.o)
                0x00004068                _ZN13LiquidCrystal10write8bitsEh
 .text._ZN13LiquidCrystal4sendEhh
                0x000040c2       0x52 C:\Users\Ethan\Documents\Atmel Studio\7.0\WaterDropper\WaterDropper\ArduinoCore\Debug\libArduinoCore.a(LiquidCrystal.o)
                0x000040c2                _ZN13LiquidCrystal4sendEhh
 .text._ZN13LiquidCrystal7commandEh
                0x00004114        0x6 C:\Users\Ethan\Documents\Atmel Studio\7.0\WaterDropper\WaterDropper\ArduinoCore\Debug\libArduinoCore.a(LiquidCrystal.o)
                0x00004114                _ZN13LiquidCrystal7commandEh
 .text._ZN13LiquidCrystal5clearEv
                0x0000411a        0xe C:\Users\Ethan\Documents\Atmel Studio\7.0\WaterDropper\WaterDropper\ArduinoCore\Debug\libArduinoCore.a(LiquidCrystal.o)
                0x0000411a                _ZN13LiquidCrystal5clearEv
 .text._ZN13LiquidCrystal4homeEv
                0x00004128        0xe C:\Users\Ethan\Documents\Atmel Studio\7.0\WaterDropper\WaterDropper\ArduinoCore\Debug\libArduinoCore.a(LiquidCrystal.o)
                0x00004128                _ZN13LiquidCrystal4homeEv
 .text._ZN13LiquidCrystal9setCursorEhh
                0x00004136       0x26 C:\Users\Ethan\Documents\Atmel Studio\7.0\WaterDropper\WaterDropper\ArduinoCore\Debug\libArduinoCore.a(LiquidCrystal.o)
                0x00004136                _ZN13LiquidCrystal9setCursorEhh
 .text._ZN13LiquidCrystal7displayEv
                0x0000415c       0x10 C:\Users\Ethan\Documents\Atmel Studio\7.0\WaterDropper\WaterDropper\ArduinoCore\Debug\libArduinoCore.a(LiquidCrystal.o)
                0x0000415c                _ZN13LiquidCrystal7displayEv
 .text._ZN13LiquidCrystal5beginEhhh
                0x0000416c      0x14a C:\Users\Ethan\Documents\Atmel Studio\7.0\WaterDropper\WaterDropper\ArduinoCore\Debug\libArduinoCore.a(LiquidCrystal.o)
                0x0000416c                _ZN13LiquidCrystal5beginEhhh
 .text._ZN13LiquidCrystalC2Ehhhhhh
                0x000042b6       0x40 C:\Users\Ethan\Documents\Atmel Studio\7.0\WaterDropper\WaterDropper\ArduinoCore\Debug\libArduinoCore.a(LiquidCrystal.o)
                0x000042b6                _ZN13LiquidCrystalC1Ehhhhhh
                0x000042b6                _ZN13LiquidCrystalC2Ehhhhhh
 .text._ZN13LiquidCrystal8noCursorEv
                0x000042f6        0xe C:\Users\Ethan\Documents\Atmel Studio\7.0\WaterDropper\WaterDropper\ArduinoCore\Debug\libArduinoCore.a(LiquidCrystal.o)
                0x000042f6                _ZN13LiquidCrystal8noCursorEv
 .text._ZN13LiquidCrystal6cursorEv
                0x00004304       0x10 C:\Users\Ethan\Documents\Atmel Studio\7.0\WaterDropper\WaterDropper\ArduinoCore\Debug\libArduinoCore.a(LiquidCrystal.o)
                0x00004304                _ZN13LiquidCrystal6cursorEv
 .text._ZN13LiquidCrystal5writeEh
                0x00004314        0xc C:\Users\Ethan\Documents\Atmel Studio\7.0\WaterDropper\WaterDropper\ArduinoCore\Debug\libArduinoCore.a(LiquidCrystal.o)
                0x00004314                _ZN13LiquidCrystal5writeEh
 .text.__empty  0x00004320        0x2 C:\Users\Ethan\Documents\Atmel Studio\7.0\WaterDropper\WaterDropper\ArduinoCore\Debug\libArduinoCore.a(hooks.o)
                0x00004320                yield
 .text.libgcc.mul
                0x00004322       0x20 c:/program files (x86)/atmel/studio/7.0/toolchain/avr8/avr8-gnu-toolchain/bin/../lib/gcc/avr/5.4.0/avr5\libgcc.a(_mulsi3.o)
                0x00004322                __mulsi3
 .text.libgcc.div
                0x00004342       0x44 c:/program files (x86)/atmel/studio/7.0/toolchain/avr8/avr8-gnu-toolchain/bin/../lib/gcc/avr/5.4.0/avr5\libgcc.a(_udivmodsi4.o)
                0x00004342                __udivmodsi4
 .text.libgcc   0x00004386        0xc c:/program files (x86)/atmel/studio/7.0/toolchain/avr8/avr8-gnu-toolchain/bin/../lib/gcc/avr/5.4.0/avr5\libgcc.a(_tablejump2.o)
                0x00004386                __tablejump2__
 .text.libgcc.mul
                0x00004392       0x16 c:/program files (x86)/atmel/studio/7.0/toolchain/avr8/avr8-gnu-toolchain/bin/../lib/gcc/avr/5.4.0/avr5\libgcc.a(_muluhisi3.o)
                0x00004392                __muluhisi3
 .text.libgcc.builtins
                0x000043a8       0x32 c:/program files (x86)/atmel/studio/7.0/toolchain/avr8/avr8-gnu-toolchain/bin/../lib/gcc/avr/5.4.0/avr5\libgcc.a(_ashldi3.o)
                0x000043a8                __ashldi3
 .text.libgcc.builtins
                0x000043da       0x3c c:/program files (x86)/atmel/studio/7.0/toolchain/avr8/avr8-gnu-toolchain/bin/../lib/gcc/avr/5.4.0/avr5\libgcc.a(_ashrdi3.o)
                0x000043da                __ashrdi3
                0x000043de                __lshrdi3
 .text.libgcc.mul
                0x00004416       0x1e c:/program files (x86)/atmel/studio/7.0/toolchain/avr8/avr8-gnu-toolchain/bin/../lib/gcc/avr/5.4.0/avr5\libgcc.a(_umulhisi3.o)
                0x00004416                __umulhisi3
 .text.avr-libc
                0x00004434      0x242 c:/program files (x86)/atmel/studio/7.0/toolchain/avr8/avr8-gnu-toolchain/bin/../lib/gcc/avr/5.4.0/../../../../avr/lib/avr5\libc.a(malloc.o)
                0x00004434                malloc
                0x00004564                free
 .text.avr-libc
                0x00004676      0x18c c:/program files (x86)/atmel/studio/7.0/toolchain/avr8/avr8-gnu-toolchain/bin/../lib/gcc/avr/5.4.0/../../../../avr/lib/avr5\libc.a(realloc.o)
                0x00004676                realloc
 .text.avr-libc
                0x00004802       0x12 c:/program files (x86)/atmel/studio/7.0/toolchain/avr8/avr8-gnu-toolchain/bin/../lib/gcc/avr/5.4.0/../../../../avr/lib/avr5\libc.a(memcpy.o)
                0x00004802                memcpy
 .text.avr-libc
                0x00004814        0xe c:/program files (x86)/atmel/studio/7.0/toolchain/avr8/avr8-gnu-toolchain/bin/../lib/gcc/avr/5.4.0/../../../../avr/lib/avr5\libc.a(strcpy.o)
                0x00004814                strcpy
 .text.libgcc.prologue
                0x00004822       0x38 c:/program files (x86)/atmel/studio/7.0/toolchain/avr8/avr8-gnu-toolchain/bin/../lib/gcc/avr/5.4.0/avr5\libgcc.a(_prologue.o)
                0x00004822                __prologue_saves__
 .text.libgcc.prologue
                0x0000485a       0x36 c:/program files (x86)/atmel/studio/7.0/toolchain/avr8/avr8-gnu-toolchain/bin/../lib/gcc/avr/5.4.0/avr5\libgcc.a(_epilogue.o)
                0x0000485a                __epilogue_restores__
                0x00004890                . = ALIGN (0x2)
 *(.fini9)
 .fini9         0x00004890        0x0 c:/program files (x86)/atmel/studio/7.0/toolchain/avr8/avr8-gnu-toolchain/bin/../lib/gcc/avr/5.4.0/avr5\libgcc.a(_exit.o)
                0x00004890                _exit
                0x00004890                exit
 *(.fini9)
 *(.fini8)
 *(.fini8)
 *(.fini7)
 *(.fini7)
 *(.fini6)
 *(.fini6)
 *(.fini5)
 *(.fini5)
 *(.fini4)
 *(.fini4)
 *(.fini3)
 *(.fini3)
 *(.fini2)
 *(.fini2)
 *(.fini1)
 *(.fini1)
 *(.fini0)
 .fini0         0x00004890        0x4 c:/program files (x86)/atmel/studio/7.0/toolchain/avr8/avr8-gnu-toolchain/bin/../lib/gcc/avr/5.4.0/avr5\libgcc.a(_exit.o)
 *(.fini0)
                0x00004894                _etext = .

.data           0x00800100      0x120 load address 0x00004894
                0x00800100                PROVIDE (__data_start, .)
 *(.data)
 .data          0x00800100        0x6 c:/program files (x86)/atmel/studio/7.0/toolchain/avr8/avr8-gnu-toolchain/bin/../lib/gcc/avr/5.4.0/../../../../avr/lib/avr5\libc.a(malloc.o)
                0x00800100                __malloc_heap_end
                0x00800102                __malloc_heap_start
                0x00800104                __malloc_margin
 *(.data*)
 .data.numDrops
                0x00800106        0x2 Sketch.o
                0x00800106                numDrops
 *(.gnu.linkonce.d*)
 *(.rodata)
 *(.rodata*)
 .rodata.str1.1
                0x00800108       0xeb Sketch.o
                                 0xec (size before relaxing)
 .rodata._ZTV14HardwareSerial
                0x008001f3       0x12 C:\Users\Ethan\Documents\Atmel Studio\7.0\WaterDropper\WaterDropper\ArduinoCore\Debug\libArduinoCore.a(HardwareSerial.o)
                0x008001f3                _ZTV14HardwareSerial
 .rodata.str1.1
                0x00800205        0xf C:\Users\Ethan\Documents\Atmel Studio\7.0\WaterDropper\WaterDropper\ArduinoCore\Debug\libArduinoCore.a(Print.o)
 .rodata._ZTV13LiquidCrystal
                0x00800214        0xc C:\Users\Ethan\Documents\Atmel Studio\7.0\WaterDropper\WaterDropper\ArduinoCore\Debug\libArduinoCore.a(LiquidCrystal.o)
                0x00800214                _ZTV13LiquidCrystal
 *(.gnu.linkonce.r*)
                0x00800220                . = ALIGN (0x2)
                0x00800220                _edata = .
                0x00800220                PROVIDE (__data_end, .)

.bss            0x00800220      0x1c8
                0x00800220                PROVIDE (__bss_start, .)
 *(.bss)
 *(.bss*)
 .bss.lcd       0x00800220       0x18 Sketch.o
                0x00800220                lcd
 .bss.col       0x00800238        0x2 Sketch.o
                0x00800238                col
 .bss.row       0x0080023a        0x2 Sketch.o
                0x0080023a                row
 .bss.lcdIn3    0x0080023c        0x4 Sketch.o
                0x0080023c                lcdIn3
 .bss.lcdIn2    0x00800240        0x4 Sketch.o
                0x00800240                lcdIn2
 .bss.lcdIn1    0x00800244        0x4 Sketch.o
                0x00800244                lcdIn1
 .bss.lcdIn0    0x00800248        0x4 Sketch.o
                0x00800248                lcdIn0
 .bss.results   0x0080024c        0xf Sketch.o
                0x0080024c                results
 .bss.irrecv    0x0080025b        0x1 Sketch.o
                0x0080025b                irrecv
 .bss.closeTime
                0x0080025c        0x4 Sketch.o
                0x0080025c                closeTime
 .bss.valveOpen
                0x00800260        0x1 Sketch.o
                0x00800260                valveOpen
 .bss.timeBetween
                0x00800261        0x2 Sketch.o
                0x00800261                timeBetween
 .bss.dropletSize
                0x00800263        0x2 Sketch.o
                0x00800263                dropletSize
 .bss.distTarget
                0x00800265        0x4 Sketch.o
                0x00800265                distTarget
 .bss.menu      0x00800269        0x2 Sketch.o
                0x00800269                menu
 .bss.fire      0x0080026b        0x1 Sketch.o
                0x0080026b                fire
 .bss.Serial    0x0080026c       0x9d C:\Users\Ethan\Documents\Atmel Studio\7.0\WaterDropper\WaterDropper\ArduinoCore\Debug\libArduinoCore.a(HardwareSerial0.o)
                0x0080026c                Serial
 .bss.timer0_fract
                0x00800309        0x1 C:\Users\Ethan\Documents\Atmel Studio\7.0\WaterDropper\WaterDropper\ArduinoCore\Debug\libArduinoCore.a(wiring.o)
 .bss.timer0_millis
                0x0080030a        0x4 C:\Users\Ethan\Documents\Atmel Studio\7.0\WaterDropper\WaterDropper\ArduinoCore\Debug\libArduinoCore.a(wiring.o)
                0x0080030a                timer0_millis
 .bss.timer0_overflow_count
                0x0080030e        0x4 C:\Users\Ethan\Documents\Atmel Studio\7.0\WaterDropper\WaterDropper\ArduinoCore\Debug\libArduinoCore.a(wiring.o)
                0x0080030e                timer0_overflow_count
 .bss.irparams  0x00800312       0xd2 C:\Users\Ethan\Documents\Atmel Studio\7.0\WaterDropper\WaterDropper\ArduinoCore\Debug\libArduinoCore.a(IRremote.o)
                0x00800312                irparams
 *(COMMON)
 COMMON         0x008003e4        0x4 c:/program files (x86)/atmel/studio/7.0/toolchain/avr8/avr8-gnu-toolchain/bin/../lib/gcc/avr/5.4.0/../../../../avr/lib/avr5\libc.a(malloc.o)
                0x008003e4                __brkval
                0x008003e6                __flp
                0x008003e8                PROVIDE (__bss_end, .)
                0x00004894                __data_load_start = LOADADDR (.data)
                0x000049b4                __data_load_end = (__data_load_start + SIZEOF (.data))

.noinit         0x008003e8        0x0
                [!provide]                PROVIDE (__noinit_start, .)
 *(.noinit*)
                [!provide]                PROVIDE (__noinit_end, .)
                0x008003e8                _end = .
                0x008003e8                PROVIDE (__heap_start, .)

.eeprom         0x00810000        0x0
 *(.eeprom*)
                0x00810000                __eeprom_end = .

.fuse
 *(.fuse)
 *(.lfuse)
 *(.hfuse)
 *(.efuse)

.lock
 *(.lock*)

.signature
 *(.signature*)

.user_signatures
 *(.user_signatures*)

.stab
 *(.stab)

.stabstr
 *(.stabstr)

.stab.excl
 *(.stab.excl)

.stab.exclstr
 *(.stab.exclstr)

.stab.index
 *(.stab.index)

.stab.indexstr
 *(.stab.indexstr)

.comment        0x00000000       0x30
 *(.comment)
 .comment       0x00000000       0x30 Sketch.o
                                 0x31 (size before relaxing)
 .comment       0x00000030       0x31 C:\Users\Ethan\Documents\Atmel Studio\7.0\WaterDropper\WaterDropper\ArduinoCore\Debug\libArduinoCore.a(HardwareSerial.o)
 .comment       0x00000030       0x31 C:\Users\Ethan\Documents\Atmel Studio\7.0\WaterDropper\WaterDropper\ArduinoCore\Debug\libArduinoCore.a(HardwareSerial0.o)
 .comment       0x00000030       0x31 C:\Users\Ethan\Documents\Atmel Studio\7.0\WaterDropper\WaterDropper\ArduinoCore\Debug\libArduinoCore.a(main.o)
 .comment       0x00000030       0x31 C:\Users\Ethan\Documents\Atmel Studio\7.0\WaterDropper\WaterDropper\ArduinoCore\Debug\libArduinoCore.a(Print.o)
 .comment       0x00000030       0x31 C:\Users\Ethan\Documents\Atmel Studio\7.0\WaterDropper\WaterDropper\ArduinoCore\Debug\libArduinoCore.a(wiring.o)
 .comment       0x00000030       0x31 C:\Users\Ethan\Documents\Atmel Studio\7.0\WaterDropper\WaterDropper\ArduinoCore\Debug\libArduinoCore.a(wiring_digital.o)
 .comment       0x00000030       0x31 C:\Users\Ethan\Documents\Atmel Studio\7.0\WaterDropper\WaterDropper\ArduinoCore\Debug\libArduinoCore.a(WString.o)
 .comment       0x00000030       0x31 C:\Users\Ethan\Documents\Atmel Studio\7.0\WaterDropper\WaterDropper\ArduinoCore\Debug\libArduinoCore.a(irRecv.o)
 .comment       0x00000030       0x31 C:\Users\Ethan\Documents\Atmel Studio\7.0\WaterDropper\WaterDropper\ArduinoCore\Debug\libArduinoCore.a(IRremote.o)
 .comment       0x00000030       0x31 C:\Users\Ethan\Documents\Atmel Studio\7.0\WaterDropper\WaterDropper\ArduinoCore\Debug\libArduinoCore.a(ir_Aiwa.o)
 .comment       0x00000030       0x31 C:\Users\Ethan\Documents\Atmel Studio\7.0\WaterDropper\WaterDropper\ArduinoCore\Debug\libArduinoCore.a(ir_Denon.o)
 .comment       0x00000030       0x31 C:\Users\Ethan\Documents\Atmel Studio\7.0\WaterDropper\WaterDropper\ArduinoCore\Debug\libArduinoCore.a(ir_JVC.o)
 .comment       0x00000030       0x31 C:\Users\Ethan\Documents\Atmel Studio\7.0\WaterDropper\WaterDropper\ArduinoCore\Debug\libArduinoCore.a(ir_LG.o)
 .comment       0x00000030       0x31 C:\Users\Ethan\Documents\Atmel Studio\7.0\WaterDropper\WaterDropper\ArduinoCore\Debug\libArduinoCore.a(ir_Mitsubishi.o)
 .comment       0x00000030       0x31 C:\Users\Ethan\Documents\Atmel Studio\7.0\WaterDropper\WaterDropper\ArduinoCore\Debug\libArduinoCore.a(ir_NEC.o)
 .comment       0x00000030       0x31 C:\Users\Ethan\Documents\Atmel Studio\7.0\WaterDropper\WaterDropper\ArduinoCore\Debug\libArduinoCore.a(ir_Panasonic.o)
 .comment       0x00000030       0x31 C:\Users\Ethan\Documents\Atmel Studio\7.0\WaterDropper\WaterDropper\ArduinoCore\Debug\libArduinoCore.a(ir_RC5_RC6.o)
 .comment       0x00000030       0x31 C:\Users\Ethan\Documents\Atmel Studio\7.0\WaterDropper\WaterDropper\ArduinoCore\Debug\libArduinoCore.a(ir_Samsung.o)
 .comment       0x00000030       0x31 C:\Users\Ethan\Documents\Atmel Studio\7.0\WaterDropper\WaterDropper\ArduinoCore\Debug\libArduinoCore.a(ir_Sanyo.o)
 .comment       0x00000030       0x31 C:\Users\Ethan\Documents\Atmel Studio\7.0\WaterDropper\WaterDropper\ArduinoCore\Debug\libArduinoCore.a(ir_Sony.o)
 .comment       0x00000030       0x31 C:\Users\Ethan\Documents\Atmel Studio\7.0\WaterDropper\WaterDropper\ArduinoCore\Debug\libArduinoCore.a(ir_Whynter.o)
 .comment       0x00000030       0x31 C:\Users\Ethan\Documents\Atmel Studio\7.0\WaterDropper\WaterDropper\ArduinoCore\Debug\libArduinoCore.a(LiquidCrystal.o)
 .comment       0x00000030       0x31 C:\Users\Ethan\Documents\Atmel Studio\7.0\WaterDropper\WaterDropper\ArduinoCore\Debug\libArduinoCore.a(hooks.o)
 .comment       0x00000030       0x31 c:/program files (x86)/atmel/studio/7.0/toolchain/avr8/avr8-gnu-toolchain/bin/../lib/gcc/avr/5.4.0/../../../../avr/lib/avr5\libc.a(malloc.o)
 .comment       0x00000030       0x31 c:/program files (x86)/atmel/studio/7.0/toolchain/avr8/avr8-gnu-toolchain/bin/../lib/gcc/avr/5.4.0/../../../../avr/lib/avr5\libc.a(realloc.o)

.note.gnu.avr.deviceinfo
                0x00000000       0x40
 .note.gnu.avr.deviceinfo
                0x00000000       0x40 C:/Program Files (x86)/Atmel/Studio/7.0/Packs/atmel/ATmega_DFP/1.2.209/gcc/dev/atmega328p/avr5/crtatmega328p.o

.note.gnu.build-id
 *(.note.gnu.build-id)

.debug
 *(.debug)

.line
 *(.line)

.debug_srcinfo
 *(.debug_srcinfo)

.debug_sfnames
 *(.debug_sfnames)

.debug_aranges  0x00000000      0x978
 *(.debug_aranges)
 .debug_aranges
                0x00000000       0xb0 Sketch.o
 .debug_aranges
                0x000000b0       0x68 C:\Users\Ethan\Documents\Atmel Studio\7.0\WaterDropper\WaterDropper\ArduinoCore\Debug\libArduinoCore.a(HardwareSerial.o)
 .debug_aranges
                0x00000118       0x48 C:\Users\Ethan\Documents\Atmel Studio\7.0\WaterDropper\WaterDropper\ArduinoCore\Debug\libArduinoCore.a(HardwareSerial0.o)
 .debug_aranges
                0x00000160       0x30 C:\Users\Ethan\Documents\Atmel Studio\7.0\WaterDropper\WaterDropper\ArduinoCore\Debug\libArduinoCore.a(main.o)
 .debug_aranges
                0x00000190      0x100 C:\Users\Ethan\Documents\Atmel Studio\7.0\WaterDropper\WaterDropper\ArduinoCore\Debug\libArduinoCore.a(Print.o)
 .debug_aranges
                0x00000290       0x48 C:\Users\Ethan\Documents\Atmel Studio\7.0\WaterDropper\WaterDropper\ArduinoCore\Debug\libArduinoCore.a(wiring.o)
 .debug_aranges
                0x000002d8       0x38 C:\Users\Ethan\Documents\Atmel Studio\7.0\WaterDropper\WaterDropper\ArduinoCore\Debug\libArduinoCore.a(wiring_digital.o)
 .debug_aranges
                0x00000310      0x2b8 C:\Users\Ethan\Documents\Atmel Studio\7.0\WaterDropper\WaterDropper\ArduinoCore\Debug\libArduinoCore.a(WString.o)
 .debug_aranges
                0x000005c8       0x60 C:\Users\Ethan\Documents\Atmel Studio\7.0\WaterDropper\WaterDropper\ArduinoCore\Debug\libArduinoCore.a(irRecv.o)
 .debug_aranges
                0x00000628       0x38 C:\Users\Ethan\Documents\Atmel Studio\7.0\WaterDropper\WaterDropper\ArduinoCore\Debug\libArduinoCore.a(IRremote.o)
 .debug_aranges
                0x00000660       0x28 C:\Users\Ethan\Documents\Atmel Studio\7.0\WaterDropper\WaterDropper\ArduinoCore\Debug\libArduinoCore.a(ir_Aiwa.o)
 .debug_aranges
                0x00000688       0x28 C:\Users\Ethan\Documents\Atmel Studio\7.0\WaterDropper\WaterDropper\ArduinoCore\Debug\libArduinoCore.a(ir_Denon.o)
 .debug_aranges
                0x000006b0       0x28 C:\Users\Ethan\Documents\Atmel Studio\7.0\WaterDropper\WaterDropper\ArduinoCore\Debug\libArduinoCore.a(ir_JVC.o)
 .debug_aranges
                0x000006d8       0x28 C:\Users\Ethan\Documents\Atmel Studio\7.0\WaterDropper\WaterDropper\ArduinoCore\Debug\libArduinoCore.a(ir_LG.o)
 .debug_aranges
                0x00000700       0x20 C:\Users\Ethan\Documents\Atmel Studio\7.0\WaterDropper\WaterDropper\ArduinoCore\Debug\libArduinoCore.a(ir_Mitsubishi.o)
 .debug_aranges
                0x00000720       0x28 C:\Users\Ethan\Documents\Atmel Studio\7.0\WaterDropper\WaterDropper\ArduinoCore\Debug\libArduinoCore.a(ir_NEC.o)
 .debug_aranges
                0x00000748       0x28 C:\Users\Ethan\Documents\Atmel Studio\7.0\WaterDropper\WaterDropper\ArduinoCore\Debug\libArduinoCore.a(ir_Panasonic.o)
 .debug_aranges
                0x00000770       0x40 C:\Users\Ethan\Documents\Atmel Studio\7.0\WaterDropper\WaterDropper\ArduinoCore\Debug\libArduinoCore.a(ir_RC5_RC6.o)
 .debug_aranges
                0x000007b0       0x28 C:\Users\Ethan\Documents\Atmel Studio\7.0\WaterDropper\WaterDropper\ArduinoCore\Debug\libArduinoCore.a(ir_Samsung.o)
 .debug_aranges
                0x000007d8       0x20 C:\Users\Ethan\Documents\Atmel Studio\7.0\WaterDropper\WaterDropper\ArduinoCore\Debug\libArduinoCore.a(ir_Sanyo.o)
 .debug_aranges
                0x000007f8       0x28 C:\Users\Ethan\Documents\Atmel Studio\7.0\WaterDropper\WaterDropper\ArduinoCore\Debug\libArduinoCore.a(ir_Sony.o)
 .debug_aranges
                0x00000820       0x28 C:\Users\Ethan\Documents\Atmel Studio\7.0\WaterDropper\WaterDropper\ArduinoCore\Debug\libArduinoCore.a(ir_Whynter.o)
 .debug_aranges
                0x00000848      0x110 C:\Users\Ethan\Documents\Atmel Studio\7.0\WaterDropper\WaterDropper\ArduinoCore\Debug\libArduinoCore.a(LiquidCrystal.o)
 .debug_aranges
                0x00000958       0x20 C:\Users\Ethan\Documents\Atmel Studio\7.0\WaterDropper\WaterDropper\ArduinoCore\Debug\libArduinoCore.a(hooks.o)

.debug_pubnames
 *(.debug_pubnames)

.debug_info     0x00000000    0x1a200
 *(.debug_info .gnu.linkonce.wi.*)
 .debug_info    0x00000000      0x5f4 C:/Program Files (x86)/Atmel/Studio/7.0/Packs/atmel/ATmega_DFP/1.2.209/gcc/dev/atmega328p/avr5/crtatmega328p.o
 .debug_info    0x000005f4     0x2e0e Sketch.o
 .debug_info    0x00003402     0x1f64 C:\Users\Ethan\Documents\Atmel Studio\7.0\WaterDropper\WaterDropper\ArduinoCore\Debug\libArduinoCore.a(HardwareSerial.o)
 .debug_info    0x00005366     0x1b16 C:\Users\Ethan\Documents\Atmel Studio\7.0\WaterDropper\WaterDropper\ArduinoCore\Debug\libArduinoCore.a(HardwareSerial0.o)
 .debug_info    0x00006e7c      0x237 C:\Users\Ethan\Documents\Atmel Studio\7.0\WaterDropper\WaterDropper\ArduinoCore\Debug\libArduinoCore.a(main.o)
 .debug_info    0x000070b3     0x28ff C:\Users\Ethan\Documents\Atmel Studio\7.0\WaterDropper\WaterDropper\ArduinoCore\Debug\libArduinoCore.a(Print.o)
 .debug_info    0x000099b2      0x2cb C:\Users\Ethan\Documents\Atmel Studio\7.0\WaterDropper\WaterDropper\ArduinoCore\Debug\libArduinoCore.a(wiring.o)
 .debug_info    0x00009c7d      0x5fe C:\Users\Ethan\Documents\Atmel Studio\7.0\WaterDropper\WaterDropper\ArduinoCore\Debug\libArduinoCore.a(wiring_digital.o)
 .debug_info    0x0000a27b     0x4338 C:\Users\Ethan\Documents\Atmel Studio\7.0\WaterDropper\WaterDropper\ArduinoCore\Debug\libArduinoCore.a(WString.o)
 .debug_info    0x0000e5b3      0xb89 C:\Users\Ethan\Documents\Atmel Studio\7.0\WaterDropper\WaterDropper\ArduinoCore\Debug\libArduinoCore.a(irRecv.o)
 .debug_info    0x0000f13c      0x356 C:\Users\Ethan\Documents\Atmel Studio\7.0\WaterDropper\WaterDropper\ArduinoCore\Debug\libArduinoCore.a(IRremote.o)
 .debug_info    0x0000f492      0xcbd C:\Users\Ethan\Documents\Atmel Studio\7.0\WaterDropper\WaterDropper\ArduinoCore\Debug\libArduinoCore.a(ir_Aiwa.o)
 .debug_info    0x0001014f      0xc4a C:\Users\Ethan\Documents\Atmel Studio\7.0\WaterDropper\WaterDropper\ArduinoCore\Debug\libArduinoCore.a(ir_Denon.o)
 .debug_info    0x00010d99      0xca7 C:\Users\Ethan\Documents\Atmel Studio\7.0\WaterDropper\WaterDropper\ArduinoCore\Debug\libArduinoCore.a(ir_JVC.o)
 .debug_info    0x00011a40      0xc4b C:\Users\Ethan\Documents\Atmel Studio\7.0\WaterDropper\WaterDropper\ArduinoCore\Debug\libArduinoCore.a(ir_LG.o)
 .debug_info    0x0001268b      0x76d C:\Users\Ethan\Documents\Atmel Studio\7.0\WaterDropper\WaterDropper\ArduinoCore\Debug\libArduinoCore.a(ir_Mitsubishi.o)
 .debug_info    0x00012df8      0xc7e C:\Users\Ethan\Documents\Atmel Studio\7.0\WaterDropper\WaterDropper\ArduinoCore\Debug\libArduinoCore.a(ir_NEC.o)
 .debug_info    0x00013a76      0xbdd C:\Users\Ethan\Documents\Atmel Studio\7.0\WaterDropper\WaterDropper\ArduinoCore\Debug\libArduinoCore.a(ir_Panasonic.o)
 .debug_info    0x00014653     0x12ef C:\Users\Ethan\Documents\Atmel Studio\7.0\WaterDropper\WaterDropper\ArduinoCore\Debug\libArduinoCore.a(ir_RC5_RC6.o)
 .debug_info    0x00015942      0xc7e C:\Users\Ethan\Documents\Atmel Studio\7.0\WaterDropper\WaterDropper\ArduinoCore\Debug\libArduinoCore.a(ir_Samsung.o)
 .debug_info    0x000165c0      0x787 C:\Users\Ethan\Documents\Atmel Studio\7.0\WaterDropper\WaterDropper\ArduinoCore\Debug\libArduinoCore.a(ir_Sanyo.o)
 .debug_info    0x00016d47      0xbba C:\Users\Ethan\Documents\Atmel Studio\7.0\WaterDropper\WaterDropper\ArduinoCore\Debug\libArduinoCore.a(ir_Sony.o)
 .debug_info    0x00017901      0xce4 C:\Users\Ethan\Documents\Atmel Studio\7.0\WaterDropper\WaterDropper\ArduinoCore\Debug\libArduinoCore.a(ir_Whynter.o)
 .debug_info    0x000185e5     0x1bdd C:\Users\Ethan\Documents\Atmel Studio\7.0\WaterDropper\WaterDropper\ArduinoCore\Debug\libArduinoCore.a(LiquidCrystal.o)
 .debug_info    0x0001a1c2       0x3e C:\Users\Ethan\Documents\Atmel Studio\7.0\WaterDropper\WaterDropper\ArduinoCore\Debug\libArduinoCore.a(hooks.o)

.debug_abbrev   0x00000000     0x4306
 *(.debug_abbrev)
 .debug_abbrev  0x00000000      0x5a2 C:/Program Files (x86)/Atmel/Studio/7.0/Packs/atmel/ATmega_DFP/1.2.209/gcc/dev/atmega328p/avr5/crtatmega328p.o
 .debug_abbrev  0x000005a2      0x5f8 Sketch.o
 .debug_abbrev  0x00000b9a      0x4b7 C:\Users\Ethan\Documents\Atmel Studio\7.0\WaterDropper\WaterDropper\ArduinoCore\Debug\libArduinoCore.a(HardwareSerial.o)
 .debug_abbrev  0x00001051      0x3ce C:\Users\Ethan\Documents\Atmel Studio\7.0\WaterDropper\WaterDropper\ArduinoCore\Debug\libArduinoCore.a(HardwareSerial0.o)
 .debug_abbrev  0x0000141f      0x12d C:\Users\Ethan\Documents\Atmel Studio\7.0\WaterDropper\WaterDropper\ArduinoCore\Debug\libArduinoCore.a(main.o)
 .debug_abbrev  0x0000154c      0x47a C:\Users\Ethan\Documents\Atmel Studio\7.0\WaterDropper\WaterDropper\ArduinoCore\Debug\libArduinoCore.a(Print.o)
 .debug_abbrev  0x000019c6      0x146 C:\Users\Ethan\Documents\Atmel Studio\7.0\WaterDropper\WaterDropper\ArduinoCore\Debug\libArduinoCore.a(wiring.o)
 .debug_abbrev  0x00001b0c      0x15b C:\Users\Ethan\Documents\Atmel Studio\7.0\WaterDropper\WaterDropper\ArduinoCore\Debug\libArduinoCore.a(wiring_digital.o)
 .debug_abbrev  0x00001c67      0x4c2 C:\Users\Ethan\Documents\Atmel Studio\7.0\WaterDropper\WaterDropper\ArduinoCore\Debug\libArduinoCore.a(WString.o)
 .debug_abbrev  0x00002129      0x2bb C:\Users\Ethan\Documents\Atmel Studio\7.0\WaterDropper\WaterDropper\ArduinoCore\Debug\libArduinoCore.a(irRecv.o)
 .debug_abbrev  0x000023e4      0x147 C:\Users\Ethan\Documents\Atmel Studio\7.0\WaterDropper\WaterDropper\ArduinoCore\Debug\libArduinoCore.a(IRremote.o)
 .debug_abbrev  0x0000252b      0x251 C:\Users\Ethan\Documents\Atmel Studio\7.0\WaterDropper\WaterDropper\ArduinoCore\Debug\libArduinoCore.a(ir_Aiwa.o)
 .debug_abbrev  0x0000277c      0x240 C:\Users\Ethan\Documents\Atmel Studio\7.0\WaterDropper\WaterDropper\ArduinoCore\Debug\libArduinoCore.a(ir_Denon.o)
 .debug_abbrev  0x000029bc      0x240 C:\Users\Ethan\Documents\Atmel Studio\7.0\WaterDropper\WaterDropper\ArduinoCore\Debug\libArduinoCore.a(ir_JVC.o)
 .debug_abbrev  0x00002bfc      0x240 C:\Users\Ethan\Documents\Atmel Studio\7.0\WaterDropper\WaterDropper\ArduinoCore\Debug\libArduinoCore.a(ir_LG.o)
 .debug_abbrev  0x00002e3c      0x1f0 C:\Users\Ethan\Documents\Atmel Studio\7.0\WaterDropper\WaterDropper\ArduinoCore\Debug\libArduinoCore.a(ir_Mitsubishi.o)
 .debug_abbrev  0x0000302c      0x240 C:\Users\Ethan\Documents\Atmel Studio\7.0\WaterDropper\WaterDropper\ArduinoCore\Debug\libArduinoCore.a(ir_NEC.o)
 .debug_abbrev  0x0000326c      0x20d C:\Users\Ethan\Documents\Atmel Studio\7.0\WaterDropper\WaterDropper\ArduinoCore\Debug\libArduinoCore.a(ir_Panasonic.o)
 .debug_abbrev  0x00003479      0x269 C:\Users\Ethan\Documents\Atmel Studio\7.0\WaterDropper\WaterDropper\ArduinoCore\Debug\libArduinoCore.a(ir_RC5_RC6.o)
 .debug_abbrev  0x000036e2      0x240 C:\Users\Ethan\Documents\Atmel Studio\7.0\WaterDropper\WaterDropper\ArduinoCore\Debug\libArduinoCore.a(ir_Samsung.o)
 .debug_abbrev  0x00003922      0x1f0 C:\Users\Ethan\Documents\Atmel Studio\7.0\WaterDropper\WaterDropper\ArduinoCore\Debug\libArduinoCore.a(ir_Sanyo.o)
 .debug_abbrev  0x00003b12      0x225 C:\Users\Ethan\Documents\Atmel Studio\7.0\WaterDropper\WaterDropper\ArduinoCore\Debug\libArduinoCore.a(ir_Sony.o)
 .debug_abbrev  0x00003d37      0x240 C:\Users\Ethan\Documents\Atmel Studio\7.0\WaterDropper\WaterDropper\ArduinoCore\Debug\libArduinoCore.a(ir_Whynter.o)
 .debug_abbrev  0x00003f77      0x365 C:\Users\Ethan\Documents\Atmel Studio\7.0\WaterDropper\WaterDropper\ArduinoCore\Debug\libArduinoCore.a(LiquidCrystal.o)
 .debug_abbrev  0x000042dc       0x2a C:\Users\Ethan\Documents\Atmel Studio\7.0\WaterDropper\WaterDropper\ArduinoCore\Debug\libArduinoCore.a(hooks.o)

.debug_line     0x00000000     0x62d3
 *(.debug_line .debug_line.* .debug_line_end)
 .debug_line    0x00000000      0x133 C:/Program Files (x86)/Atmel/Studio/7.0/Packs/atmel/ATmega_DFP/1.2.209/gcc/dev/atmega328p/avr5/crtatmega328p.o
 .debug_line    0x00000133      0xd3f Sketch.o
 .debug_line    0x00000e72      0x4d9 C:\Users\Ethan\Documents\Atmel Studio\7.0\WaterDropper\WaterDropper\ArduinoCore\Debug\libArduinoCore.a(HardwareSerial.o)
 .debug_line    0x0000134b      0x2a1 C:\Users\Ethan\Documents\Atmel Studio\7.0\WaterDropper\WaterDropper\ArduinoCore\Debug\libArduinoCore.a(HardwareSerial0.o)
 .debug_line    0x000015ec      0x17a C:\Users\Ethan\Documents\Atmel Studio\7.0\WaterDropper\WaterDropper\ArduinoCore\Debug\libArduinoCore.a(main.o)
 .debug_line    0x00001766      0x69a C:\Users\Ethan\Documents\Atmel Studio\7.0\WaterDropper\WaterDropper\ArduinoCore\Debug\libArduinoCore.a(Print.o)
 .debug_line    0x00001e00      0x2ae C:\Users\Ethan\Documents\Atmel Studio\7.0\WaterDropper\WaterDropper\ArduinoCore\Debug\libArduinoCore.a(wiring.o)
 .debug_line    0x000020ae      0x267 C:\Users\Ethan\Documents\Atmel Studio\7.0\WaterDropper\WaterDropper\ArduinoCore\Debug\libArduinoCore.a(wiring_digital.o)
 .debug_line    0x00002315     0x1355 C:\Users\Ethan\Documents\Atmel Studio\7.0\WaterDropper\WaterDropper\ArduinoCore\Debug\libArduinoCore.a(WString.o)
 .debug_line    0x0000366a      0x36c C:\Users\Ethan\Documents\Atmel Studio\7.0\WaterDropper\WaterDropper\ArduinoCore\Debug\libArduinoCore.a(irRecv.o)
 .debug_line    0x000039d6      0x2c8 C:\Users\Ethan\Documents\Atmel Studio\7.0\WaterDropper\WaterDropper\ArduinoCore\Debug\libArduinoCore.a(IRremote.o)
 .debug_line    0x00003c9e      0x269 C:\Users\Ethan\Documents\Atmel Studio\7.0\WaterDropper\WaterDropper\ArduinoCore\Debug\libArduinoCore.a(ir_Aiwa.o)
 .debug_line    0x00003f07      0x233 C:\Users\Ethan\Documents\Atmel Studio\7.0\WaterDropper\WaterDropper\ArduinoCore\Debug\libArduinoCore.a(ir_Denon.o)
 .debug_line    0x0000413a      0x26f C:\Users\Ethan\Documents\Atmel Studio\7.0\WaterDropper\WaterDropper\ArduinoCore\Debug\libArduinoCore.a(ir_JVC.o)
 .debug_line    0x000043a9      0x22e C:\Users\Ethan\Documents\Atmel Studio\7.0\WaterDropper\WaterDropper\ArduinoCore\Debug\libArduinoCore.a(ir_LG.o)
 .debug_line    0x000045d7      0x1d0 C:\Users\Ethan\Documents\Atmel Studio\7.0\WaterDropper\WaterDropper\ArduinoCore\Debug\libArduinoCore.a(ir_Mitsubishi.o)
 .debug_line    0x000047a7      0x259 C:\Users\Ethan\Documents\Atmel Studio\7.0\WaterDropper\WaterDropper\ArduinoCore\Debug\libArduinoCore.a(ir_NEC.o)
 .debug_line    0x00004a00      0x238 C:\Users\Ethan\Documents\Atmel Studio\7.0\WaterDropper\WaterDropper\ArduinoCore\Debug\libArduinoCore.a(ir_Panasonic.o)
 .debug_line    0x00004c38      0x446 C:\Users\Ethan\Documents\Atmel Studio\7.0\WaterDropper\WaterDropper\ArduinoCore\Debug\libArduinoCore.a(ir_RC5_RC6.o)
 .debug_line    0x0000507e      0x25d C:\Users\Ethan\Documents\Atmel Studio\7.0\WaterDropper\WaterDropper\ArduinoCore\Debug\libArduinoCore.a(ir_Samsung.o)
 .debug_line    0x000052db      0x1e3 C:\Users\Ethan\Documents\Atmel Studio\7.0\WaterDropper\WaterDropper\ArduinoCore\Debug\libArduinoCore.a(ir_Sanyo.o)
 .debug_line    0x000054be      0x23a C:\Users\Ethan\Documents\Atmel Studio\7.0\WaterDropper\WaterDropper\ArduinoCore\Debug\libArduinoCore.a(ir_Sony.o)
 .debug_line    0x000056f8      0x25d C:\Users\Ethan\Documents\Atmel Studio\7.0\WaterDropper\WaterDropper\ArduinoCore\Debug\libArduinoCore.a(ir_Whynter.o)
 .debug_line    0x00005955      0x93d C:\Users\Ethan\Documents\Atmel Studio\7.0\WaterDropper\WaterDropper\ArduinoCore\Debug\libArduinoCore.a(LiquidCrystal.o)
 .debug_line    0x00006292       0x41 C:\Users\Ethan\Documents\Atmel Studio\7.0\WaterDropper\WaterDropper\ArduinoCore\Debug\libArduinoCore.a(hooks.o)

.debug_frame    0x00000000     0x22bc
 *(.debug_frame)
 .debug_frame   0x00000000      0x31c Sketch.o
 .debug_frame   0x0000031c      0x110 C:\Users\Ethan\Documents\Atmel Studio\7.0\WaterDropper\WaterDropper\ArduinoCore\Debug\libArduinoCore.a(HardwareSerial.o)
 .debug_frame   0x0000042c       0xe0 C:\Users\Ethan\Documents\Atmel Studio\7.0\WaterDropper\WaterDropper\ArduinoCore\Debug\libArduinoCore.a(HardwareSerial0.o)
 .debug_frame   0x0000050c       0x54 C:\Users\Ethan\Documents\Atmel Studio\7.0\WaterDropper\WaterDropper\ArduinoCore\Debug\libArduinoCore.a(main.o)
 .debug_frame   0x00000560      0x3ac C:\Users\Ethan\Documents\Atmel Studio\7.0\WaterDropper\WaterDropper\ArduinoCore\Debug\libArduinoCore.a(Print.o)
 .debug_frame   0x0000090c       0xc4 C:\Users\Ethan\Documents\Atmel Studio\7.0\WaterDropper\WaterDropper\ArduinoCore\Debug\libArduinoCore.a(wiring.o)
 .debug_frame   0x000009d0       0x7c C:\Users\Ethan\Documents\Atmel Studio\7.0\WaterDropper\WaterDropper\ArduinoCore\Debug\libArduinoCore.a(wiring_digital.o)
 .debug_frame   0x00000a4c      0xa60 C:\Users\Ethan\Documents\Atmel Studio\7.0\WaterDropper\WaterDropper\ArduinoCore\Debug\libArduinoCore.a(WString.o)
 .debug_frame   0x000014ac      0x134 C:\Users\Ethan\Documents\Atmel Studio\7.0\WaterDropper\WaterDropper\ArduinoCore\Debug\libArduinoCore.a(irRecv.o)
 .debug_frame   0x000015e0       0xfc C:\Users\Ethan\Documents\Atmel Studio\7.0\WaterDropper\WaterDropper\ArduinoCore\Debug\libArduinoCore.a(IRremote.o)
 .debug_frame   0x000016dc       0xa4 C:\Users\Ethan\Documents\Atmel Studio\7.0\WaterDropper\WaterDropper\ArduinoCore\Debug\libArduinoCore.a(ir_Aiwa.o)
 .debug_frame   0x00001780       0x9c C:\Users\Ethan\Documents\Atmel Studio\7.0\WaterDropper\WaterDropper\ArduinoCore\Debug\libArduinoCore.a(ir_Denon.o)
 .debug_frame   0x0000181c       0xa0 C:\Users\Ethan\Documents\Atmel Studio\7.0\WaterDropper\WaterDropper\ArduinoCore\Debug\libArduinoCore.a(ir_JVC.o)
 .debug_frame   0x000018bc       0x9c C:\Users\Ethan\Documents\Atmel Studio\7.0\WaterDropper\WaterDropper\ArduinoCore\Debug\libArduinoCore.a(ir_LG.o)
 .debug_frame   0x00001958       0x6c C:\Users\Ethan\Documents\Atmel Studio\7.0\WaterDropper\WaterDropper\ArduinoCore\Debug\libArduinoCore.a(ir_Mitsubishi.o)
 .debug_frame   0x000019c4       0x9c C:\Users\Ethan\Documents\Atmel Studio\7.0\WaterDropper\WaterDropper\ArduinoCore\Debug\libArduinoCore.a(ir_NEC.o)
 .debug_frame   0x00001a60       0xcc C:\Users\Ethan\Documents\Atmel Studio\7.0\WaterDropper\WaterDropper\ArduinoCore\Debug\libArduinoCore.a(ir_Panasonic.o)
 .debug_frame   0x00001b2c      0x1dc C:\Users\Ethan\Documents\Atmel Studio\7.0\WaterDropper\WaterDropper\ArduinoCore\Debug\libArduinoCore.a(ir_RC5_RC6.o)
 .debug_frame   0x00001d08       0x9c C:\Users\Ethan\Documents\Atmel Studio\7.0\WaterDropper\WaterDropper\ArduinoCore\Debug\libArduinoCore.a(ir_Samsung.o)
 .debug_frame   0x00001da4       0x60 C:\Users\Ethan\Documents\Atmel Studio\7.0\WaterDropper\WaterDropper\ArduinoCore\Debug\libArduinoCore.a(ir_Sanyo.o)
 .debug_frame   0x00001e04       0xa4 C:\Users\Ethan\Documents\Atmel Studio\7.0\WaterDropper\WaterDropper\ArduinoCore\Debug\libArduinoCore.a(ir_Sony.o)
 .debug_frame   0x00001ea8       0x9c C:\Users\Ethan\Documents\Atmel Studio\7.0\WaterDropper\WaterDropper\ArduinoCore\Debug\libArduinoCore.a(ir_Whynter.o)
 .debug_frame   0x00001f44      0x354 C:\Users\Ethan\Documents\Atmel Studio\7.0\WaterDropper\WaterDropper\ArduinoCore\Debug\libArduinoCore.a(LiquidCrystal.o)
 .debug_frame   0x00002298       0x24 C:\Users\Ethan\Documents\Atmel Studio\7.0\WaterDropper\WaterDropper\ArduinoCore\Debug\libArduinoCore.a(hooks.o)

.debug_str      0x00000000     0x3725
 *(.debug_str)
 .debug_str     0x00000000      0x208 C:/Program Files (x86)/Atmel/Studio/7.0/Packs/atmel/ATmega_DFP/1.2.209/gcc/dev/atmega328p/avr5/crtatmega328p.o
 .debug_str     0x00000208     0x1767 Sketch.o
                               0x1860 (size before relaxing)
 .debug_str     0x0000196f      0x81c C:\Users\Ethan\Documents\Atmel Studio\7.0\WaterDropper\WaterDropper\ArduinoCore\Debug\libArduinoCore.a(HardwareSerial.o)
                               0x1616 (size before relaxing)
 .debug_str     0x0000218b       0x86 C:\Users\Ethan\Documents\Atmel Studio\7.0\WaterDropper\WaterDropper\ArduinoCore\Debug\libArduinoCore.a(HardwareSerial0.o)
                               0x1409 (size before relaxing)
 .debug_str     0x00002211       0x37 C:\Users\Ethan\Documents\Atmel Studio\7.0\WaterDropper\WaterDropper\ArduinoCore\Debug\libArduinoCore.a(main.o)
                                0x2b5 (size before relaxing)
 .debug_str     0x00002248      0x35e C:\Users\Ethan\Documents\Atmel Studio\7.0\WaterDropper\WaterDropper\ArduinoCore\Debug\libArduinoCore.a(Print.o)
                               0x1243 (size before relaxing)
 .debug_str     0x000025a6      0x155 C:\Users\Ethan\Documents\Atmel Studio\7.0\WaterDropper\WaterDropper\ArduinoCore\Debug\libArduinoCore.a(wiring.o)
                                0x24b (size before relaxing)
 .debug_str     0x000026fb       0xcf C:\Users\Ethan\Documents\Atmel Studio\7.0\WaterDropper\WaterDropper\ArduinoCore\Debug\libArduinoCore.a(wiring_digital.o)
                                0x2b0 (size before relaxing)
 .debug_str     0x000027ca      0x3d0 C:\Users\Ethan\Documents\Atmel Studio\7.0\WaterDropper\WaterDropper\ArduinoCore\Debug\libArduinoCore.a(WString.o)
                               0x1196 (size before relaxing)
 .debug_str     0x00002b9a       0x91 C:\Users\Ethan\Documents\Atmel Studio\7.0\WaterDropper\WaterDropper\ArduinoCore\Debug\libArduinoCore.a(irRecv.o)
                                0x7eb (size before relaxing)
 .debug_str     0x00002c2b       0xb6 C:\Users\Ethan\Documents\Atmel Studio\7.0\WaterDropper\WaterDropper\ArduinoCore\Debug\libArduinoCore.a(IRremote.o)
                                0x385 (size before relaxing)
 .debug_str     0x00002ce1      0x2f2 C:\Users\Ethan\Documents\Atmel Studio\7.0\WaterDropper\WaterDropper\ArduinoCore\Debug\libArduinoCore.a(ir_Aiwa.o)
                                0xacf (size before relaxing)
 .debug_str     0x00002fd3       0x2d C:\Users\Ethan\Documents\Atmel Studio\7.0\WaterDropper\WaterDropper\ArduinoCore\Debug\libArduinoCore.a(ir_Denon.o)
                                0xad1 (size before relaxing)
 .debug_str     0x00003000       0x2c C:\Users\Ethan\Documents\Atmel Studio\7.0\WaterDropper\WaterDropper\ArduinoCore\Debug\libArduinoCore.a(ir_JVC.o)
                                0xad6 (size before relaxing)
 .debug_str     0x0000302c       0x24 C:\Users\Ethan\Documents\Atmel Studio\7.0\WaterDropper\WaterDropper\ArduinoCore\Debug\libArduinoCore.a(ir_LG.o)
                                0xace (size before relaxing)
 .debug_str     0x00003050       0x2c C:\Users\Ethan\Documents\Atmel Studio\7.0\WaterDropper\WaterDropper\ArduinoCore\Debug\libArduinoCore.a(ir_Mitsubishi.o)
                                0x7fe (size before relaxing)
 .debug_str     0x0000307c       0x25 C:\Users\Ethan\Documents\Atmel Studio\7.0\WaterDropper\WaterDropper\ArduinoCore\Debug\libArduinoCore.a(ir_NEC.o)
                                0xacf (size before relaxing)
 .debug_str     0x000030a1       0x2b C:\Users\Ethan\Documents\Atmel Studio\7.0\WaterDropper\WaterDropper\ArduinoCore\Debug\libArduinoCore.a(ir_Panasonic.o)
                                0xa84 (size before relaxing)
 .debug_str     0x000030cc       0x53 C:\Users\Ethan\Documents\Atmel Studio\7.0\WaterDropper\WaterDropper\ArduinoCore\Debug\libArduinoCore.a(ir_RC5_RC6.o)
                                0xb0e (size before relaxing)
 .debug_str     0x0000311f       0x29 C:\Users\Ethan\Documents\Atmel Studio\7.0\WaterDropper\WaterDropper\ArduinoCore\Debug\libArduinoCore.a(ir_Samsung.o)
                                0xad3 (size before relaxing)
 .debug_str     0x00003148       0x27 C:\Users\Ethan\Documents\Atmel Studio\7.0\WaterDropper\WaterDropper\ArduinoCore\Debug\libArduinoCore.a(ir_Sanyo.o)
                                0x7f9 (size before relaxing)
 .debug_str     0x0000316f       0x26 C:\Users\Ethan\Documents\Atmel Studio\7.0\WaterDropper\WaterDropper\ArduinoCore\Debug\libArduinoCore.a(ir_Sony.o)
                                0xad0 (size before relaxing)
 .debug_str     0x00003195       0x29 C:\Users\Ethan\Documents\Atmel Studio\7.0\WaterDropper\WaterDropper\ArduinoCore\Debug\libArduinoCore.a(ir_Whynter.o)
                                0xad3 (size before relaxing)
 .debug_str     0x000031be      0x54b C:\Users\Ethan\Documents\Atmel Studio\7.0\WaterDropper\WaterDropper\ArduinoCore\Debug\libArduinoCore.a(LiquidCrystal.o)
                                0x94a (size before relaxing)
 .debug_str     0x00003709       0x1c C:\Users\Ethan\Documents\Atmel Studio\7.0\WaterDropper\WaterDropper\ArduinoCore\Debug\libArduinoCore.a(hooks.o)
                                0x140 (size before relaxing)

.debug_loc      0x00000000     0xce16
 *(.debug_loc)
 .debug_loc     0x00000000     0x1192 Sketch.o
 .debug_loc     0x00001192      0x4dc C:\Users\Ethan\Documents\Atmel Studio\7.0\WaterDropper\WaterDropper\ArduinoCore\Debug\libArduinoCore.a(HardwareSerial.o)
 .debug_loc     0x0000166e      0x1b0 C:\Users\Ethan\Documents\Atmel Studio\7.0\WaterDropper\WaterDropper\ArduinoCore\Debug\libArduinoCore.a(HardwareSerial0.o)
 .debug_loc     0x0000181e     0x1c87 C:\Users\Ethan\Documents\Atmel Studio\7.0\WaterDropper\WaterDropper\ArduinoCore\Debug\libArduinoCore.a(Print.o)
 .debug_loc     0x000034a5      0x28d C:\Users\Ethan\Documents\Atmel Studio\7.0\WaterDropper\WaterDropper\ArduinoCore\Debug\libArduinoCore.a(wiring.o)
 .debug_loc     0x00003732      0x5fc C:\Users\Ethan\Documents\Atmel Studio\7.0\WaterDropper\WaterDropper\ArduinoCore\Debug\libArduinoCore.a(wiring_digital.o)
 .debug_loc     0x00003d2e     0x422d C:\Users\Ethan\Documents\Atmel Studio\7.0\WaterDropper\WaterDropper\ArduinoCore\Debug\libArduinoCore.a(WString.o)
 .debug_loc     0x00007f5b      0x534 C:\Users\Ethan\Documents\Atmel Studio\7.0\WaterDropper\WaterDropper\ArduinoCore\Debug\libArduinoCore.a(irRecv.o)
 .debug_loc     0x0000848f      0x342 C:\Users\Ethan\Documents\Atmel Studio\7.0\WaterDropper\WaterDropper\ArduinoCore\Debug\libArduinoCore.a(IRremote.o)
 .debug_loc     0x000087d1      0x362 C:\Users\Ethan\Documents\Atmel Studio\7.0\WaterDropper\WaterDropper\ArduinoCore\Debug\libArduinoCore.a(ir_Aiwa.o)
 .debug_loc     0x00008b33      0x308 C:\Users\Ethan\Documents\Atmel Studio\7.0\WaterDropper\WaterDropper\ArduinoCore\Debug\libArduinoCore.a(ir_Denon.o)
 .debug_loc     0x00008e3b      0x34d C:\Users\Ethan\Documents\Atmel Studio\7.0\WaterDropper\WaterDropper\ArduinoCore\Debug\libArduinoCore.a(ir_JVC.o)
 .debug_loc     0x00009188      0x325 C:\Users\Ethan\Documents\Atmel Studio\7.0\WaterDropper\WaterDropper\ArduinoCore\Debug\libArduinoCore.a(ir_LG.o)
 .debug_loc     0x000094ad      0x20c C:\Users\Ethan\Documents\Atmel Studio\7.0\WaterDropper\WaterDropper\ArduinoCore\Debug\libArduinoCore.a(ir_Mitsubishi.o)
 .debug_loc     0x000096b9      0x2ea C:\Users\Ethan\Documents\Atmel Studio\7.0\WaterDropper\WaterDropper\ArduinoCore\Debug\libArduinoCore.a(ir_NEC.o)
 .debug_loc     0x000099a3      0x405 C:\Users\Ethan\Documents\Atmel Studio\7.0\WaterDropper\WaterDropper\ArduinoCore\Debug\libArduinoCore.a(ir_Panasonic.o)
 .debug_loc     0x00009da8      0xa9e C:\Users\Ethan\Documents\Atmel Studio\7.0\WaterDropper\WaterDropper\ArduinoCore\Debug\libArduinoCore.a(ir_RC5_RC6.o)
 .debug_loc     0x0000a846      0x2f6 C:\Users\Ethan\Documents\Atmel Studio\7.0\WaterDropper\WaterDropper\ArduinoCore\Debug\libArduinoCore.a(ir_Samsung.o)
 .debug_loc     0x0000ab3c      0x1ec C:\Users\Ethan\Documents\Atmel Studio\7.0\WaterDropper\WaterDropper\ArduinoCore\Debug\libArduinoCore.a(ir_Sanyo.o)
 .debug_loc     0x0000ad28      0x343 C:\Users\Ethan\Documents\Atmel Studio\7.0\WaterDropper\WaterDropper\ArduinoCore\Debug\libArduinoCore.a(ir_Sony.o)
 .debug_loc     0x0000b06b      0x33d C:\Users\Ethan\Documents\Atmel Studio\7.0\WaterDropper\WaterDropper\ArduinoCore\Debug\libArduinoCore.a(ir_Whynter.o)
 .debug_loc     0x0000b3a8     0x1a6e C:\Users\Ethan\Documents\Atmel Studio\7.0\WaterDropper\WaterDropper\ArduinoCore\Debug\libArduinoCore.a(LiquidCrystal.o)

.debug_macinfo
 *(.debug_macinfo)

.debug_weaknames
 *(.debug_weaknames)

.debug_funcnames
 *(.debug_funcnames)

.debug_typenames
 *(.debug_typenames)

.debug_varnames
 *(.debug_varnames)

.debug_pubtypes
 *(.debug_pubtypes)

.debug_ranges   0x00000000      0x920
 *(.debug_ranges)
 .debug_ranges  0x00000000       0xd0 Sketch.o
 .debug_ranges  0x000000d0       0x58 C:\Users\Ethan\Documents\Atmel Studio\7.0\WaterDropper\WaterDropper\ArduinoCore\Debug\libArduinoCore.a(HardwareSerial.o)
 .debug_ranges  0x00000128       0x38 C:\Users\Ethan\Documents\Atmel Studio\7.0\WaterDropper\WaterDropper\ArduinoCore\Debug\libArduinoCore.a(HardwareSerial0.o)
 .debug_ranges  0x00000160       0x20 C:\Users\Ethan\Documents\Atmel Studio\7.0\WaterDropper\WaterDropper\ArduinoCore\Debug\libArduinoCore.a(main.o)
 .debug_ranges  0x00000180      0x120 C:\Users\Ethan\Documents\Atmel Studio\7.0\WaterDropper\WaterDropper\ArduinoCore\Debug\libArduinoCore.a(Print.o)
 .debug_ranges  0x000002a0       0x38 C:\Users\Ethan\Documents\Atmel Studio\7.0\WaterDropper\WaterDropper\ArduinoCore\Debug\libArduinoCore.a(wiring.o)
 .debug_ranges  0x000002d8       0x28 C:\Users\Ethan\Documents\Atmel Studio\7.0\WaterDropper\WaterDropper\ArduinoCore\Debug\libArduinoCore.a(wiring_digital.o)
 .debug_ranges  0x00000300      0x2f8 C:\Users\Ethan\Documents\Atmel Studio\7.0\WaterDropper\WaterDropper\ArduinoCore\Debug\libArduinoCore.a(WString.o)
 .debug_ranges  0x000005f8       0x50 C:\Users\Ethan\Documents\Atmel Studio\7.0\WaterDropper\WaterDropper\ArduinoCore\Debug\libArduinoCore.a(irRecv.o)
 .debug_ranges  0x00000648       0x28 C:\Users\Ethan\Documents\Atmel Studio\7.0\WaterDropper\WaterDropper\ArduinoCore\Debug\libArduinoCore.a(IRremote.o)
 .debug_ranges  0x00000670       0x18 C:\Users\Ethan\Documents\Atmel Studio\7.0\WaterDropper\WaterDropper\ArduinoCore\Debug\libArduinoCore.a(ir_Aiwa.o)
 .debug_ranges  0x00000688       0x18 C:\Users\Ethan\Documents\Atmel Studio\7.0\WaterDropper\WaterDropper\ArduinoCore\Debug\libArduinoCore.a(ir_Denon.o)
 .debug_ranges  0x000006a0       0x18 C:\Users\Ethan\Documents\Atmel Studio\7.0\WaterDropper\WaterDropper\ArduinoCore\Debug\libArduinoCore.a(ir_JVC.o)
 .debug_ranges  0x000006b8       0x18 C:\Users\Ethan\Documents\Atmel Studio\7.0\WaterDropper\WaterDropper\ArduinoCore\Debug\libArduinoCore.a(ir_LG.o)
 .debug_ranges  0x000006d0       0x10 C:\Users\Ethan\Documents\Atmel Studio\7.0\WaterDropper\WaterDropper\ArduinoCore\Debug\libArduinoCore.a(ir_Mitsubishi.o)
 .debug_ranges  0x000006e0       0x18 C:\Users\Ethan\Documents\Atmel Studio\7.0\WaterDropper\WaterDropper\ArduinoCore\Debug\libArduinoCore.a(ir_NEC.o)
 .debug_ranges  0x000006f8       0x18 C:\Users\Ethan\Documents\Atmel Studio\7.0\WaterDropper\WaterDropper\ArduinoCore\Debug\libArduinoCore.a(ir_Panasonic.o)
 .debug_ranges  0x00000710       0x30 C:\Users\Ethan\Documents\Atmel Studio\7.0\WaterDropper\WaterDropper\ArduinoCore\Debug\libArduinoCore.a(ir_RC5_RC6.o)
 .debug_ranges  0x00000740       0x18 C:\Users\Ethan\Documents\Atmel Studio\7.0\WaterDropper\WaterDropper\ArduinoCore\Debug\libArduinoCore.a(ir_Samsung.o)
 .debug_ranges  0x00000758       0x10 C:\Users\Ethan\Documents\Atmel Studio\7.0\WaterDropper\WaterDropper\ArduinoCore\Debug\libArduinoCore.a(ir_Sanyo.o)
 .debug_ranges  0x00000768       0x18 C:\Users\Ethan\Documents\Atmel Studio\7.0\WaterDropper\WaterDropper\ArduinoCore\Debug\libArduinoCore.a(ir_Sony.o)
 .debug_ranges  0x00000780       0x18 C:\Users\Ethan\Documents\Atmel Studio\7.0\WaterDropper\WaterDropper\ArduinoCore\Debug\libArduinoCore.a(ir_Whynter.o)
 .debug_ranges  0x00000798      0x178 C:\Users\Ethan\Documents\Atmel Studio\7.0\WaterDropper\WaterDropper\ArduinoCore\Debug\libArduinoCore.a(LiquidCrystal.o)
 .debug_ranges  0x00000910       0x10 C:\Users\Ethan\Documents\Atmel Studio\7.0\WaterDropper\WaterDropper\ArduinoCore\Debug\libArduinoCore.a(hooks.o)

.debug_macro
 *(.debug_macro)
OUTPUT(WaterDropper.elf elf32-avr)
LOAD linker stubs
