Archive member included to satisfy reference by file (symbol)

c:/program files (x86)/atmel/studio/7.0/toolchain/avr8/avr8-gnu-toolchain/bin/../lib/gcc/avr/5.4.0/../../../../avr/lib/avr5\libm.a(addsf3.o)
                              Sketch.o (__addsf3)
c:/program files (x86)/atmel/studio/7.0/toolchain/avr8/avr8-gnu-toolchain/bin/../lib/gcc/avr/5.4.0/../../../../avr/lib/avr5\libm.a(addsf3x.o)
                              c:/program files (x86)/atmel/studio/7.0/toolchain/avr8/avr8-gnu-toolchain/bin/../lib/gcc/avr/5.4.0/../../../../avr/lib/avr5\libm.a(addsf3.o) (__addsf3x)
c:/program files (x86)/atmel/studio/7.0/toolchain/avr8/avr8-gnu-toolchain/bin/../lib/gcc/avr/5.4.0/../../../../avr/lib/avr5\libm.a(cmpsf2.o)
                              Sketch.o (__nesf2)
c:/program files (x86)/atmel/studio/7.0/toolchain/avr8/avr8-gnu-toolchain/bin/../lib/gcc/avr/5.4.0/../../../../avr/lib/avr5\libm.a(divsf3.o)
                              Sketch.o (__divsf3)
c:/program files (x86)/atmel/studio/7.0/toolchain/avr8/avr8-gnu-toolchain/bin/../lib/gcc/avr/5.4.0/../../../../avr/lib/avr5\libm.a(divsf3x.o)
                              c:/program files (x86)/atmel/studio/7.0/toolchain/avr8/avr8-gnu-toolchain/bin/../lib/gcc/avr/5.4.0/../../../../avr/lib/avr5\libm.a(divsf3.o) (__divsf3x)
c:/program files (x86)/atmel/studio/7.0/toolchain/avr8/avr8-gnu-toolchain/bin/../lib/gcc/avr/5.4.0/../../../../avr/lib/avr5\libm.a(fixsfsi.o)
                              Sketch.o (__fixsfsi)
c:/program files (x86)/atmel/studio/7.0/toolchain/avr8/avr8-gnu-toolchain/bin/../lib/gcc/avr/5.4.0/../../../../avr/lib/avr5\libm.a(fixunssfsi.o)
                              Sketch.o (__fixunssfsi)
c:/program files (x86)/atmel/studio/7.0/toolchain/avr8/avr8-gnu-toolchain/bin/../lib/gcc/avr/5.4.0/../../../../avr/lib/avr5\libm.a(floatsisf.o)
                              Sketch.o (__floatunsisf)
c:/program files (x86)/atmel/studio/7.0/toolchain/avr8/avr8-gnu-toolchain/bin/../lib/gcc/avr/5.4.0/../../../../avr/lib/avr5\libm.a(fp_cmp.o)
                              c:/program files (x86)/atmel/studio/7.0/toolchain/avr8/avr8-gnu-toolchain/bin/../lib/gcc/avr/5.4.0/../../../../avr/lib/avr5\libm.a(cmpsf2.o) (__fp_cmp)
c:/program files (x86)/atmel/studio/7.0/toolchain/avr8/avr8-gnu-toolchain/bin/../lib/gcc/avr/5.4.0/../../../../avr/lib/avr5\libm.a(fp_inf.o)
                              c:/program files (x86)/atmel/studio/7.0/toolchain/avr8/avr8-gnu-toolchain/bin/../lib/gcc/avr/5.4.0/../../../../avr/lib/avr5\libm.a(addsf3x.o) (__fp_inf)
c:/program files (x86)/atmel/studio/7.0/toolchain/avr8/avr8-gnu-toolchain/bin/../lib/gcc/avr/5.4.0/../../../../avr/lib/avr5\libm.a(fp_nan.o)
                              c:/program files (x86)/atmel/studio/7.0/toolchain/avr8/avr8-gnu-toolchain/bin/../lib/gcc/avr/5.4.0/../../../../avr/lib/avr5\libm.a(addsf3x.o) (__fp_nan)
c:/program files (x86)/atmel/studio/7.0/toolchain/avr8/avr8-gnu-toolchain/bin/../lib/gcc/avr/5.4.0/../../../../avr/lib/avr5\libm.a(fp_pscA.o)
                              c:/program files (x86)/atmel/studio/7.0/toolchain/avr8/avr8-gnu-toolchain/bin/../lib/gcc/avr/5.4.0/../../../../avr/lib/avr5\libm.a(addsf3x.o) (__fp_pscA)
c:/program files (x86)/atmel/studio/7.0/toolchain/avr8/avr8-gnu-toolchain/bin/../lib/gcc/avr/5.4.0/../../../../avr/lib/avr5\libm.a(fp_pscB.o)
                              c:/program files (x86)/atmel/studio/7.0/toolchain/avr8/avr8-gnu-toolchain/bin/../lib/gcc/avr/5.4.0/../../../../avr/lib/avr5\libm.a(addsf3x.o) (__fp_pscB)
c:/program files (x86)/atmel/studio/7.0/toolchain/avr8/avr8-gnu-toolchain/bin/../lib/gcc/avr/5.4.0/../../../../avr/lib/avr5\libm.a(fp_round.o)
                              c:/program files (x86)/atmel/studio/7.0/toolchain/avr8/avr8-gnu-toolchain/bin/../lib/gcc/avr/5.4.0/../../../../avr/lib/avr5\libm.a(addsf3.o) (__fp_round)
c:/program files (x86)/atmel/studio/7.0/toolchain/avr8/avr8-gnu-toolchain/bin/../lib/gcc/avr/5.4.0/../../../../avr/lib/avr5\libm.a(fp_split3.o)
                              c:/program files (x86)/atmel/studio/7.0/toolchain/avr8/avr8-gnu-toolchain/bin/../lib/gcc/avr/5.4.0/../../../../avr/lib/avr5\libm.a(addsf3x.o) (__fp_split3)
c:/program files (x86)/atmel/studio/7.0/toolchain/avr8/avr8-gnu-toolchain/bin/../lib/gcc/avr/5.4.0/../../../../avr/lib/avr5\libm.a(fp_zero.o)
                              c:/program files (x86)/atmel/studio/7.0/toolchain/avr8/avr8-gnu-toolchain/bin/../lib/gcc/avr/5.4.0/../../../../avr/lib/avr5\libm.a(addsf3x.o) (__fp_zero)
c:/program files (x86)/atmel/studio/7.0/toolchain/avr8/avr8-gnu-toolchain/bin/../lib/gcc/avr/5.4.0/../../../../avr/lib/avr5\libm.a(mulsf3.o)
                              Sketch.o (__mulsf3)
c:/program files (x86)/atmel/studio/7.0/toolchain/avr8/avr8-gnu-toolchain/bin/../lib/gcc/avr/5.4.0/../../../../avr/lib/avr5\libm.a(mulsf3x.o)
                              c:/program files (x86)/atmel/studio/7.0/toolchain/avr8/avr8-gnu-toolchain/bin/../lib/gcc/avr/5.4.0/../../../../avr/lib/avr5\libm.a(mulsf3.o) (__mulsf3x)
[...]
Memory Configuration

Name             Origin             Length             Attributes
text             0x00000000         0x00020000         xr
data             0x00800060         0x0000ffa0         rw !x
eeprom           0x00810000         0x00010000         rw !x
fuse             0x00820000         0x00000003         rw !x
lock             0x00830000         0x00000400         rw !x
signature        0x00840000         0x00000400         rw !x
user_signatures  0x00850000         0x00000400         rw !x
*default*        0x00000000         0xffffffff

Linker script and memory map

Address of section .data set to 0x800100
LOAD C:/Program Files (x86)/Atmel/Studio/7.0/Packs/atmel/ATmega_DFP/1.2.209/gcc/dev/atmega328p/avr5/crtatmega328p.o
LOAD Sketch.o
START GROUP
LOAD c:/program files (x86)/atmel/studio/7.0/toolchain/avr8/avr8-gnu-toolchain/bin/../lib/gcc/avr/5.4.0/../../../../avr/lib/avr5\libm.a
LOAD C:\Users\Ethan\Documents\Atmel Studio\7.0\WaterDropper\WaterDropper\ArduinoCore\Debug\libArduinoCore.a
END GROUP
LOAD c:/program files (x86)/atmel/studio/7.0/toolchain/avr8/avr8-gnu-toolchain/bin/../lib/gcc/avr/5.4.0/avr5\libgcc.a
LOAD c:/program files (x86)/atmel/studio/7.0/toolchain/avr8/avr8-gnu-toolchain/bin/../lib/gcc/avr/5.4.0/../../../../avr/lib/avr5\libm.a
START GROUP
LOAD c:/program files (x86)/atmel/studio/7.0/toolchain/avr8/avr8-gnu-toolchain/bin/../lib/gcc/avr/5.4.0/avr5\libgcc.a
LOAD c:/program files (x86)/atmel/studio/7.0/toolchain/avr8/avr8-gnu-toolchain/bin/../lib/gcc/avr/5.4.0/../../../../avr/lib/avr5\libm.a
LOAD c:/program files (x86)/atmel/studio/7.0/toolchain/avr8/avr8-gnu-toolchain/bin/../lib/gcc/avr/5.4.0/../../../../avr/lib/avr5\libc.a
LOAD C:/Program Files (x86)/Atmel/Studio/7.0/Packs/atmel/ATmega_DFP/1.2.209/gcc/dev/atmega328p/avr5\libatmega328p.a
END GROUP
                0x00020000                __TEXT_REGION_LENGTH__ = DEFINED (__TEXT_REGION_LENGTH__)?__TEXT_REGION_LENGTH__:0x20000
                0x0000ffa0                __DATA_REGION_LENGTH__ = DEFINED (__DATA_REGION_LENGTH__)?__DATA_REGION_LENGTH__:0xffa0
                0x00010000                __EEPROM_REGION_LENGTH__ = DEFINED (__EEPROM_REGION_LENGTH__)?__EEPROM_REGION_LENGTH__:0x10000
                [0x00000003]                __FUSE_REGION_LENGTH__ = DEFINED (__FUSE_REGION_LENGTH__)?__FUSE_REGION_LENGTH__:0x400
                0x00000400                __LOCK_REGION_LENGTH__ = DEFINED (__LOCK_REGION_LENGTH__)?__LOCK_REGION_LENGTH__:0x400
                0x00000400                __SIGNATURE_REGION_LENGTH__ = DEFINED (__SIGNATURE_REGION_LENGTH__)?__SIGNATURE_REGION_LENGTH__:0x400
                0x00000400                __USER_SIGNATURE_REGION_LENGTH__ = DEFINED (__USER_SIGNATURE_REGION_LENGTH__)?__USER_SIGNATURE_REGION_LENGTH__:0x400

.hash
 *(.hash)

.dynsym
 *(.dynsym)

.dynstr
 *(.dynstr)

.gnu.version
 *(.gnu.version)

.gnu.version_d
 *(.gnu.version_d)

.gnu.version_r
 *(.gnu.version_r)

.rel.init
 *(.rel.init)

.rela.init
 *(.rela.init)

.rel.text
 *(.rel.text)
 *(.rel.text.*)
 *(.rel.gnu.linkonce.t*)

.rela.text
 *(.rela.text)
 *(.rela.text.*)
 *(.rela.gnu.linkonce.t*)

.rel.fini
 *(.rel.fini)

.rela.fini
 *(.rela.fini)

.rel.rodata
 *(.rel.rodata)
 *(.rel.rodata.*)
 *(.rel.gnu.linkonce.r*)

.rela.rodata
 *(.rela.rodata)
 *(.rela.rodata.*)
 *(.rela.gnu.linkonce.r*)

.rel.data
 *(.rel.data)
 *(.rel.data.*)
 *(.rel.gnu.linkonce.d*)

.rela.data
 *(.rela.data)
 *(.rela.data.*)
 *(.rela.gnu.linkonce.d*)

.rel.ctors
 *(.rel.ctors)

.rela.ctors
 *(.rela.ctors)

.rel.dtors
 *(.rel.dtors)

.rela.dtors
 *(.rela.dtors)

.rel.got
 *(.rel.got)

.rela.got
 *(.rela.got)

.rel.bss
 *(.rel.bss)

.rela.bss
 *(.rela.bss)

.rel.plt
 *(.rel.plt)

.rela.plt
 *(.rela.plt)

.text           0x00000000     0x4420
 *(.vectors)
 .vectors       0x00000000       0x68 C:/Program Files (x86)/Atmel/Studio/7.0/Packs/atmel/ATmega_DFP/1.2.209/gcc/dev/atmega328p/avr5/crtatmega328p.o
                0x00000000                __vector_default
                0x00000000                __vectors
 *(.vectors)
 *(.progmem.gcc*)
 .progmem.gcc_sw_table._Z11getLCDInputv
                0x00000068       0x2a Sketch.o
 .progmem.gcc_fplib
                0x00000092       0x28 c:/program files (x86)/atmel/studio/7.0/toolchain/avr8/avr8-gnu-toolchain/bin/../lib/gcc/avr/5.4.0/../../../../avr/lib/avr5\libm.a(exp.o)
 .progmem.gcc_fplib
                0x000000ba       0x5a c:/program files (x86)/atmel/studio/7.0/toolchain/avr8/avr8-gnu-toolchain/bin/../lib/gcc/avr/5.4.0/../../../../avr/lib/avr5\libm.a(log.o)
                0x00000114                . = ALIGN (0x2)
                0x00000114                __trampolines_start = .
 *(.trampolines)
 .trampolines   0x00000114        0x0 linker stubs
 *(.trampolines*)
                0x00000114                __trampolines_end = .
 *libprintf_flt.a:*(.progmem.data)
 *libc.a:*(.progmem.data)
 *(.progmem*)
 .progmem.data.digital_pin_to_timer_PGM
                0x00000114       0x14 C:\Users\Ethan\Documents\Atmel Studio\7.0\WaterDropper\WaterDropper\ArduinoCore\Debug\libArduinoCore.a(wiring_digital.o)
                0x00000114                digital_pin_to_timer_PGM
 .progmem.data.digital_pin_to_bit_mask_PGM
                0x00000128       0x14 C:\Users\Ethan\Documents\Atmel Studio\7.0\WaterDropper\WaterDropper\ArduinoCore\Debug\libArduinoCore.a(wiring_digital.o)
                0x00000128                digital_pin_to_bit_mask_PGM
 .progmem.data.digital_pin_to_port_PGM
                0x0000013c       0x14 C:\Users\Ethan\Documents\Atmel Studio\7.0\WaterDropper\WaterDropper\ArduinoCore\Debug\libArduinoCore.a(wiring_digital.o)
                0x0000013c                digital_pin_to_port_PGM
 .progmem.data.port_to_input_PGM
                0x00000150        0xa C:\Users\Ethan\Documents\Atmel Studio\7.0\WaterDropper\WaterDropper\ArduinoCore\Debug\libArduinoCore.a(wiring_digital.o)
                0x00000150                port_to_input_PGM
 .progmem.data.port_to_output_PGM
                0x0000015a        0xa C:\Users\Ethan\Documents\Atmel Studio\7.0\WaterDropper\WaterDropper\ArduinoCore\Debug\libArduinoCore.a(wiring_digital.o)
                0x0000015a                port_to_output_PGM
 .progmem.data.port_to_mode_PGM
                0x00000164        0xa C:\Users\Ethan\Documents\Atmel Studio\7.0\WaterDropper\WaterDropper\ArduinoCore\Debug\libArduinoCore.a(wiring_digital.o)
                0x00000164                port_to_mode_PGM
                0x0000016e                . = ALIGN (0x2)
 *(.jumptables)
 *(.jumptables*)
 *(.lowtext)
 *(.lowtext*)
                0x0000016e                __ctors_start = .
 *(.ctors)
 .ctors         0x0000016e        0x2 Sketch.o
 .ctors         0x00000170        0x2 C:\Users\Ethan\Documents\Atmel Studio\7.0\WaterDropper\WaterDropper\ArduinoCore\Debug\libArduinoCore.a(HardwareSerial0.o)
                0x00000172                __ctors_end = .
                0x00000172                __dtors_start = .
 *(.dtors)
                0x00000172                __dtors_end = .
 SORT(*)(.ctors)
 SORT(*)(.dtors)
 *(.init0)
 .init0         0x00000172        0x0 C:/Program Files (x86)/Atmel/Studio/7.0/Packs/atmel/ATmega_DFP/1.2.209/gcc/dev/atmega328p/avr5/crtatmega328p.o
                0x00000172                __init
 *(.init0)
 *(.init1)
 *(.init1)
 *(.init2)
 .init2         0x00000172        0xc C:/Program Files (x86)/Atmel/Studio/7.0/Packs/atmel/ATmega_DFP/1.2.209/gcc/dev/atmega328p/avr5/crtatmega328p.o
 *(.init2)
 *(.init3)
 *(.init3)
 *(.init4)
 .init4         0x0000017e       0x16 c:/program files (x86)/atmel/studio/7.0/toolchain/avr8/avr8-gnu-toolchain/bin/../lib/gcc/avr/5.4.0/avr5\libgcc.a(_copy_data.o)
                0x0000017e                __do_copy_data
 .init4         0x00000194       0x10 c:/program files (x86)/atmel/studio/7.0/toolchain/avr8/avr8-gnu-toolchain/bin/../lib/gcc/avr/5.4.0/avr5\libgcc.a(_clear_bss.o)
                0x00000194                __do_clear_bss
 *(.init4)
 *(.init5)
 *(.init5)
 *(.init6)
 .init6         0x000001a4       0x16 c:/program files (x86)/atmel/studio/7.0/toolchain/avr8/avr8-gnu-toolchain/bin/../lib/gcc/avr/5.4.0/avr5\libgcc.a(_ctors.o)
                0x000001a4                __do_global_ctors
 *(.init6)
 *(.init7)
 *(.init7)
 *(.init8)
 *(.init8)
 *(.init9)
 .init9         0x000001ba        0x8 C:/Program Files (x86)/Atmel/Studio/7.0/Packs/atmel/ATmega_DFP/1.2.209/gcc/dev/atmega328p/avr5/crtatmega328p.o
 *(.init9)
 *(.text)
 .text          0x000001c2        0x4 C:/Program Files (x86)/Atmel/Studio/7.0/Packs/atmel/ATmega_DFP/1.2.209/gcc/dev/atmega328p/avr5/crtatmega328p.o
                0x000001c2                __vector_22
                0x000001c2                __vector_1
                0x000001c2                __vector_24
                0x000001c2                __vector_12
                0x000001c2                __bad_interrupt
                0x000001c2                __vector_6
                0x000001c2                __vector_3
                0x000001c2                __vector_23
                0x000001c2                __vector_25
                0x000001c2                __vector_11
                0x000001c2                __vector_13
                0x000001c2                __vector_17
                0x000001c2                __vector_5
                0x000001c2                __vector_4
                0x000001c2                __vector_9
                0x000001c2                __vector_2
                0x000001c2                __vector_21
                0x000001c2                __vector_15
                0x000001c2                __vector_8
                0x000001c2                __vector_14
                0x000001c2                __vector_10
                0x000001c2                __vector_20
                0x000001c6                . = ALIGN (0x2)
 *(.text.*)
 .text._Z7calcTTTf
                0x000001c6       0x3a Sketch.o
                0x000001c6                _Z7calcTTTf
 .text._Z5shootv
                0x00000200       0x12 Sketch.o
                0x00000200                _Z5shootv
 .text._Z10readRemotev
                0x00000212      0x212 Sketch.o
                0x00000212                _Z10readRemotev
 .text._Z9clearCharPcss
                0x00000424       0x26 Sketch.o
                0x00000424                _Z9clearCharPcss
 .text._Z5emptyPcs
                0x0000044a       0x16 Sketch.o
                0x0000044a                _Z5emptyPcs
 .text.setup    0x00000460       0xb8 Sketch.o
                0x00000460                setup
 .text._Z9charToNumc
                0x00000518       0x6e Sketch.o
                0x00000518                _Z9charToNumc
 .text._Z11charToShortPcs
                0x00000586      0x164 Sketch.o
                0x00000586                _Z11charToShortPcs
 .text._Z11charToFloatPcs
                0x000006ea      0x1ce Sketch.o
                0x000006ea                _Z11charToFloatPcs
 .text._Z15checkParametersv
                0x000008b8      0x108 Sketch.o
                0x000008b8                _Z15checkParametersv
 .text._Z10printErrorv
                0x000009c0       0x54 Sketch.o
                0x000009c0                _Z10printErrorv
 .text._Z6insertPcssc
                0x00000a14       0x5a Sketch.o
                0x00000a14                _Z6insertPcssc
 .text._Z11getLCDInputv
                0x00000a6e      0x5ce Sketch.o
                0x00000a6e                _Z11getLCDInputv
 .text._Z9dropWaters
                0x0000103c       0x6c Sketch.o
                0x0000103c                _Z9dropWaters
 .text._Z9dropWatersss
                0x000010a8       0xec Sketch.o
                0x000010a8                _Z9dropWatersss
 .text.loop     0x00001194      0x236 Sketch.o
                0x00001194                loop
 .text.startup._GLOBAL__sub_I_fire
                0x000013ca       0x32 Sketch.o
 .text.avr-libc.fplib
                0x000013fc        0xe c:/program files (x86)/atmel/studio/7.0/toolchain/avr8/avr8-gnu-toolchain/bin/../lib/gcc/avr/5.4.0/../../../../avr/lib/avr5\libm.a(addsf3.o)
                0x000013fc                __subsf3
                0x000013fe                __addsf3
 .text.avr-libc.fplib
                0x0000140a       0xcc c:/program files (x86)/atmel/studio/7.0/toolchain/avr8/avr8-gnu-toolchain/bin/../lib/gcc/avr/5.4.0/../../../../avr/lib/avr5\libm.a(addsf3x.o)
                0x0000142c                __addsf3x
 .text.avr-libc.fplib
                0x000014d6        0xa c:/program files (x86)/atmel/studio/7.0/toolchain/avr8/avr8-gnu-toolchain/bin/../lib/gcc/avr/5.4.0/../../../../avr/lib/avr5\libm.a(cmpsf2.o)
                0x000014d6                __nesf2
                0x000014d6                __eqsf2
                0x000014d6                __cmpsf2
                0x000014d6                __ltsf2
                0x000014d6                __lesf2
 .text.avr-libc.fplib
                0x000014e0        0x8 c:/program files (x86)/atmel/studio/7.0/toolchain/avr8/avr8-gnu-toolchain/bin/../lib/gcc/avr/5.4.0/../../../../avr/lib/avr5\libm.a(divsf3.o)
                0x000014e0                __divsf3
 .text.avr-libc.fplib
                0x000014e8       0xdc c:/program files (x86)/atmel/studio/7.0/toolchain/avr8/avr8-gnu-toolchain/bin/../lib/gcc/avr/5.4.0/../../../../avr/lib/avr5\libm.a(divsf3x.o)
                0x00001508                __divsf3x
                0x0000150e                __divsf3_pse
 .text.avr-libc.fplib
                0x000015c4        0xe c:/program files (x86)/atmel/studio/7.0/toolchain/avr8/avr8-gnu-toolchain/bin/../lib/gcc/avr/5.4.0/../../../../avr/lib/avr5\libm.a(fixsfsi.o)
                0x000015c4                __fixsfsi
 .text.avr-libc.fplib
                0x000015d2       0x5e c:/program files (x86)/atmel/studio/7.0/toolchain/avr8/avr8-gnu-toolchain/bin/../lib/gcc/avr/5.4.0/../../../../avr/lib/avr5\libm.a(fixunssfsi.o)
                0x000015d2                __fixunssfsi
 .text.avr-libc.fplib
                0x00001630       0x7a c:/program files (x86)/atmel/studio/7.0/toolchain/avr8/avr8-gnu-toolchain/bin/../lib/gcc/avr/5.4.0/../../../../avr/lib/avr5\libm.a(floatsisf.o)
                0x00001630                __floatunsisf
                0x00001634                __floatsisf
 .text.avr-libc.fplib
                0x000016aa       0x48 c:/program files (x86)/atmel/studio/7.0/toolchain/avr8/avr8-gnu-toolchain/bin/../lib/gcc/avr/5.4.0/../../../../avr/lib/avr5\libm.a(fp_cmp.o)
                0x000016aa                __fp_cmp
 .text.avr-libc.fplib
                0x000016f2        0xc c:/program files (x86)/atmel/studio/7.0/toolchain/avr8/avr8-gnu-toolchain/bin/../lib/gcc/avr/5.4.0/../../../../avr/lib/avr5\libm.a(fp_inf.o)
                0x000016f2                __fp_inf
 .text.avr-libc.fplib
                0x000016fe        0x6 c:/program files (x86)/atmel/studio/7.0/toolchain/avr8/avr8-gnu-toolchain/bin/../lib/gcc/avr/5.4.0/../../../../avr/lib/avr5\libm.a(fp_nan.o)
                0x000016fe                __fp_nan
 .text.avr-libc.fplib
                0x00001704        0xe c:/program files (x86)/atmel/studio/7.0/toolchain/avr8/avr8-gnu-toolchain/bin/../lib/gcc/avr/5.4.0/../../../../avr/lib/avr5\libm.a(fp_pscA.o)
                0x00001704                __fp_pscA
 .text.avr-libc.fplib
                0x00001712        0xe c:/program files (x86)/atmel/studio/7.0/toolchain/avr8/avr8-gnu-toolchain/bin/../lib/gcc/avr/5.4.0/../../../../avr/lib/avr5\libm.a(fp_pscB.o)
                0x00001712                __fp_pscB
 .text.avr-libc.fplib
                0x00001720       0x22 c:/program files (x86)/atmel/studio/7.0/toolchain/avr8/avr8-gnu-toolchain/bin/../lib/gcc/avr/5.4.0/../../../../avr/lib/avr5\libm.a(fp_round.o)
                0x00001720                __fp_round
 .text.avr-libc.fplib
                0x00001742       0x44 c:/program files (x86)/atmel/studio/7.0/toolchain/avr8/avr8-gnu-toolchain/bin/../lib/gcc/avr/5.4.0/../../../../avr/lib/avr5\libm.a(fp_split3.o)
                0x00001742                __fp_split3
                0x00001752                __fp_splitA
 .text.avr-libc.fplib
                0x00001786        0xe c:/program files (x86)/atmel/studio/7.0/toolchain/avr8/avr8-gnu-toolchain/bin/../lib/gcc/avr/5.4.0/../../../../avr/lib/avr5\libm.a(fp_zero.o)
                0x00001786                __fp_zero
                0x00001788                __fp_szero
 .text.avr-libc.fplib
                0x00001794        0x8 c:/program files (x86)/atmel/studio/7.0/toolchain/avr8/avr8-gnu-toolchain/bin/../lib/gcc/avr/5.4.0/../../../../avr/lib/avr5\libm.a(mulsf3.o)
                0x00001794                __mulsf3
 .text.avr-libc.fplib
                0x0000179c       0xd2 c:/program files (x86)/atmel/studio/7.0/toolchain/avr8/avr8-gnu-toolchain/bin/../lib/gcc/avr/5.4.0/../../../../avr/lib/avr5\libm.a(mulsf3x.o)
                0x000017ba                __mulsf3x
                0x000017c0                __mulsf3_pse
 .text.avr-libc.fplib
                0x0000186e       0xa0 c:/program files (x86)/atmel/studio/7.0/toolchain/avr8/avr8-gnu-toolchain/bin/../lib/gcc/avr/5.4.0/../../../../avr/lib/avr5\libm.a(pow.o)
                0x0000186e                pow
 .text.avr-libc.fplib
                0x0000190e       0x8c c:/program files (x86)/atmel/studio/7.0/toolchain/avr8/avr8-gnu-toolchain/bin/../lib/gcc/avr/5.4.0/../../../../avr/lib/avr5\libm.a(sqrt.o)
                0x0000191a                sqrtf
                0x0000191a                sqrt
 .text.avr-libc.fplib
                0x0000199a       0x74 c:/program files (x86)/atmel/studio/7.0/toolchain/avr8/avr8-gnu-toolchain/bin/../lib/gcc/avr/5.4.0/../../../../avr/lib/avr5\libm.a(exp.o)
                0x000019aa                exp
 .text.avr-libc.fplib
                0x00001a0e       0x1c c:/program files (x86)/atmel/studio/7.0/toolchain/avr8/avr8-gnu-toolchain/bin/../lib/gcc/avr/5.4.0/../../../../avr/lib/avr5\libm.a(fp_mpack.o)
                0x00001a0e                __fp_mpack
                0x00001a12                __fp_mpack_finite
 .text.avr-libc.fplib
                0x00001a2a        0xe c:/program files (x86)/atmel/studio/7.0/toolchain/avr8/avr8-gnu-toolchain/bin/../lib/gcc/avr/5.4.0/../../../../avr/lib/avr5\libm.a(fp_norm2.o)
                0x00001a2a                __fp_norm2
 .text.avr-libc.fplib
                0x00001a38       0x4e c:/program files (x86)/atmel/studio/7.0/toolchain/avr8/avr8-gnu-toolchain/bin/../lib/gcc/avr/5.4.0/../../../../avr/lib/avr5\libm.a(fp_powser.o)
                0x00001a38                __fp_powser
 .text.avr-libc.fplib
                0x00001a86       0x10 c:/program files (x86)/atmel/studio/7.0/toolchain/avr8/avr8-gnu-toolchain/bin/../lib/gcc/avr/5.4.0/../../../../avr/lib/avr5\libm.a(inverse.o)
                0x00001a86                inverse
 .text.avr-libc.fplib
                0x00001a96       0x74 c:/program files (x86)/atmel/studio/7.0/toolchain/avr8/avr8-gnu-toolchain/bin/../lib/gcc/avr/5.4.0/../../../../avr/lib/avr5\libm.a(ldexp.o)
                0x00001a9e                ldexp
 .text.avr-libc.fplib
                0x00001b0a       0xa0 c:/program files (x86)/atmel/studio/7.0/toolchain/avr8/avr8-gnu-toolchain/bin/../lib/gcc/avr/5.4.0/../../../../avr/lib/avr5\libm.a(log.o)
                0x00001b1a                log
 .text.avr-libc.fplib
                0x00001baa       0x68 c:/program files (x86)/atmel/studio/7.0/toolchain/avr8/avr8-gnu-toolchain/bin/../lib/gcc/avr/5.4.0/../../../../avr/lib/avr5\libm.a(modf.o)
                0x00001baa                modf
                0x00001baa                modff
 .text._ZN14HardwareSerial9availableEv
                0x00001c12       0x18 C:\Users\Ethan\Documents\Atmel Studio\7.0\WaterDropper\WaterDropper\ArduinoCore\Debug\libArduinoCore.a(HardwareSerial.o)
                0x00001c12                _ZN14HardwareSerial9availableEv
 .text._ZN14HardwareSerial4peekEv
                0x00001c2a       0x1c C:\Users\Ethan\Documents\Atmel Studio\7.0\WaterDropper\WaterDropper\ArduinoCore\Debug\libArduinoCore.a(HardwareSerial.o)
                0x00001c2a                _ZN14HardwareSerial4peekEv
 .text._ZN14HardwareSerial4readEv
                0x00001c46       0x28 C:\Users\Ethan\Documents\Atmel Studio\7.0\WaterDropper\WaterDropper\ArduinoCore\Debug\libArduinoCore.a(HardwareSerial.o)
                0x00001c46                _ZN14HardwareSerial4readEv
 .text._ZN14HardwareSerial17availableForWriteEv
                0x00001c6e       0x1e C:\Users\Ethan\Documents\Atmel Studio\7.0\WaterDropper\WaterDropper\ArduinoCore\Debug\libArduinoCore.a(HardwareSerial.o)
                0x00001c6e                _ZN14HardwareSerial17availableForWriteEv
 .text._Z14serialEventRunv
                0x00001c8c       0x1c C:\Users\Ethan\Documents\Atmel Studio\7.0\WaterDropper\WaterDropper\ArduinoCore\Debug\libArduinoCore.a(HardwareSerial.o)
                0x00001c8c                _Z14serialEventRunv
 .text._ZN14HardwareSerial17_tx_udr_empty_irqEv
                0x00001ca8       0x44 C:\Users\Ethan\Documents\Atmel Studio\7.0\WaterDropper\WaterDropper\ArduinoCore\Debug\libArduinoCore.a(HardwareSerial.o)
                0x00001ca8                _ZN14HardwareSerial17_tx_udr_empty_irqEv
 .text._ZN14HardwareSerial5writeEh
                0x00001cec       0x9a C:\Users\Ethan\Documents\Atmel Studio\7.0\WaterDropper\WaterDropper\ArduinoCore\Debug\libArduinoCore.a(HardwareSerial.o)
                0x00001cec                _ZN14HardwareSerial5writeEh
 .text._ZN14HardwareSerial5flushEv
                0x00001d86       0x44 C:\Users\Ethan\Documents\Atmel Studio\7.0\WaterDropper\WaterDropper\ArduinoCore\Debug\libArduinoCore.a(HardwareSerial.o)
                0x00001d86                _ZN14HardwareSerial5flushEv
 .text._ZN14HardwareSerial5beginEmh
                0x00001dca       0xca C:\Users\Ethan\Documents\Atmel Studio\7.0\WaterDropper\WaterDropper\ArduinoCore\Debug\libArduinoCore.a(HardwareSerial.o)
                0x00001dca                _ZN14HardwareSerial5beginEmh
 .text._ZN5Print17availableForWriteEv
                0x00001e94        0x6 C:\Users\Ethan\Documents\Atmel Studio\7.0\WaterDropper\WaterDropper\ArduinoCore\Debug\libArduinoCore.a(HardwareSerial0.o)
                0x00001e94                _ZN5Print17availableForWriteEv
 .text._ZN5Print5flushEv
                0x00001e9a        0x2 C:\Users\Ethan\Documents\Atmel Studio\7.0\WaterDropper\WaterDropper\ArduinoCore\Debug\libArduinoCore.a(HardwareSerial0.o)
                0x00001e9a                _ZN5Print5flushEv
 .text.__vector_18
                0x00001e9c       0x64 C:\Users\Ethan\Documents\Atmel Studio\7.0\WaterDropper\WaterDropper\ArduinoCore\Debug\libArduinoCore.a(HardwareSerial0.o)
                0x00001e9c                __vector_18
 .text.__vector_19
                0x00001f00       0x4c C:\Users\Ethan\Documents\Atmel Studio\7.0\WaterDropper\WaterDropper\ArduinoCore\Debug\libArduinoCore.a(HardwareSerial0.o)
                0x00001f00                __vector_19
 .text._Z17Serial0_availablev
                0x00001f4c       0x14 C:\Users\Ethan\Documents\Atmel Studio\7.0\WaterDropper\WaterDropper\ArduinoCore\Debug\libArduinoCore.a(HardwareSerial0.o)
                0x00001f4c                _Z17Serial0_availablev
 .text.startup._GLOBAL__sub_I___vector_18
                0x00001f60       0x5a C:\Users\Ethan\Documents\Atmel Studio\7.0\WaterDropper\WaterDropper\ArduinoCore\Debug\libArduinoCore.a(HardwareSerial0.o)
 .text.initVariant
                0x00001fba        0x2 C:\Users\Ethan\Documents\Atmel Studio\7.0\WaterDropper\WaterDropper\ArduinoCore\Debug\libArduinoCore.a(main.o)
                0x00001fba                initVariant
 .text.startup.main
                0x00001fbc       0x1e C:\Users\Ethan\Documents\Atmel Studio\7.0\WaterDropper\WaterDropper\ArduinoCore\Debug\libArduinoCore.a(main.o)
                0x00001fbc                main
 .text._ZN5Print5writeEPKhj
                0x00001fda       0x54 C:\Users\Ethan\Documents\Atmel Studio\7.0\WaterDropper\WaterDropper\ArduinoCore\Debug\libArduinoCore.a(Print.o)
                0x00001fda                _ZN5Print5writeEPKhj
 .text._ZN5Print5writeEPKc
                0x0000202e       0x2a C:\Users\Ethan\Documents\Atmel Studio\7.0\WaterDropper\WaterDropper\ArduinoCore\Debug\libArduinoCore.a(Print.o)
                0x0000202e                _ZN5Print5writeEPKc
 .text._ZN5Print5printERK6String
                0x00002058       0x1c C:\Users\Ethan\Documents\Atmel Studio\7.0\WaterDropper\WaterDropper\ArduinoCore\Debug\libArduinoCore.a(Print.o)
                0x00002058                _ZN5Print5printERK6String
 .text._ZN5Print5printEPKc
                0x00002074        0x4 C:\Users\Ethan\Documents\Atmel Studio\7.0\WaterDropper\WaterDropper\ArduinoCore\Debug\libArduinoCore.a(Print.o)
                0x00002074                _ZN5Print5printEPKc
 .text._ZN5Print5printEc
                0x00002078        0xe C:\Users\Ethan\Documents\Atmel Studio\7.0\WaterDropper\WaterDropper\ArduinoCore\Debug\libArduinoCore.a(Print.o)
                0x00002078                _ZN5Print5printEc
 .text._ZN5Print7printlnEv
                0x00002086        0x8 C:\Users\Ethan\Documents\Atmel Studio\7.0\WaterDropper\WaterDropper\ArduinoCore\Debug\libArduinoCore.a(Print.o)
                0x00002086                _ZN5Print7printlnEv
 .text._ZN5Print7printlnEPKc
                0x0000208e       0x24 C:\Users\Ethan\Documents\Atmel Studio\7.0\WaterDropper\WaterDropper\ArduinoCore\Debug\libArduinoCore.a(Print.o)
                0x0000208e                _ZN5Print7printlnEPKc
 .text._ZN5Print11printNumberEmh
                0x000020b2       0x92 C:\Users\Ethan\Documents\Atmel Studio\7.0\WaterDropper\WaterDropper\ArduinoCore\Debug\libArduinoCore.a(Print.o)
                0x000020b2                _ZN5Print11printNumberEmh
 .text._ZN5Print5printEmi
                0x00002144       0x1a C:\Users\Ethan\Documents\Atmel Studio\7.0\WaterDropper\WaterDropper\ArduinoCore\Debug\libArduinoCore.a(Print.o)
                0x00002144                _ZN5Print5printEmi
 .text._ZN5Print7printlnEmi
                0x0000215e       0x24 C:\Users\Ethan\Documents\Atmel Studio\7.0\WaterDropper\WaterDropper\ArduinoCore\Debug\libArduinoCore.a(Print.o)
                0x0000215e                _ZN5Print7printlnEmi
 .text._ZN5Print5printEli
                0x00002182       0x90 C:\Users\Ethan\Documents\Atmel Studio\7.0\WaterDropper\WaterDropper\ArduinoCore\Debug\libArduinoCore.a(Print.o)
                0x00002182                _ZN5Print5printEli
 .text._ZN5Print5printEii
                0x00002212        0xe C:\Users\Ethan\Documents\Atmel Studio\7.0\WaterDropper\WaterDropper\ArduinoCore\Debug\libArduinoCore.a(Print.o)
                0x00002212                _ZN5Print5printEii
 .text._ZN5Print7printlnEii
                0x00002220       0x24 C:\Users\Ethan\Documents\Atmel Studio\7.0\WaterDropper\WaterDropper\ArduinoCore\Debug\libArduinoCore.a(Print.o)
                0x00002220                _ZN5Print7printlnEii
 .text.__vector_16
                0x00002244       0x94 C:\Users\Ethan\Documents\Atmel Studio\7.0\WaterDropper\WaterDropper\ArduinoCore\Debug\libArduinoCore.a(wiring.o)
                0x00002244                __vector_16
 .text.millis   0x000022d8       0x18 C:\Users\Ethan\Documents\Atmel Studio\7.0\WaterDropper\WaterDropper\ArduinoCore\Debug\libArduinoCore.a(wiring.o)
                0x000022d8                millis
 .text.micros   0x000022f0       0x4a C:\Users\Ethan\Documents\Atmel Studio\7.0\WaterDropper\WaterDropper\ArduinoCore\Debug\libArduinoCore.a(wiring.o)
                0x000022f0                micros
 .text.delay    0x0000233a       0x78 C:\Users\Ethan\Documents\Atmel Studio\7.0\WaterDropper\WaterDropper\ArduinoCore\Debug\libArduinoCore.a(wiring.o)
                0x0000233a                delay
 .text.delayMicroseconds
                0x000023b2       0x16 C:\Users\Ethan\Documents\Atmel Studio\7.0\WaterDropper\WaterDropper\ArduinoCore\Debug\libArduinoCore.a(wiring.o)
                0x000023b2                delayMicroseconds
 .text.init     0x000023c8       0x76 C:\Users\Ethan\Documents\Atmel Studio\7.0\WaterDropper\WaterDropper\ArduinoCore\Debug\libArduinoCore.a(wiring.o)
                0x000023c8                init
 .text.turnOffPWM
                0x0000243e       0x52 C:\Users\Ethan\Documents\Atmel Studio\7.0\WaterDropper\WaterDropper\ArduinoCore\Debug\libArduinoCore.a(wiring_digital.o)
 .text.pinMode  0x00002490       0x78 C:\Users\Ethan\Documents\Atmel Studio\7.0\WaterDropper\WaterDropper\ArduinoCore\Debug\libArduinoCore.a(wiring_digital.o)
                0x00002490                pinMode
 .text.digitalWrite
                0x00002508       0x5e C:\Users\Ethan\Documents\Atmel Studio\7.0\WaterDropper\WaterDropper\ArduinoCore\Debug\libArduinoCore.a(wiring_digital.o)
                0x00002508                digitalWrite
 .text.digitalRead
                0x00002566       0x52 C:\Users\Ethan\Documents\Atmel Studio\7.0\WaterDropper\WaterDropper\ArduinoCore\Debug\libArduinoCore.a(wiring_digital.o)
                0x00002566                digitalRead
 .text._ZNK6String14StringIfHelperEv
                0x000025b8        0x2 C:\Users\Ethan\Documents\Atmel Studio\7.0\WaterDropper\WaterDropper\ArduinoCore\Debug\libArduinoCore.a(WString.o)
                0x000025b8                _ZNK6String14StringIfHelperEv
 .text._ZN6StringD2Ev
                0x000025ba        0xa C:\Users\Ethan\Documents\Atmel Studio\7.0\WaterDropper\WaterDropper\ArduinoCore\Debug\libArduinoCore.a(WString.o)
                0x000025ba                _ZN6StringD2Ev
                0x000025ba                _ZN6StringD1Ev
 .text._ZN6String4moveERS_
                0x000025c4       0x7a C:\Users\Ethan\Documents\Atmel Studio\7.0\WaterDropper\WaterDropper\ArduinoCore\Debug\libArduinoCore.a(WString.o)
                0x000025c4                _ZN6String4moveERS_
 .text._ZN6StringaSEOS_
                0x0000263e       0x18 C:\Users\Ethan\Documents\Atmel Studio\7.0\WaterDropper\WaterDropper\ArduinoCore\Debug\libArduinoCore.a(WString.o)
                0x0000263e                _ZN6StringaSEOS_
 .text._ZN6IRrecvC2Ei
                0x00002656        0xa C:\Users\Ethan\Documents\Atmel Studio\7.0\WaterDropper\WaterDropper\ArduinoCore\Debug\libArduinoCore.a(irRecv.o)
                0x00002656                _ZN6IRrecvC1Ei
                0x00002656                _ZN6IRrecvC2Ei
 .text._ZN6IRrecv10enableIRInEv
                0x00002660       0x2c C:\Users\Ethan\Documents\Atmel Studio\7.0\WaterDropper\WaterDropper\ArduinoCore\Debug\libArduinoCore.a(irRecv.o)
                0x00002660                _ZN6IRrecv10enableIRInEv
 .text._ZN6IRrecv6resumeEv
                0x0000268c        0xc C:\Users\Ethan\Documents\Atmel Studio\7.0\WaterDropper\WaterDropper\ArduinoCore\Debug\libArduinoCore.a(irRecv.o)
                0x0000268c                _ZN6IRrecv6resumeEv
 .text._ZN6IRrecv7compareEjj
                0x00002698       0x96 C:\Users\Ethan\Documents\Atmel Studio\7.0\WaterDropper\WaterDropper\ArduinoCore\Debug\libArduinoCore.a(irRecv.o)
                0x00002698                _ZN6IRrecv7compareEjj
 .text._ZN6IRrecv10decodeHashEP14decode_results
                0x0000272e       0xce C:\Users\Ethan\Documents\Atmel Studio\7.0\WaterDropper\WaterDropper\ArduinoCore\Debug\libArduinoCore.a(irRecv.o)
                0x0000272e                _ZN6IRrecv10decodeHashEP14decode_results
 .text._ZN6IRrecv6decodeEP14decode_results
                0x000027fc       0xfa C:\Users\Ethan\Documents\Atmel Studio\7.0\WaterDropper\WaterDropper\ArduinoCore\Debug\libArduinoCore.a(irRecv.o)
                0x000027fc                _ZN6IRrecv6decodeEP14decode_results
 .text._Z5MATCHii
                0x000028f6       0x88 C:\Users\Ethan\Documents\Atmel Studio\7.0\WaterDropper\WaterDropper\ArduinoCore\Debug\libArduinoCore.a(IRremote.o)
                0x000028f6                _Z5MATCHii
 .text._Z10MATCH_MARKii
                0x0000297e       0x8c C:\Users\Ethan\Documents\Atmel Studio\7.0\WaterDropper\WaterDropper\ArduinoCore\Debug\libArduinoCore.a(IRremote.o)
                0x0000297e                _Z10MATCH_MARKii
 .text._Z11MATCH_SPACEii
                0x00002a0a       0x8c C:\Users\Ethan\Documents\Atmel Studio\7.0\WaterDropper\WaterDropper\ArduinoCore\Debug\libArduinoCore.a(IRremote.o)
                0x00002a0a                _Z11MATCH_SPACEii
 .text.__vector_7
                0x00002a96      0x174 C:\Users\Ethan\Documents\Atmel Studio\7.0\WaterDropper\WaterDropper\ArduinoCore\Debug\libArduinoCore.a(IRremote.o)
                0x00002a96                __vector_7
 .text._ZN6IRrecv16decodeAiwaRCT501EP14decode_results
                0x00002c0a      0x12c C:\Users\Ethan\Documents\Atmel Studio\7.0\WaterDropper\WaterDropper\ArduinoCore\Debug\libArduinoCore.a(ir_Aiwa.o)
                0x00002c0a                _ZN6IRrecv16decodeAiwaRCT501EP14decode_results
 .text._ZN6IRrecv11decodeDenonEP14decode_results
                0x00002d36       0xf4 C:\Users\Ethan\Documents\Atmel Studio\7.0\WaterDropper\WaterDropper\ArduinoCore\Debug\libArduinoCore.a(ir_Denon.o)
                0x00002d36                _ZN6IRrecv11decodeDenonEP14decode_results
 .text._ZN6IRrecv9decodeJVCEP14decode_results
                0x00002e2a      0x16e C:\Users\Ethan\Documents\Atmel Studio\7.0\WaterDropper\WaterDropper\ArduinoCore\Debug\libArduinoCore.a(ir_JVC.o)
                0x00002e2a                _ZN6IRrecv9decodeJVCEP14decode_results
 .text._ZN6IRrecv8decodeLGEP14decode_results
                0x00002f98      0x116 C:\Users\Ethan\Documents\Atmel Studio\7.0\WaterDropper\WaterDropper\ArduinoCore\Debug\libArduinoCore.a(ir_LG.o)
                0x00002f98                _ZN6IRrecv8decodeLGEP14decode_results
 .text._ZN6IRrecv16decodeMitsubishiEP14decode_results
                0x000030ae      0x12e C:\Users\Ethan\Documents\Atmel Studio\7.0\WaterDropper\WaterDropper\ArduinoCore\Debug\libArduinoCore.a(ir_Mitsubishi.o)
                0x000030ae                _ZN6IRrecv16decodeMitsubishiEP14decode_results
 .text._ZN6IRrecv9decodeNECEP14decode_results
                0x000031dc      0x13c C:\Users\Ethan\Documents\Atmel Studio\7.0\WaterDropper\WaterDropper\ArduinoCore\Debug\libArduinoCore.a(ir_NEC.o)
                0x000031dc                _ZN6IRrecv9decodeNECEP14decode_results
 .text._ZN6IRrecv15decodePanasonicEP14decode_results
                0x00003318      0x12c C:\Users\Ethan\Documents\Atmel Studio\7.0\WaterDropper\WaterDropper\ArduinoCore\Debug\libArduinoCore.a(ir_Panasonic.o)
                0x00003318                _ZN6IRrecv15decodePanasonicEP14decode_results
 .text._ZN6IRrecv10getRClevelEP14decode_resultsPiS2_i
                0x00003444       0xee C:\Users\Ethan\Documents\Atmel Studio\7.0\WaterDropper\WaterDropper\ArduinoCore\Debug\libArduinoCore.a(ir_RC5_RC6.o)
                0x00003444                _ZN6IRrecv10getRClevelEP14decode_resultsPiS2_i
 .text._ZN6IRrecv9decodeRC5EP14decode_results
                0x00003532      0x148 C:\Users\Ethan\Documents\Atmel Studio\7.0\WaterDropper\WaterDropper\ArduinoCore\Debug\libArduinoCore.a(ir_RC5_RC6.o)
                0x00003532                _ZN6IRrecv9decodeRC5EP14decode_results
 .text._ZN6IRrecv9decodeRC6EP14decode_results
                0x0000367a      0x1f6 C:\Users\Ethan\Documents\Atmel Studio\7.0\WaterDropper\WaterDropper\ArduinoCore\Debug\libArduinoCore.a(ir_RC5_RC6.o)
                0x0000367a                _ZN6IRrecv9decodeRC6EP14decode_results
 .text._ZN6IRrecv13decodeSAMSUNGEP14decode_results
                0x00003870      0x13c C:\Users\Ethan\Documents\Atmel Studio\7.0\WaterDropper\WaterDropper\ArduinoCore\Debug\libArduinoCore.a(ir_Samsung.o)
                0x00003870                _ZN6IRrecv13decodeSAMSUNGEP14decode_results
 .text._ZN6IRrecv11decodeSanyoEP14decode_results
                0x000039ac      0x14a C:\Users\Ethan\Documents\Atmel Studio\7.0\WaterDropper\WaterDropper\ArduinoCore\Debug\libArduinoCore.a(ir_Sanyo.o)
                0x000039ac                _ZN6IRrecv11decodeSanyoEP14decode_results
 .text._ZN6IRrecv10decodeSonyEP14decode_results
                0x00003af6      0x136 C:\Users\Ethan\Documents\Atmel Studio\7.0\WaterDropper\WaterDropper\ArduinoCore\Debug\libArduinoCore.a(ir_Sony.o)
                0x00003af6                _ZN6IRrecv10decodeSonyEP14decode_results
 .text._ZN6IRrecv13decodeWhynterEP14decode_results
                0x00003c2c      0x140 C:\Users\Ethan\Documents\Atmel Studio\7.0\WaterDropper\WaterDropper\ArduinoCore\Debug\libArduinoCore.a(ir_Whynter.o)
                0x00003c2c                _ZN6IRrecv13decodeWhynterEP14decode_results
 .text._ZN13LiquidCrystal11pulseEnableEv
                0x00003d6c       0x3a C:\Users\Ethan\Documents\Atmel Studio\7.0\WaterDropper\WaterDropper\ArduinoCore\Debug\libArduinoCore.a(LiquidCrystal.o)
                0x00003d6c                _ZN13LiquidCrystal11pulseEnableEv
 .text._ZN13LiquidCrystal10write4bitsEh
                0x00003da6       0x5a C:\Users\Ethan\Documents\Atmel Studio\7.0\WaterDropper\WaterDropper\ArduinoCore\Debug\libArduinoCore.a(LiquidCrystal.o)
                0x00003da6                _ZN13LiquidCrystal10write4bitsEh
 .text._ZN13LiquidCrystal10write8bitsEh
                0x00003e00       0x5a C:\Users\Ethan\Documents\Atmel Studio\7.0\WaterDropper\WaterDropper\ArduinoCore\Debug\libArduinoCore.a(LiquidCrystal.o)
                0x00003e00                _ZN13LiquidCrystal10write8bitsEh
 .text._ZN13LiquidCrystal4sendEhh
                0x00003e5a       0x52 C:\Users\Ethan\Documents\Atmel Studio\7.0\WaterDropper\WaterDropper\ArduinoCore\Debug\libArduinoCore.a(LiquidCrystal.o)
                0x00003e5a                _ZN13LiquidCrystal4sendEhh
 .text._ZN13LiquidCrystal7commandEh
                0x00003eac        0x6 C:\Users\Ethan\Documents\Atmel Studio\7.0\WaterDropper\WaterDropper\ArduinoCore\Debug\libArduinoCore.a(LiquidCrystal.o)
                0x00003eac                _ZN13LiquidCrystal7commandEh
 .text._ZN13LiquidCrystal5clearEv
                0x00003eb2        0xe C:\Users\Ethan\Documents\Atmel Studio\7.0\WaterDropper\WaterDropper\ArduinoCore\Debug\libArduinoCore.a(LiquidCrystal.o)
                0x00003eb2                _ZN13LiquidCrystal5clearEv
 .text._ZN13LiquidCrystal4homeEv
                0x00003ec0        0xe C:\Users\Ethan\Documents\Atmel Studio\7.0\WaterDropper\WaterDropper\ArduinoCore\Debug\libArduinoCore.a(LiquidCrystal.o)
                0x00003ec0                _ZN13LiquidCrystal4homeEv
 .text._ZN13LiquidCrystal9setCursorEhh
                0x00003ece       0x26 C:\Users\Ethan\Documents\Atmel Studio\7.0\WaterDropper\WaterDropper\ArduinoCore\Debug\libArduinoCore.a(LiquidCrystal.o)
                0x00003ece                _ZN13LiquidCrystal9setCursorEhh
 .text._ZN13LiquidCrystal7displayEv
                0x00003ef4       0x10 C:\Users\Ethan\Documents\Atmel Studio\7.0\WaterDropper\WaterDropper\ArduinoCore\Debug\libArduinoCore.a(LiquidCrystal.o)
                0x00003ef4                _ZN13LiquidCrystal7displayEv
 .text._ZN13LiquidCrystal5beginEhhh
                0x00003f04      0x14a C:\Users\Ethan\Documents\Atmel Studio\7.0\WaterDropper\WaterDropper\ArduinoCore\Debug\libArduinoCore.a(LiquidCrystal.o)
                0x00003f04                _ZN13LiquidCrystal5beginEhhh
 .text._ZN13LiquidCrystalC2Ehhhhhh
                0x0000404e       0x40 C:\Users\Ethan\Documents\Atmel Studio\7.0\WaterDropper\WaterDropper\ArduinoCore\Debug\libArduinoCore.a(LiquidCrystal.o)
                0x0000404e                _ZN13LiquidCrystalC1Ehhhhhh
                0x0000404e                _ZN13LiquidCrystalC2Ehhhhhh
 .text._ZN13LiquidCrystal8noCursorEv
                0x0000408e        0xe C:\Users\Ethan\Documents\Atmel Studio\7.0\WaterDropper\WaterDropper\ArduinoCore\Debug\libArduinoCore.a(LiquidCrystal.o)
                0x0000408e                _ZN13LiquidCrystal8noCursorEv
 .text._ZN13LiquidCrystal6cursorEv
                0x0000409c       0x10 C:\Users\Ethan\Documents\Atmel Studio\7.0\WaterDropper\WaterDropper\ArduinoCore\Debug\libArduinoCore.a(LiquidCrystal.o)
                0x0000409c                _ZN13LiquidCrystal6cursorEv
 .text._ZN13LiquidCrystal5writeEh
                0x000040ac        0xc C:\Users\Ethan\Documents\Atmel Studio\7.0\WaterDropper\WaterDropper\ArduinoCore\Debug\libArduinoCore.a(LiquidCrystal.o)
                0x000040ac                _ZN13LiquidCrystal5writeEh
 .text.__empty  0x000040b8        0x2 C:\Users\Ethan\Documents\Atmel Studio\7.0\WaterDropper\WaterDropper\ArduinoCore\Debug\libArduinoCore.a(hooks.o)
                0x000040b8                yield
 .text.libgcc.mul
                0x000040ba       0x20 c:/program files (x86)/atmel/studio/7.0/toolchain/avr8/avr8-gnu-toolchain/bin/../lib/gcc/avr/5.4.0/avr5\libgcc.a(_mulsi3.o)
                0x000040ba                __mulsi3
 .text.libgcc.div
                0x000040da       0x44 c:/program files (x86)/atmel/studio/7.0/toolchain/avr8/avr8-gnu-toolchain/bin/../lib/gcc/avr/5.4.0/avr5\libgcc.a(_udivmodsi4.o)
                0x000040da                __udivmodsi4
 .text.libgcc   0x0000411e        0xc c:/program files (x86)/atmel/studio/7.0/toolchain/avr8/avr8-gnu-toolchain/bin/../lib/gcc/avr/5.4.0/avr5\libgcc.a(_tablejump2.o)
                0x0000411e                __tablejump2__
 .text.libgcc.mul
                0x0000412a       0x16 c:/program files (x86)/atmel/studio/7.0/toolchain/avr8/avr8-gnu-toolchain/bin/../lib/gcc/avr/5.4.0/avr5\libgcc.a(_muluhisi3.o)
                0x0000412a                __muluhisi3
 .text.libgcc.builtins
                0x00004140       0x32 c:/program files (x86)/atmel/studio/7.0/toolchain/avr8/avr8-gnu-toolchain/bin/../lib/gcc/avr/5.4.0/avr5\libgcc.a(_ashldi3.o)
                0x00004140                __ashldi3
 .text.libgcc.builtins
                0x00004172       0x3c c:/program files (x86)/atmel/studio/7.0/toolchain/avr8/avr8-gnu-toolchain/bin/../lib/gcc/avr/5.4.0/avr5\libgcc.a(_ashrdi3.o)
                0x00004172                __ashrdi3
                0x00004176                __lshrdi3
 .text.libgcc.mul
                0x000041ae       0x1e c:/program files (x86)/atmel/studio/7.0/toolchain/avr8/avr8-gnu-toolchain/bin/../lib/gcc/avr/5.4.0/avr5\libgcc.a(_umulhisi3.o)
                0x000041ae                __umulhisi3
 .text.avr-libc
                0x000041cc      0x242 c:/program files (x86)/atmel/studio/7.0/toolchain/avr8/avr8-gnu-toolchain/bin/../lib/gcc/avr/5.4.0/../../../../avr/lib/avr5\libc.a(malloc.o)
                0x000041cc                malloc
                0x000042fc                free
 .text.avr-libc
                0x0000440e        0xe c:/program files (x86)/atmel/studio/7.0/toolchain/avr8/avr8-gnu-toolchain/bin/../lib/gcc/avr/5.4.0/../../../../avr/lib/avr5\libc.a(strcpy.o)
                0x0000440e                strcpy
                0x0000441c                . = ALIGN (0x2)
 *(.fini9)
 .fini9         0x0000441c        0x0 c:/program files (x86)/atmel/studio/7.0/toolchain/avr8/avr8-gnu-toolchain/bin/../lib/gcc/avr/5.4.0/avr5\libgcc.a(_exit.o)
                0x0000441c                _exit
                0x0000441c                exit
 *(.fini9)
 *(.fini8)
 *(.fini8)
 *(.fini7)
 *(.fini7)
 *(.fini6)
 *(.fini6)
 *(.fini5)
 *(.fini5)
 *(.fini4)
 *(.fini4)
 *(.fini3)
 *(.fini3)
 *(.fini2)
 *(.fini2)
 *(.fini1)
 *(.fini1)
 *(.fini0)
 .fini0         0x0000441c        0x4 c:/program files (x86)/atmel/studio/7.0/toolchain/avr8/avr8-gnu-toolchain/bin/../lib/gcc/avr/5.4.0/avr5\libgcc.a(_exit.o)
 *(.fini0)
                0x00004420                _etext = .

.data           0x00800100      0x120 load address 0x00004420
                0x00800100                PROVIDE (__data_start, .)
 *(.data)
 .data          0x00800100        0x6 c:/program files (x86)/atmel/studio/7.0/toolchain/avr8/avr8-gnu-toolchain/bin/../lib/gcc/avr/5.4.0/../../../../avr/lib/avr5\libc.a(malloc.o)
                0x00800100                __malloc_heap_end
                0x00800102                __malloc_heap_start
                0x00800104                __malloc_margin
 *(.data*)
 .data.numDrops
                0x00800106        0x2 Sketch.o
                0x00800106                numDrops
 *(.gnu.linkonce.d*)
 *(.rodata)
 *(.rodata*)
 .rodata.str1.1
                0x00800108       0xeb Sketch.o
 .rodata._ZTV14HardwareSerial
                0x008001f3       0x12 C:\Users\Ethan\Documents\Atmel Studio\7.0\WaterDropper\WaterDropper\ArduinoCore\Debug\libArduinoCore.a(HardwareSerial.o)
                0x008001f3                _ZTV14HardwareSerial
 .rodata.str1.1
                0x00800205        0xf C:\Users\Ethan\Documents\Atmel Studio\7.0\WaterDropper\WaterDropper\ArduinoCore\Debug\libArduinoCore.a(Print.o)
 .rodata._ZTV13LiquidCrystal
                0x00800214        0xc C:\Users\Ethan\Documents\Atmel Studio\7.0\WaterDropper\WaterDropper\ArduinoCore\Debug\libArduinoCore.a(LiquidCrystal.o)
                0x00800214                _ZTV13LiquidCrystal
 *(.gnu.linkonce.r*)
                0x00800220                . = ALIGN (0x2)
                0x00800220                _edata = .
                0x00800220                PROVIDE (__data_end, .)

.bss            0x00800220      0x1c8
                0x00800220                PROVIDE (__bss_start, .)
 *(.bss)
 *(.bss*)
 .bss.lcd       0x00800220       0x18 Sketch.o
                0x00800220                lcd
 .bss.col       0x00800238        0x2 Sketch.o
                0x00800238                col
 .bss.row       0x0080023a        0x2 Sketch.o
                0x0080023a                row
 .bss.lcdIn3    0x0080023c        0x4 Sketch.o
                0x0080023c                lcdIn3
 .bss.lcdIn2    0x00800240        0x4 Sketch.o
                0x00800240                lcdIn2
 .bss.lcdIn1    0x00800244        0x4 Sketch.o
                0x00800244                lcdIn1
 .bss.lcdIn0    0x00800248        0x4 Sketch.o
                0x00800248                lcdIn0
 .bss.results   0x0080024c        0xf Sketch.o
                0x0080024c                results
 .bss.irrecv    0x0080025b        0x1 Sketch.o
                0x0080025b                irrecv
 .bss.closeTime
                0x0080025c        0x4 Sketch.o
                0x0080025c                closeTime
 .bss.valveOpen
                0x00800260        0x1 Sketch.o
                0x00800260                valveOpen
 .bss.timeBetween
                0x00800261        0x2 Sketch.o
                0x00800261                timeBetween
 .bss.dropletSize
                0x00800263        0x2 Sketch.o
                0x00800263                dropletSize
 .bss.distTarget
                0x00800265        0x4 Sketch.o
                0x00800265                distTarget
 .bss.menu      0x00800269        0x2 Sketch.o
                0x00800269                menu
 .bss.fire      0x0080026b        0x1 Sketch.o
                0x0080026b                fire
 .bss.Serial    0x0080026c       0x9d C:\Users\Ethan\Documents\Atmel Studio\7.0\WaterDropper\WaterDropper\ArduinoCore\Debug\libArduinoCore.a(HardwareSerial0.o)
                0x0080026c                Serial
 .bss.timer0_fract
                0x00800309        0x1 C:\Users\Ethan\Documents\Atmel Studio\7.0\WaterDropper\WaterDropper\ArduinoCore\Debug\libArduinoCore.a(wiring.o)
 .bss.timer0_millis
                0x0080030a        0x4 C:\Users\Ethan\Documents\Atmel Studio\7.0\WaterDropper\WaterDropper\ArduinoCore\Debug\libArduinoCore.a(wiring.o)
                0x0080030a                timer0_millis
 .bss.timer0_overflow_count
                0x0080030e        0x4 C:\Users\Ethan\Documents\Atmel Studio\7.0\WaterDropper\WaterDropper\ArduinoCore\Debug\libArduinoCore.a(wiring.o)
                0x0080030e                timer0_overflow_count
 .bss.irparams  0x00800312       0xd2 C:\Users\Ethan\Documents\Atmel Studio\7.0\WaterDropper\WaterDropper\ArduinoCore\Debug\libArduinoCore.a(IRremote.o)
                0x00800312                irparams
 *(COMMON)
 COMMON         0x008003e4        0x4 c:/program files (x86)/atmel/studio/7.0/toolchain/avr8/avr8-gnu-toolchain/bin/../lib/gcc/avr/5.4.0/../../../../avr/lib/avr5\libc.a(malloc.o)
                0x008003e4                __brkval
                0x008003e6                __flp
                0x008003e8                PROVIDE (__bss_end, .)
                0x00004420                __data_load_start = LOADADDR (.data)
                0x00004540                __data_load_end = (__data_load_start + SIZEOF (.data))

.noinit         0x008003e8        0x0
                [!provide]                PROVIDE (__noinit_start, .)
 *(.noinit*)
                [!provide]                PROVIDE (__noinit_end, .)
                0x008003e8                _end = .
                0x008003e8                PROVIDE (__heap_start, .)

.eeprom         0x00810000        0x0
 *(.eeprom*)
                0x00810000                __eeprom_end = .

.fuse
 *(.fuse)
 *(.lfuse)
 *(.hfuse)
 *(.efuse)

.lock
 *(.lock*)

.signature
 *(.signature*)

.user_signatures
 *(.user_signatures*)

.stab
 *(.stab)

.stabstr
 *(.stabstr)

.stab.excl
 *(.stab.excl)

.stab.exclstr
 *(.stab.exclstr)

.stab.index
 *(.stab.index)

.stab.indexstr
 *(.stab.indexstr)

.comment        0x00000000       0x30
 *(.comment)
 .comment       0x00000000       0x30 Sketch.o
                                 0x31 (size before relaxing)
 .comment       0x00000030       0x31 C:\Users\Ethan\Documents\Atmel Studio\7.0\WaterDropper\WaterDropper\ArduinoCore\Debug\libArduinoCore.a(HardwareSerial.o)
 .comment       0x00000030       0x31 C:\Users\Ethan\Documents\Atmel Studio\7.0\WaterDropper\WaterDropper\ArduinoCore\Debug\libArduinoCore.a(HardwareSerial0.o)
 .comment       0x00000030       0x31 C:\Users\Ethan\Documents\Atmel Studio\7.0\WaterDropper\WaterDropper\ArduinoCore\Debug\libArduinoCore.a(main.o)
 .comment       0x00000030       0x31 C:\Users\Ethan\Documents\Atmel Studio\7.0\WaterDropper\WaterDropper\ArduinoCore\Debug\libArduinoCore.a(Print.o)
 .comment       0x00000030       0x31 C:\Users\Ethan\Documents\Atmel Studio\7.0\WaterDropper\WaterDropper\ArduinoCore\Debug\libArduinoCore.a(wiring.o)
 .comment       0x00000030       0x31 C:\Users\Ethan\Documents\Atmel Studio\7.0\WaterDropper\WaterDropper\ArduinoCore\Debug\libArduinoCore.a(wiring_digital.o)
 .comment       0x00000030       0x31 C:\Users\Ethan\Documents\Atmel Studio\7.0\WaterDropper\WaterDropper\ArduinoCore\Debug\libArduinoCore.a(WString.o)
 .comment       0x00000030       0x31 C:\Users\Ethan\Documents\Atmel Studio\7.0\WaterDropper\WaterDropper\ArduinoCore\Debug\libArduinoCore.a(irRecv.o)
 .comment       0x00000030       0x31 C:\Users\Ethan\Documents\Atmel Studio\7.0\WaterDropper\WaterDropper\ArduinoCore\Debug\libArduinoCore.a(IRremote.o)
 .comment       0x00000030       0x31 C:\Users\Ethan\Documents\Atmel Studio\7.0\WaterDropper\WaterDropper\ArduinoCore\Debug\libArduinoCore.a(ir_Aiwa.o)
 .comment       0x00000030       0x31 C:\Users\Ethan\Documents\Atmel Studio\7.0\WaterDropper\WaterDropper\ArduinoCore\Debug\libArduinoCore.a(ir_Denon.o)
 .comment       0x00000030       0x31 C:\Users\Ethan\Documents\Atmel Studio\7.0\WaterDropper\WaterDropper\ArduinoCore\Debug\libArduinoCore.a(ir_JVC.o)
 .comment       0x00000030       0x31 C:\Users\Ethan\Documents\Atmel Studio\7.0\WaterDropper\WaterDropper\ArduinoCore\Debug\libArduinoCore.a(ir_LG.o)
 .comment       0x00000030       0x31 C:\Users\Ethan\Documents\Atmel Studio\7.0\WaterDropper\WaterDropper\ArduinoCore\Debug\libArduinoCore.a(ir_Mitsubishi.o)
 .comment       0x00000030       0x31 C:\Users\Ethan\Documents\Atmel Studio\7.0\WaterDropper\WaterDropper\ArduinoCore\Debug\libArduinoCore.a(ir_NEC.o)
 .comment       0x00000030       0x31 C:\Users\Ethan\Documents\Atmel Studio\7.0\WaterDropper\WaterDropper\ArduinoCore\Debug\libArduinoCore.a(ir_Panasonic.o)
 .comment       0x00000030       0x31 C:\Users\Ethan\Documents\Atmel Studio\7.0\WaterDropper\WaterDropper\ArduinoCore\Debug\libArduinoCore.a(ir_RC5_RC6.o)
 .comment       0x00000030       0x31 C:\Users\Ethan\Documents\Atmel Studio\7.0\WaterDropper\WaterDropper\ArduinoCore\Debug\libArduinoCore.a(ir_Samsung.o)
 .comment       0x00000030       0x31 C:\Users\Ethan\Documents\Atmel Studio\7.0\WaterDropper\WaterDropper\ArduinoCore\Debug\libArduinoCore.a(ir_Sanyo.o)
 .comment       0x00000030       0x31 C:\Users\Ethan\Documents\Atmel Studio\7.0\WaterDropper\WaterDropper\ArduinoCore\Debug\libArduinoCore.a(ir_Sony.o)
 .comment       0x00000030       0x31 C:\Users\Ethan\Documents\Atmel Studio\7.0\WaterDropper\WaterDropper\ArduinoCore\Debug\libArduinoCore.a(ir_Whynter.o)
 .comment       0x00000030       0x31 C:\Users\Ethan\Documents\Atmel Studio\7.0\WaterDropper\WaterDropper\ArduinoCore\Debug\libArduinoCore.a(LiquidCrystal.o)
 .comment       0x00000030       0x31 C:\Users\Ethan\Documents\Atmel Studio\7.0\WaterDropper\WaterDropper\ArduinoCore\Debug\libArduinoCore.a(hooks.o)
 .comment       0x00000030       0x31 c:/program files (x86)/atmel/studio/7.0/toolchain/avr8/avr8-gnu-toolchain/bin/../lib/gcc/avr/5.4.0/../../../../avr/lib/avr5\libc.a(malloc.o)

.note.gnu.avr.deviceinfo
                0x00000000       0x40
 .note.gnu.avr.deviceinfo
                0x00000000       0x40 C:/Program Files (x86)/Atmel/Studio/7.0/Packs/atmel/ATmega_DFP/1.2.209/gcc/dev/atmega328p/avr5/crtatmega328p.o

.note.gnu.build-id
 *(.note.gnu.build-id)

.debug
 *(.debug)

.line
 *(.line)

.debug_srcinfo
 *(.debug_srcinfo)

.debug_sfnames
 *(.debug_sfnames)

.debug_aranges  0x00000000      0x970
 *(.debug_aranges)
 .debug_aranges
                0x00000000       0xa8 Sketch.o
 .debug_aranges
                0x000000a8       0x68 C:\Users\Ethan\Documents\Atmel Studio\7.0\WaterDropper\WaterDropper\ArduinoCore\Debug\libArduinoCore.a(HardwareSerial.o)
 .debug_aranges
                0x00000110       0x48 C:\Users\Ethan\Documents\Atmel Studio\7.0\WaterDropper\WaterDropper\ArduinoCore\Debug\libArduinoCore.a(HardwareSerial0.o)
 .debug_aranges
                0x00000158       0x30 C:\Users\Ethan\Documents\Atmel Studio\7.0\WaterDropper\WaterDropper\ArduinoCore\Debug\libArduinoCore.a(main.o)
 .debug_aranges
                0x00000188      0x100 C:\Users\Ethan\Documents\Atmel Studio\7.0\WaterDropper\WaterDropper\ArduinoCore\Debug\libArduinoCore.a(Print.o)
 .debug_aranges
                0x00000288       0x48 C:\Users\Ethan\Documents\Atmel Studio\7.0\WaterDropper\WaterDropper\ArduinoCore\Debug\libArduinoCore.a(wiring.o)
 .debug_aranges
                0x000002d0       0x38 C:\Users\Ethan\Documents\Atmel Studio\7.0\WaterDropper\WaterDropper\ArduinoCore\Debug\libArduinoCore.a(wiring_digital.o)
 .debug_aranges
                0x00000308      0x2b8 C:\Users\Ethan\Documents\Atmel Studio\7.0\WaterDropper\WaterDropper\ArduinoCore\Debug\libArduinoCore.a(WString.o)
 .debug_aranges
                0x000005c0       0x60 C:\Users\Ethan\Documents\Atmel Studio\7.0\WaterDropper\WaterDropper\ArduinoCore\Debug\libArduinoCore.a(irRecv.o)
 .debug_aranges
                0x00000620       0x38 C:\Users\Ethan\Documents\Atmel Studio\7.0\WaterDropper\WaterDropper\ArduinoCore\Debug\libArduinoCore.a(IRremote.o)
 .debug_aranges
                0x00000658       0x28 C:\Users\Ethan\Documents\Atmel Studio\7.0\WaterDropper\WaterDropper\ArduinoCore\Debug\libArduinoCore.a(ir_Aiwa.o)
 .debug_aranges
                0x00000680       0x28 C:\Users\Ethan\Documents\Atmel Studio\7.0\WaterDropper\WaterDropper\ArduinoCore\Debug\libArduinoCore.a(ir_Denon.o)
 .debug_aranges
                0x000006a8       0x28 C:\Users\Ethan\Documents\Atmel Studio\7.0\WaterDropper\WaterDropper\ArduinoCore\Debug\libArduinoCore.a(ir_JVC.o)
 .debug_aranges
                0x000006d0       0x28 C:\Users\Ethan\Documents\Atmel Studio\7.0\WaterDropper\WaterDropper\ArduinoCore\Debug\libArduinoCore.a(ir_LG.o)
 .debug_aranges
                0x000006f8       0x20 C:\Users\Ethan\Documents\Atmel Studio\7.0\WaterDropper\WaterDropper\ArduinoCore\Debug\libArduinoCore.a(ir_Mitsubishi.o)
 .debug_aranges
                0x00000718       0x28 C:\Users\Ethan\Documents\Atmel Studio\7.0\WaterDropper\WaterDropper\ArduinoCore\Debug\libArduinoCore.a(ir_NEC.o)
 .debug_aranges
                0x00000740       0x28 C:\Users\Ethan\Documents\Atmel Studio\7.0\WaterDropper\WaterDropper\ArduinoCore\Debug\libArduinoCore.a(ir_Panasonic.o)
 .debug_aranges
                0x00000768       0x40 C:\Users\Ethan\Documents\Atmel Studio\7.0\WaterDropper\WaterDropper\ArduinoCore\Debug\libArduinoCore.a(ir_RC5_RC6.o)
 .debug_aranges
                0x000007a8       0x28 C:\Users\Ethan\Documents\Atmel Studio\7.0\WaterDropper\WaterDropper\ArduinoCore\Debug\libArduinoCore.a(ir_Samsung.o)
 .debug_aranges
                0x000007d0       0x20 C:\Users\Ethan\Documents\Atmel Studio\7.0\WaterDropper\WaterDropper\ArduinoCore\Debug\libArduinoCore.a(ir_Sanyo.o)
 .debug_aranges
                0x000007f0       0x28 C:\Users\Ethan\Documents\Atmel Studio\7.0\WaterDropper\WaterDropper\ArduinoCore\Debug\libArduinoCore.a(ir_Sony.o)
 .debug_aranges
                0x00000818       0x28 C:\Users\Ethan\Documents\Atmel Studio\7.0\WaterDropper\WaterDropper\ArduinoCore\Debug\libArduinoCore.a(ir_Whynter.o)
 .debug_aranges
                0x00000840      0x110 C:\Users\Ethan\Documents\Atmel Studio\7.0\WaterDropper\WaterDropper\ArduinoCore\Debug\libArduinoCore.a(LiquidCrystal.o)
 .debug_aranges
                0x00000950       0x20 C:\Users\Ethan\Documents\Atmel Studio\7.0\WaterDropper\WaterDropper\ArduinoCore\Debug\libArduinoCore.a(hooks.o)

.debug_pubnames
 *(.debug_pubnames)

.debug_info     0x00000000    0x1a05d
 *(.debug_info .gnu.linkonce.wi.*)
 .debug_info    0x00000000      0x5f4 C:/Program Files (x86)/Atmel/Studio/7.0/Packs/atmel/ATmega_DFP/1.2.209/gcc/dev/atmega328p/avr5/crtatmega328p.o
 .debug_info    0x000005f4     0x2c6b Sketch.o
 .debug_info    0x0000325f     0x1f64 C:\Users\Ethan\Documents\Atmel Studio\7.0\WaterDropper\WaterDropper\ArduinoCore\Debug\libArduinoCore.a(HardwareSerial.o)
 .debug_info    0x000051c3     0x1b16 C:\Users\Ethan\Documents\Atmel Studio\7.0\WaterDropper\WaterDropper\ArduinoCore\Debug\libArduinoCore.a(HardwareSerial0.o)
 .debug_info    0x00006cd9      0x237 C:\Users\Ethan\Documents\Atmel Studio\7.0\WaterDropper\WaterDropper\ArduinoCore\Debug\libArduinoCore.a(main.o)
 .debug_info    0x00006f10     0x28ff C:\Users\Ethan\Documents\Atmel Studio\7.0\WaterDropper\WaterDropper\ArduinoCore\Debug\libArduinoCore.a(Print.o)
 .debug_info    0x0000980f      0x2cb C:\Users\Ethan\Documents\Atmel Studio\7.0\WaterDropper\WaterDropper\ArduinoCore\Debug\libArduinoCore.a(wiring.o)
 .debug_info    0x00009ada      0x5fe C:\Users\Ethan\Documents\Atmel Studio\7.0\WaterDropper\WaterDropper\ArduinoCore\Debug\libArduinoCore.a(wiring_digital.o)
 .debug_info    0x0000a0d8     0x4338 C:\Users\Ethan\Documents\Atmel Studio\7.0\WaterDropper\WaterDropper\ArduinoCore\Debug\libArduinoCore.a(WString.o)
 .debug_info    0x0000e410      0xb89 C:\Users\Ethan\Documents\Atmel Studio\7.0\WaterDropper\WaterDropper\ArduinoCore\Debug\libArduinoCore.a(irRecv.o)
 .debug_info    0x0000ef99      0x356 C:\Users\Ethan\Documents\Atmel Studio\7.0\WaterDropper\WaterDropper\ArduinoCore\Debug\libArduinoCore.a(IRremote.o)
 .debug_info    0x0000f2ef      0xcbd C:\Users\Ethan\Documents\Atmel Studio\7.0\WaterDropper\WaterDropper\ArduinoCore\Debug\libArduinoCore.a(ir_Aiwa.o)
 .debug_info    0x0000ffac      0xc4a C:\Users\Ethan\Documents\Atmel Studio\7.0\WaterDropper\WaterDropper\ArduinoCore\Debug\libArduinoCore.a(ir_Denon.o)
 .debug_info    0x00010bf6      0xca7 C:\Users\Ethan\Documents\Atmel Studio\7.0\WaterDropper\WaterDropper\ArduinoCore\Debug\libArduinoCore.a(ir_JVC.o)
 .debug_info    0x0001189d      0xc4b C:\Users\Ethan\Documents\Atmel Studio\7.0\WaterDropper\WaterDropper\ArduinoCore\Debug\libArduinoCore.a(ir_LG.o)
 .debug_info    0x000124e8      0x76d C:\Users\Ethan\Documents\Atmel Studio\7.0\WaterDropper\WaterDropper\ArduinoCore\Debug\libArduinoCore.a(ir_Mitsubishi.o)
 .debug_info    0x00012c55      0xc7e C:\Users\Ethan\Documents\Atmel Studio\7.0\WaterDropper\WaterDropper\ArduinoCore\Debug\libArduinoCore.a(ir_NEC.o)
 .debug_info    0x000138d3      0xbdd C:\Users\Ethan\Documents\Atmel Studio\7.0\WaterDropper\WaterDropper\ArduinoCore\Debug\libArduinoCore.a(ir_Panasonic.o)
 .debug_info    0x000144b0     0x12ef C:\Users\Ethan\Documents\Atmel Studio\7.0\WaterDropper\WaterDropper\ArduinoCore\Debug\libArduinoCore.a(ir_RC5_RC6.o)
 .debug_info    0x0001579f      0xc7e C:\Users\Ethan\Documents\Atmel Studio\7.0\WaterDropper\WaterDropper\ArduinoCore\Debug\libArduinoCore.a(ir_Samsung.o)
 .debug_info    0x0001641d      0x787 C:\Users\Ethan\Documents\Atmel Studio\7.0\WaterDropper\WaterDropper\ArduinoCore\Debug\libArduinoCore.a(ir_Sanyo.o)
 .debug_info    0x00016ba4      0xbba C:\Users\Ethan\Documents\Atmel Studio\7.0\WaterDropper\WaterDropper\ArduinoCore\Debug\libArduinoCore.a(ir_Sony.o)
 .debug_info    0x0001775e      0xce4 C:\Users\Ethan\Documents\Atmel Studio\7.0\WaterDropper\WaterDropper\ArduinoCore\Debug\libArduinoCore.a(ir_Whynter.o)
 .debug_info    0x00018442     0x1bdd C:\Users\Ethan\Documents\Atmel Studio\7.0\WaterDropper\WaterDropper\ArduinoCore\Debug\libArduinoCore.a(LiquidCrystal.o)
 .debug_info    0x0001a01f       0x3e C:\Users\Ethan\Documents\Atmel Studio\7.0\WaterDropper\WaterDropper\ArduinoCore\Debug\libArduinoCore.a(hooks.o)

.debug_abbrev   0x00000000     0x42d9
 *(.debug_abbrev)
 .debug_abbrev  0x00000000      0x5a2 C:/Program Files (x86)/Atmel/Studio/7.0/Packs/atmel/ATmega_DFP/1.2.209/gcc/dev/atmega328p/avr5/crtatmega328p.o
 .debug_abbrev  0x000005a2      0x5cb Sketch.o
 .debug_abbrev  0x00000b6d      0x4b7 C:\Users\Ethan\Documents\Atmel Studio\7.0\WaterDropper\WaterDropper\ArduinoCore\Debug\libArduinoCore.a(HardwareSerial.o)
 .debug_abbrev  0x00001024      0x3ce C:\Users\Ethan\Documents\Atmel Studio\7.0\WaterDropper\WaterDropper\ArduinoCore\Debug\libArduinoCore.a(HardwareSerial0.o)
 .debug_abbrev  0x000013f2      0x12d C:\Users\Ethan\Documents\Atmel Studio\7.0\WaterDropper\WaterDropper\ArduinoCore\Debug\libArduinoCore.a(main.o)
 .debug_abbrev  0x0000151f      0x47a C:\Users\Ethan\Documents\Atmel Studio\7.0\WaterDropper\WaterDropper\ArduinoCore\Debug\libArduinoCore.a(Print.o)
 .debug_abbrev  0x00001999      0x146 C:\Users\Ethan\Documents\Atmel Studio\7.0\WaterDropper\WaterDropper\ArduinoCore\Debug\libArduinoCore.a(wiring.o)
 .debug_abbrev  0x00001adf      0x15b C:\Users\Ethan\Documents\Atmel Studio\7.0\WaterDropper\WaterDropper\ArduinoCore\Debug\libArduinoCore.a(wiring_digital.o)
 .debug_abbrev  0x00001c3a      0x4c2 C:\Users\Ethan\Documents\Atmel Studio\7.0\WaterDropper\WaterDropper\ArduinoCore\Debug\libArduinoCore.a(WString.o)
 .debug_abbrev  0x000020fc      0x2bb C:\Users\Ethan\Documents\Atmel Studio\7.0\WaterDropper\WaterDropper\ArduinoCore\Debug\libArduinoCore.a(irRecv.o)
 .debug_abbrev  0x000023b7      0x147 C:\Users\Ethan\Documents\Atmel Studio\7.0\WaterDropper\WaterDropper\ArduinoCore\Debug\libArduinoCore.a(IRremote.o)
 .debug_abbrev  0x000024fe      0x251 C:\Users\Ethan\Documents\Atmel Studio\7.0\WaterDropper\WaterDropper\ArduinoCore\Debug\libArduinoCore.a(ir_Aiwa.o)
 .debug_abbrev  0x0000274f      0x240 C:\Users\Ethan\Documents\Atmel Studio\7.0\WaterDropper\WaterDropper\ArduinoCore\Debug\libArduinoCore.a(ir_Denon.o)
 .debug_abbrev  0x0000298f      0x240 C:\Users\Ethan\Documents\Atmel Studio\7.0\WaterDropper\WaterDropper\ArduinoCore\Debug\libArduinoCore.a(ir_JVC.o)
 .debug_abbrev  0x00002bcf      0x240 C:\Users\Ethan\Documents\Atmel Studio\7.0\WaterDropper\WaterDropper\ArduinoCore\Debug\libArduinoCore.a(ir_LG.o)
 .debug_abbrev  0x00002e0f      0x1f0 C:\Users\Ethan\Documents\Atmel Studio\7.0\WaterDropper\WaterDropper\ArduinoCore\Debug\libArduinoCore.a(ir_Mitsubishi.o)
 .debug_abbrev  0x00002fff      0x240 C:\Users\Ethan\Documents\Atmel Studio\7.0\WaterDropper\WaterDropper\ArduinoCore\Debug\libArduinoCore.a(ir_NEC.o)
 .debug_abbrev  0x0000323f      0x20d C:\Users\Ethan\Documents\Atmel Studio\7.0\WaterDropper\WaterDropper\ArduinoCore\Debug\libArduinoCore.a(ir_Panasonic.o)
 .debug_abbrev  0x0000344c      0x269 C:\Users\Ethan\Documents\Atmel Studio\7.0\WaterDropper\WaterDropper\ArduinoCore\Debug\libArduinoCore.a(ir_RC5_RC6.o)
 .debug_abbrev  0x000036b5      0x240 C:\Users\Ethan\Documents\Atmel Studio\7.0\WaterDropper\WaterDropper\ArduinoCore\Debug\libArduinoCore.a(ir_Samsung.o)
 .debug_abbrev  0x000038f5      0x1f0 C:\Users\Ethan\Documents\Atmel Studio\7.0\WaterDropper\WaterDropper\ArduinoCore\Debug\libArduinoCore.a(ir_Sanyo.o)
 .debug_abbrev  0x00003ae5      0x225 C:\Users\Ethan\Documents\Atmel Studio\7.0\WaterDropper\WaterDropper\ArduinoCore\Debug\libArduinoCore.a(ir_Sony.o)
 .debug_abbrev  0x00003d0a      0x240 C:\Users\Ethan\Documents\Atmel Studio\7.0\WaterDropper\WaterDropper\ArduinoCore\Debug\libArduinoCore.a(ir_Whynter.o)
 .debug_abbrev  0x00003f4a      0x365 C:\Users\Ethan\Documents\Atmel Studio\7.0\WaterDropper\WaterDropper\ArduinoCore\Debug\libArduinoCore.a(LiquidCrystal.o)
 .debug_abbrev  0x000042af       0x2a C:\Users\Ethan\Documents\Atmel Studio\7.0\WaterDropper\WaterDropper\ArduinoCore\Debug\libArduinoCore.a(hooks.o)

.debug_line     0x00000000     0x626e
 *(.debug_line .debug_line.* .debug_line_end)
 .debug_line    0x00000000      0x133 C:/Program Files (x86)/Atmel/Studio/7.0/Packs/atmel/ATmega_DFP/1.2.209/gcc/dev/atmega328p/avr5/crtatmega328p.o
 .debug_line    0x00000133      0xcda Sketch.o
 .debug_line    0x00000e0d      0x4d9 C:\Users\Ethan\Documents\Atmel Studio\7.0\WaterDropper\WaterDropper\ArduinoCore\Debug\libArduinoCore.a(HardwareSerial.o)
 .debug_line    0x000012e6      0x2a1 C:\Users\Ethan\Documents\Atmel Studio\7.0\WaterDropper\WaterDropper\ArduinoCore\Debug\libArduinoCore.a(HardwareSerial0.o)
 .debug_line    0x00001587      0x17a C:\Users\Ethan\Documents\Atmel Studio\7.0\WaterDropper\WaterDropper\ArduinoCore\Debug\libArduinoCore.a(main.o)
 .debug_line    0x00001701      0x69a C:\Users\Ethan\Documents\Atmel Studio\7.0\WaterDropper\WaterDropper\ArduinoCore\Debug\libArduinoCore.a(Print.o)
 .debug_line    0x00001d9b      0x2ae C:\Users\Ethan\Documents\Atmel Studio\7.0\WaterDropper\WaterDropper\ArduinoCore\Debug\libArduinoCore.a(wiring.o)
 .debug_line    0x00002049      0x267 C:\Users\Ethan\Documents\Atmel Studio\7.0\WaterDropper\WaterDropper\ArduinoCore\Debug\libArduinoCore.a(wiring_digital.o)
 .debug_line    0x000022b0     0x1355 C:\Users\Ethan\Documents\Atmel Studio\7.0\WaterDropper\WaterDropper\ArduinoCore\Debug\libArduinoCore.a(WString.o)
 .debug_line    0x00003605      0x36c C:\Users\Ethan\Documents\Atmel Studio\7.0\WaterDropper\WaterDropper\ArduinoCore\Debug\libArduinoCore.a(irRecv.o)
 .debug_line    0x00003971      0x2c8 C:\Users\Ethan\Documents\Atmel Studio\7.0\WaterDropper\WaterDropper\ArduinoCore\Debug\libArduinoCore.a(IRremote.o)
 .debug_line    0x00003c39      0x269 C:\Users\Ethan\Documents\Atmel Studio\7.0\WaterDropper\WaterDropper\ArduinoCore\Debug\libArduinoCore.a(ir_Aiwa.o)
 .debug_line    0x00003ea2      0x233 C:\Users\Ethan\Documents\Atmel Studio\7.0\WaterDropper\WaterDropper\ArduinoCore\Debug\libArduinoCore.a(ir_Denon.o)
 .debug_line    0x000040d5      0x26f C:\Users\Ethan\Documents\Atmel Studio\7.0\WaterDropper\WaterDropper\ArduinoCore\Debug\libArduinoCore.a(ir_JVC.o)
 .debug_line    0x00004344      0x22e C:\Users\Ethan\Documents\Atmel Studio\7.0\WaterDropper\WaterDropper\ArduinoCore\Debug\libArduinoCore.a(ir_LG.o)
 .debug_line    0x00004572      0x1d0 C:\Users\Ethan\Documents\Atmel Studio\7.0\WaterDropper\WaterDropper\ArduinoCore\Debug\libArduinoCore.a(ir_Mitsubishi.o)
 .debug_line    0x00004742      0x259 C:\Users\Ethan\Documents\Atmel Studio\7.0\WaterDropper\WaterDropper\ArduinoCore\Debug\libArduinoCore.a(ir_NEC.o)
 .debug_line    0x0000499b      0x238 C:\Users\Ethan\Documents\Atmel Studio\7.0\WaterDropper\WaterDropper\ArduinoCore\Debug\libArduinoCore.a(ir_Panasonic.o)
 .debug_line    0x00004bd3      0x446 C:\Users\Ethan\Documents\Atmel Studio\7.0\WaterDropper\WaterDropper\ArduinoCore\Debug\libArduinoCore.a(ir_RC5_RC6.o)
 .debug_line    0x00005019      0x25d C:\Users\Ethan\Documents\Atmel Studio\7.0\WaterDropper\WaterDropper\ArduinoCore\Debug\libArduinoCore.a(ir_Samsung.o)
 .debug_line    0x00005276      0x1e3 C:\Users\Ethan\Documents\Atmel Studio\7.0\WaterDropper\WaterDropper\ArduinoCore\Debug\libArduinoCore.a(ir_Sanyo.o)
 .debug_line    0x00005459      0x23a C:\Users\Ethan\Documents\Atmel Studio\7.0\WaterDropper\WaterDropper\ArduinoCore\Debug\libArduinoCore.a(ir_Sony.o)
 .debug_line    0x00005693      0x25d C:\Users\Ethan\Documents\Atmel Studio\7.0\WaterDropper\WaterDropper\ArduinoCore\Debug\libArduinoCore.a(ir_Whynter.o)
 .debug_line    0x000058f0      0x93d C:\Users\Ethan\Documents\Atmel Studio\7.0\WaterDropper\WaterDropper\ArduinoCore\Debug\libArduinoCore.a(LiquidCrystal.o)
 .debug_line    0x0000622d       0x41 C:\Users\Ethan\Documents\Atmel Studio\7.0\WaterDropper\WaterDropper\ArduinoCore\Debug\libArduinoCore.a(hooks.o)

.debug_frame    0x00000000     0x226c
 *(.debug_frame)
 .debug_frame   0x00000000      0x2cc Sketch.o
 .debug_frame   0x000002cc      0x110 C:\Users\Ethan\Documents\Atmel Studio\7.0\WaterDropper\WaterDropper\ArduinoCore\Debug\libArduinoCore.a(HardwareSerial.o)
 .debug_frame   0x000003dc       0xe0 C:\Users\Ethan\Documents\Atmel Studio\7.0\WaterDropper\WaterDropper\ArduinoCore\Debug\libArduinoCore.a(HardwareSerial0.o)
 .debug_frame   0x000004bc       0x54 C:\Users\Ethan\Documents\Atmel Studio\7.0\WaterDropper\WaterDropper\ArduinoCore\Debug\libArduinoCore.a(main.o)
 .debug_frame   0x00000510      0x3ac C:\Users\Ethan\Documents\Atmel Studio\7.0\WaterDropper\WaterDropper\ArduinoCore\Debug\libArduinoCore.a(Print.o)
 .debug_frame   0x000008bc       0xc4 C:\Users\Ethan\Documents\Atmel Studio\7.0\WaterDropper\WaterDropper\ArduinoCore\Debug\libArduinoCore.a(wiring.o)
 .debug_frame   0x00000980       0x7c C:\Users\Ethan\Documents\Atmel Studio\7.0\WaterDropper\WaterDropper\ArduinoCore\Debug\libArduinoCore.a(wiring_digital.o)
 .debug_frame   0x000009fc      0xa60 C:\Users\Ethan\Documents\Atmel Studio\7.0\WaterDropper\WaterDropper\ArduinoCore\Debug\libArduinoCore.a(WString.o)
 .debug_frame   0x0000145c      0x134 C:\Users\Ethan\Documents\Atmel Studio\7.0\WaterDropper\WaterDropper\ArduinoCore\Debug\libArduinoCore.a(irRecv.o)
 .debug_frame   0x00001590       0xfc C:\Users\Ethan\Documents\Atmel Studio\7.0\WaterDropper\WaterDropper\ArduinoCore\Debug\libArduinoCore.a(IRremote.o)
 .debug_frame   0x0000168c       0xa4 C:\Users\Ethan\Documents\Atmel Studio\7.0\WaterDropper\WaterDropper\ArduinoCore\Debug\libArduinoCore.a(ir_Aiwa.o)
 .debug_frame   0x00001730       0x9c C:\Users\Ethan\Documents\Atmel Studio\7.0\WaterDropper\WaterDropper\ArduinoCore\Debug\libArduinoCore.a(ir_Denon.o)
 .debug_frame   0x000017cc       0xa0 C:\Users\Ethan\Documents\Atmel Studio\7.0\WaterDropper\WaterDropper\ArduinoCore\Debug\libArduinoCore.a(ir_JVC.o)
 .debug_frame   0x0000186c       0x9c C:\Users\Ethan\Documents\Atmel Studio\7.0\WaterDropper\WaterDropper\ArduinoCore\Debug\libArduinoCore.a(ir_LG.o)
 .debug_frame   0x00001908       0x6c C:\Users\Ethan\Documents\Atmel Studio\7.0\WaterDropper\WaterDropper\ArduinoCore\Debug\libArduinoCore.a(ir_Mitsubishi.o)
 .debug_frame   0x00001974       0x9c C:\Users\Ethan\Documents\Atmel Studio\7.0\WaterDropper\WaterDropper\ArduinoCore\Debug\libArduinoCore.a(ir_NEC.o)
 .debug_frame   0x00001a10       0xcc C:\Users\Ethan\Documents\Atmel Studio\7.0\WaterDropper\WaterDropper\ArduinoCore\Debug\libArduinoCore.a(ir_Panasonic.o)
 .debug_frame   0x00001adc      0x1dc C:\Users\Ethan\Documents\Atmel Studio\7.0\WaterDropper\WaterDropper\ArduinoCore\Debug\libArduinoCore.a(ir_RC5_RC6.o)
 .debug_frame   0x00001cb8       0x9c C:\Users\Ethan\Documents\Atmel Studio\7.0\WaterDropper\WaterDropper\ArduinoCore\Debug\libArduinoCore.a(ir_Samsung.o)
 .debug_frame   0x00001d54       0x60 C:\Users\Ethan\Documents\Atmel Studio\7.0\WaterDropper\WaterDropper\ArduinoCore\Debug\libArduinoCore.a(ir_Sanyo.o)
 .debug_frame   0x00001db4       0xa4 C:\Users\Ethan\Documents\Atmel Studio\7.0\WaterDropper\WaterDropper\ArduinoCore\Debug\libArduinoCore.a(ir_Sony.o)
 .debug_frame   0x00001e58       0x9c C:\Users\Ethan\Documents\Atmel Studio\7.0\WaterDropper\WaterDropper\ArduinoCore\Debug\libArduinoCore.a(ir_Whynter.o)
 .debug_frame   0x00001ef4      0x354 C:\Users\Ethan\Documents\Atmel Studio\7.0\WaterDropper\WaterDropper\ArduinoCore\Debug\libArduinoCore.a(LiquidCrystal.o)
 .debug_frame   0x00002248       0x24 C:\Users\Ethan\Documents\Atmel Studio\7.0\WaterDropper\WaterDropper\ArduinoCore\Debug\libArduinoCore.a(hooks.o)

.debug_str      0x00000000     0x36fb
 *(.debug_str)
 .debug_str     0x00000000      0x208 C:/Program Files (x86)/Atmel/Studio/7.0/Packs/atmel/ATmega_DFP/1.2.209/gcc/dev/atmega328p/avr5/crtatmega328p.o
 .debug_str     0x00000208     0x1710 Sketch.o
                               0x1809 (size before relaxing)
 .debug_str     0x00001918      0x81c C:\Users\Ethan\Documents\Atmel Studio\7.0\WaterDropper\WaterDropper\ArduinoCore\Debug\libArduinoCore.a(HardwareSerial.o)
                               0x1616 (size before relaxing)
 .debug_str     0x00002134       0x86 C:\Users\Ethan\Documents\Atmel Studio\7.0\WaterDropper\WaterDropper\ArduinoCore\Debug\libArduinoCore.a(HardwareSerial0.o)
                               0x1409 (size before relaxing)
 .debug_str     0x000021ba       0x37 C:\Users\Ethan\Documents\Atmel Studio\7.0\WaterDropper\WaterDropper\ArduinoCore\Debug\libArduinoCore.a(main.o)
                                0x2b5 (size before relaxing)
 .debug_str     0x000021f1      0x35e C:\Users\Ethan\Documents\Atmel Studio\7.0\WaterDropper\WaterDropper\ArduinoCore\Debug\libArduinoCore.a(Print.o)
                               0x1243 (size before relaxing)
 .debug_str     0x0000254f      0x155 C:\Users\Ethan\Documents\Atmel Studio\7.0\WaterDropper\WaterDropper\ArduinoCore\Debug\libArduinoCore.a(wiring.o)
                                0x24b (size before relaxing)
 .debug_str     0x000026a4       0xcf C:\Users\Ethan\Documents\Atmel Studio\7.0\WaterDropper\WaterDropper\ArduinoCore\Debug\libArduinoCore.a(wiring_digital.o)
                                0x2b0 (size before relaxing)
 .debug_str     0x00002773      0x3fd C:\Users\Ethan\Documents\Atmel Studio\7.0\WaterDropper\WaterDropper\ArduinoCore\Debug\libArduinoCore.a(WString.o)
                               0x1196 (size before relaxing)
 .debug_str     0x00002b70       0x91 C:\Users\Ethan\Documents\Atmel Studio\7.0\WaterDropper\WaterDropper\ArduinoCore\Debug\libArduinoCore.a(irRecv.o)
                                0x7eb (size before relaxing)
 .debug_str     0x00002c01       0xb6 C:\Users\Ethan\Documents\Atmel Studio\7.0\WaterDropper\WaterDropper\ArduinoCore\Debug\libArduinoCore.a(IRremote.o)
                                0x385 (size before relaxing)
 .debug_str     0x00002cb7      0x2f2 C:\Users\Ethan\Documents\Atmel Studio\7.0\WaterDropper\WaterDropper\ArduinoCore\Debug\libArduinoCore.a(ir_Aiwa.o)
                                0xacf (size before relaxing)
 .debug_str     0x00002fa9       0x2d C:\Users\Ethan\Documents\Atmel Studio\7.0\WaterDropper\WaterDropper\ArduinoCore\Debug\libArduinoCore.a(ir_Denon.o)
                                0xad1 (size before relaxing)
 .debug_str     0x00002fd6       0x2c C:\Users\Ethan\Documents\Atmel Studio\7.0\WaterDropper\WaterDropper\ArduinoCore\Debug\libArduinoCore.a(ir_JVC.o)
                                0xad6 (size before relaxing)
 .debug_str     0x00003002       0x24 C:\Users\Ethan\Documents\Atmel Studio\7.0\WaterDropper\WaterDropper\ArduinoCore\Debug\libArduinoCore.a(ir_LG.o)
                                0xace (size before relaxing)
 .debug_str     0x00003026       0x2c C:\Users\Ethan\Documents\Atmel Studio\7.0\WaterDropper\WaterDropper\ArduinoCore\Debug\libArduinoCore.a(ir_Mitsubishi.o)
                                0x7fe (size before relaxing)
 .debug_str     0x00003052       0x25 C:\Users\Ethan\Documents\Atmel Studio\7.0\WaterDropper\WaterDropper\ArduinoCore\Debug\libArduinoCore.a(ir_NEC.o)
                                0xacf (size before relaxing)
 .debug_str     0x00003077       0x2b C:\Users\Ethan\Documents\Atmel Studio\7.0\WaterDropper\WaterDropper\ArduinoCore\Debug\libArduinoCore.a(ir_Panasonic.o)
                                0xa84 (size before relaxing)
 .debug_str     0x000030a2       0x53 C:\Users\Ethan\Documents\Atmel Studio\7.0\WaterDropper\WaterDropper\ArduinoCore\Debug\libArduinoCore.a(ir_RC5_RC6.o)
                                0xb0e (size before relaxing)
 .debug_str     0x000030f5       0x29 C:\Users\Ethan\Documents\Atmel Studio\7.0\WaterDropper\WaterDropper\ArduinoCore\Debug\libArduinoCore.a(ir_Samsung.o)
                                0xad3 (size before relaxing)
 .debug_str     0x0000311e       0x27 C:\Users\Ethan\Documents\Atmel Studio\7.0\WaterDropper\WaterDropper\ArduinoCore\Debug\libArduinoCore.a(ir_Sanyo.o)
                                0x7f9 (size before relaxing)
 .debug_str     0x00003145       0x26 C:\Users\Ethan\Documents\Atmel Studio\7.0\WaterDropper\WaterDropper\ArduinoCore\Debug\libArduinoCore.a(ir_Sony.o)
                                0xad0 (size before relaxing)
 .debug_str     0x0000316b       0x29 C:\Users\Ethan\Documents\Atmel Studio\7.0\WaterDropper\WaterDropper\ArduinoCore\Debug\libArduinoCore.a(ir_Whynter.o)
                                0xad3 (size before relaxing)
 .debug_str     0x00003194      0x54b C:\Users\Ethan\Documents\Atmel Studio\7.0\WaterDropper\WaterDropper\ArduinoCore\Debug\libArduinoCore.a(LiquidCrystal.o)
                                0x94a (size before relaxing)
 .debug_str     0x000036df       0x1c C:\Users\Ethan\Documents\Atmel Studio\7.0\WaterDropper\WaterDropper\ArduinoCore\Debug\libArduinoCore.a(hooks.o)
                                0x140 (size before relaxing)

.debug_loc      0x00000000     0xcc64
 *(.debug_loc)
 .debug_loc     0x00000000      0xfe0 Sketch.o
 .debug_loc     0x00000fe0      0x4dc C:\Users\Ethan\Documents\Atmel Studio\7.0\WaterDropper\WaterDropper\ArduinoCore\Debug\libArduinoCore.a(HardwareSerial.o)
 .debug_loc     0x000014bc      0x1b0 C:\Users\Ethan\Documents\Atmel Studio\7.0\WaterDropper\WaterDropper\ArduinoCore\Debug\libArduinoCore.a(HardwareSerial0.o)
 .debug_loc     0x0000166c     0x1c87 C:\Users\Ethan\Documents\Atmel Studio\7.0\WaterDropper\WaterDropper\ArduinoCore\Debug\libArduinoCore.a(Print.o)
 .debug_loc     0x000032f3      0x28d C:\Users\Ethan\Documents\Atmel Studio\7.0\WaterDropper\WaterDropper\ArduinoCore\Debug\libArduinoCore.a(wiring.o)
 .debug_loc     0x00003580      0x5fc C:\Users\Ethan\Documents\Atmel Studio\7.0\WaterDropper\WaterDropper\ArduinoCore\Debug\libArduinoCore.a(wiring_digital.o)
 .debug_loc     0x00003b7c     0x422d C:\Users\Ethan\Documents\Atmel Studio\7.0\WaterDropper\WaterDropper\ArduinoCore\Debug\libArduinoCore.a(WString.o)
 .debug_loc     0x00007da9      0x534 C:\Users\Ethan\Documents\Atmel Studio\7.0\WaterDropper\WaterDropper\ArduinoCore\Debug\libArduinoCore.a(irRecv.o)
 .debug_loc     0x000082dd      0x342 C:\Users\Ethan\Documents\Atmel Studio\7.0\WaterDropper\WaterDropper\ArduinoCore\Debug\libArduinoCore.a(IRremote.o)
 .debug_loc     0x0000861f      0x362 C:\Users\Ethan\Documents\Atmel Studio\7.0\WaterDropper\WaterDropper\ArduinoCore\Debug\libArduinoCore.a(ir_Aiwa.o)
 .debug_loc     0x00008981      0x308 C:\Users\Ethan\Documents\Atmel Studio\7.0\WaterDropper\WaterDropper\ArduinoCore\Debug\libArduinoCore.a(ir_Denon.o)
 .debug_loc     0x00008c89      0x34d C:\Users\Ethan\Documents\Atmel Studio\7.0\WaterDropper\WaterDropper\ArduinoCore\Debug\libArduinoCore.a(ir_JVC.o)
 .debug_loc     0x00008fd6      0x325 C:\Users\Ethan\Documents\Atmel Studio\7.0\WaterDropper\WaterDropper\ArduinoCore\Debug\libArduinoCore.a(ir_LG.o)
 .debug_loc     0x000092fb      0x20c C:\Users\Ethan\Documents\Atmel Studio\7.0\WaterDropper\WaterDropper\ArduinoCore\Debug\libArduinoCore.a(ir_Mitsubishi.o)
 .debug_loc     0x00009507      0x2ea C:\Users\Ethan\Documents\Atmel Studio\7.0\WaterDropper\WaterDropper\ArduinoCore\Debug\libArduinoCore.a(ir_NEC.o)
 .debug_loc     0x000097f1      0x405 C:\Users\Ethan\Documents\Atmel Studio\7.0\WaterDropper\WaterDropper\ArduinoCore\Debug\libArduinoCore.a(ir_Panasonic.o)
 .debug_loc     0x00009bf6      0xa9e C:\Users\Ethan\Documents\Atmel Studio\7.0\WaterDropper\WaterDropper\ArduinoCore\Debug\libArduinoCore.a(ir_RC5_RC6.o)
 .debug_loc     0x0000a694      0x2f6 C:\Users\Ethan\Documents\Atmel Studio\7.0\WaterDropper\WaterDropper\ArduinoCore\Debug\libArduinoCore.a(ir_Samsung.o)
 .debug_loc     0x0000a98a      0x1ec C:\Users\Ethan\Documents\Atmel Studio\7.0\WaterDropper\WaterDropper\ArduinoCore\Debug\libArduinoCore.a(ir_Sanyo.o)
 .debug_loc     0x0000ab76      0x343 C:\Users\Ethan\Documents\Atmel Studio\7.0\WaterDropper\WaterDropper\ArduinoCore\Debug\libArduinoCore.a(ir_Sony.o)
 .debug_loc     0x0000aeb9      0x33d C:\Users\Ethan\Documents\Atmel Studio\7.0\WaterDropper\WaterDropper\ArduinoCore\Debug\libArduinoCore.a(ir_Whynter.o)
 .debug_loc     0x0000b1f6     0x1a6e C:\Users\Ethan\Documents\Atmel Studio\7.0\WaterDropper\WaterDropper\ArduinoCore\Debug\libArduinoCore.a(LiquidCrystal.o)

.debug_macinfo
 *(.debug_macinfo)

.debug_weaknames
 *(.debug_weaknames)

.debug_funcnames
 *(.debug_funcnames)

.debug_typenames
 *(.debug_typenames)

.debug_varnames
 *(.debug_varnames)

.debug_pubtypes
 *(.debug_pubtypes)

.debug_ranges   0x00000000      0x918
 *(.debug_ranges)
 .debug_ranges  0x00000000       0xc8 Sketch.o
 .debug_ranges  0x000000c8       0x58 C:\Users\Ethan\Documents\Atmel Studio\7.0\WaterDropper\WaterDropper\ArduinoCore\Debug\libArduinoCore.a(HardwareSerial.o)
 .debug_ranges  0x00000120       0x38 C:\Users\Ethan\Documents\Atmel Studio\7.0\WaterDropper\WaterDropper\ArduinoCore\Debug\libArduinoCore.a(HardwareSerial0.o)
 .debug_ranges  0x00000158       0x20 C:\Users\Ethan\Documents\Atmel Studio\7.0\WaterDropper\WaterDropper\ArduinoCore\Debug\libArduinoCore.a(main.o)
 .debug_ranges  0x00000178      0x120 C:\Users\Ethan\Documents\Atmel Studio\7.0\WaterDropper\WaterDropper\ArduinoCore\Debug\libArduinoCore.a(Print.o)
 .debug_ranges  0x00000298       0x38 C:\Users\Ethan\Documents\Atmel Studio\7.0\WaterDropper\WaterDropper\ArduinoCore\Debug\libArduinoCore.a(wiring.o)
 .debug_ranges  0x000002d0       0x28 C:\Users\Ethan\Documents\Atmel Studio\7.0\WaterDropper\WaterDropper\ArduinoCore\Debug\libArduinoCore.a(wiring_digital.o)
 .debug_ranges  0x000002f8      0x2f8 C:\Users\Ethan\Documents\Atmel Studio\7.0\WaterDropper\WaterDropper\ArduinoCore\Debug\libArduinoCore.a(WString.o)
 .debug_ranges  0x000005f0       0x50 C:\Users\Ethan\Documents\Atmel Studio\7.0\WaterDropper\WaterDropper\ArduinoCore\Debug\libArduinoCore.a(irRecv.o)
 .debug_ranges  0x00000640       0x28 C:\Users\Ethan\Documents\Atmel Studio\7.0\WaterDropper\WaterDropper\ArduinoCore\Debug\libArduinoCore.a(IRremote.o)
 .debug_ranges  0x00000668       0x18 C:\Users\Ethan\Documents\Atmel Studio\7.0\WaterDropper\WaterDropper\ArduinoCore\Debug\libArduinoCore.a(ir_Aiwa.o)
 .debug_ranges  0x00000680       0x18 C:\Users\Ethan\Documents\Atmel Studio\7.0\WaterDropper\WaterDropper\ArduinoCore\Debug\libArduinoCore.a(ir_Denon.o)
 .debug_ranges  0x00000698       0x18 C:\Users\Ethan\Documents\Atmel Studio\7.0\WaterDropper\WaterDropper\ArduinoCore\Debug\libArduinoCore.a(ir_JVC.o)
 .debug_ranges  0x000006b0       0x18 C:\Users\Ethan\Documents\Atmel Studio\7.0\WaterDropper\WaterDropper\ArduinoCore\Debug\libArduinoCore.a(ir_LG.o)
 .debug_ranges  0x000006c8       0x10 C:\Users\Ethan\Documents\Atmel Studio\7.0\WaterDropper\WaterDropper\ArduinoCore\Debug\libArduinoCore.a(ir_Mitsubishi.o)
 .debug_ranges  0x000006d8       0x18 C:\Users\Ethan\Documents\Atmel Studio\7.0\WaterDropper\WaterDropper\ArduinoCore\Debug\libArduinoCore.a(ir_NEC.o)
 .debug_ranges  0x000006f0       0x18 C:\Users\Ethan\Documents\Atmel Studio\7.0\WaterDropper\WaterDropper\ArduinoCore\Debug\libArduinoCore.a(ir_Panasonic.o)
 .debug_ranges  0x00000708       0x30 C:\Users\Ethan\Documents\Atmel Studio\7.0\WaterDropper\WaterDropper\ArduinoCore\Debug\libArduinoCore.a(ir_RC5_RC6.o)
 .debug_ranges  0x00000738       0x18 C:\Users\Ethan\Documents\Atmel Studio\7.0\WaterDropper\WaterDropper\ArduinoCore\Debug\libArduinoCore.a(ir_Samsung.o)
 .debug_ranges  0x00000750       0x10 C:\Users\Ethan\Documents\Atmel Studio\7.0\WaterDropper\WaterDropper\ArduinoCore\Debug\libArduinoCore.a(ir_Sanyo.o)
 .debug_ranges  0x00000760       0x18 C:\Users\Ethan\Documents\Atmel Studio\7.0\WaterDropper\WaterDropper\ArduinoCore\Debug\libArduinoCore.a(ir_Sony.o)
 .debug_ranges  0x00000778       0x18 C:\Users\Ethan\Documents\Atmel Studio\7.0\WaterDropper\WaterDropper\ArduinoCore\Debug\libArduinoCore.a(ir_Whynter.o)
 .debug_ranges  0x00000790      0x178 C:\Users\Ethan\Documents\Atmel Studio\7.0\WaterDropper\WaterDropper\ArduinoCore\Debug\libArduinoCore.a(LiquidCrystal.o)
 .debug_ranges  0x00000908       0x10 C:\Users\Ethan\Documents\Atmel Studio\7.0\WaterDropper\WaterDropper\ArduinoCore\Debug\libArduinoCore.a(hooks.o)

.debug_macro
 *(.debug_macro)
OUTPUT(WaterDropper.elf elf32-avr)
LOAD linker stubs
